01-28 02:25:39.467  1328  1450 W ActivityManager: Slow operation: 398ms so far, now at startProcess: asking zygote to start proc
01-28 02:25:39.524  1328  1450 W ActivityManager: Slow operation: 455ms so far, now at startProcess: returned from zygote!
01-28 02:25:39.525  1328  1450 W ActivityManager: Slow operation: 456ms so far, now at startProcess: done updating battery stats
01-28 02:25:39.525  1328  1450 W ActivityManager: Slow operation: 457ms so far, now at startProcess: building log message
01-28 02:25:39.525  1328  1450 I ActivityManager: Start proc 2087:com.qualcomm.qti.telephonyservice/1001 for added application com.qualcomm.qti.telephonyservice
01-28 02:25:39.525  1328  1450 W ActivityManager: Slow operation: 457ms so far, now at startProcess: starting to update pids map
01-28 02:25:39.529  1328  1450 W ActivityManager: Slow operation: 460ms so far, now at startProcess: done updating pids map
01-28 02:25:39.529  1328  1450 W ActivityManager: Slow operation: 460ms so far, now at startProcess: asking zygote to start proc
01-28 02:25:39.537  1328  1328 W Looper  : Slow dispatch took 146ms main h=android.app.ActivityThread$H c=null m=114
01-28 02:25:39.542  1328  1431 I DropBoxManagerService: add tag=system_server_strictmode isTagEnabled=true flags=0x2
01-28 02:25:39.580  1910  1910 D SystemUIBootTiming: StartServicescom.android.systemui.keyguard.KeyguardViewMediator took to complete: 222ms
01-28 02:25:39.592  1328  1450 W ActivityManager: Slow operation: 522ms so far, now at startProcess: returned from zygote!
01-28 02:25:39.594  1328  1450 W ActivityManager: Slow operation: 524ms so far, now at startProcess: done updating battery stats
01-28 02:25:39.594  1328  1450 W ActivityManager: Slow operation: 525ms so far, now at startProcess: building log message
01-28 02:25:39.594  1328  1450 I ActivityManager: Start proc 2111:.qtidataservices/1001 for added application .qtidataservices
01-28 02:25:39.594  1328  1450 W ActivityManager: Slow operation: 525ms so far, now at startProcess: starting to update pids map
01-28 02:25:39.595  1328  1450 W ActivityManager: Slow operation: 525ms so far, now at startProcess: done updating pids map
01-28 02:25:39.595  1328  1450 W ActivityManager: Slow operation: 524ms so far, now at startProcess: asking zygote to start proc
01-28 02:25:39.595  1910  1910 D SystemUIBootTiming: StartServicescom.android.systemui.recents.Recents took to complete: 15ms
01-28 02:25:39.595  1328  2112 I ActivityManager: Process WebViewLoader-armeabi-v7a (pid 1970) has died: psvc PER 
01-28 02:25:39.622  1328  1450 W ActivityManager: Slow operation: 552ms so far, now at startProcess: returned from zygote!
01-28 02:25:39.623  1328  1450 W ActivityManager: Slow operation: 552ms so far, now at startProcess: done updating battery stats
01-28 02:25:39.623  1328  1450 W ActivityManager: Slow operation: 552ms so far, now at startProcess: building log message
01-28 02:25:39.623  1328  1450 I ActivityManager: Start proc 2139:com.android.phone/1001 for added application com.android.phone
01-28 02:25:39.623  1328  1450 W ActivityManager: Slow operation: 552ms so far, now at startProcess: starting to update pids map
01-28 02:25:39.623  1328  1450 W ActivityManager: Slow operation: 552ms so far, now at startProcess: done updating pids map
01-28 02:25:39.623  1328  1450 W ActivityManager: Slow operation: 306ms so far, now at startProcess: asking zygote to start proc
01-28 02:25:39.624  1328  1328 D BluetoothManagerService: Trying to bind to profile: 1, while Bluetooth was disabled
01-28 02:25:39.636  1328  2148 I Telecom : BluetoothRouteManager: getBluetoothAudioConnectedDevice: no service available.
01-28 02:25:39.665  1328  1450 W ActivityManager: Slow operation: 348ms so far, now at startProcess: returned from zygote!
01-28 02:25:39.666  1328  1450 W ActivityManager: Slow operation: 348ms so far, now at startProcess: done updating battery stats
01-28 02:25:39.666  1328  1450 W ActivityManager: Slow operation: 348ms so far, now at startProcess: building log message
01-28 02:25:39.666  1328  1450 I ActivityManager: Start proc 2178:com.android.settings/1000 for top-activity {com.android.settings/com.android.settings.FallbackHome}
01-28 02:25:39.666  1328  1450 W ActivityManager: Slow operation: 348ms so far, now at startProcess: starting to update pids map
01-28 02:25:39.666  1328  1450 W ActivityManager: Slow operation: 348ms so far, now at startProcess: done updating pids map
01-28 02:25:39.666  1328  1450 W ActivityManager: Slow operation: 73ms so far, now at startProcess: asking zygote to start proc
01-28 02:25:39.671  1328  1328 I Telecom : SystemStateHelper: Registering car mode receiver: android.content.IntentFilter@d2215dd: TS.init@AAA
01-28 02:25:39.691  1328  2193 I Telecom : Logging.Events: Non-call EVENT: AUDIO_ROUTE, Entering state QuiescentEarpieceRoute
01-28 02:25:39.692  1328  2193 I Telecom : BluetoothRouteManager: getBluetoothAudioConnectedDevice: no service available.
01-28 02:25:39.706  1328  1413 I ActivityManager: Process WebViewLoader-arm64-v8a (pid 2019) has died: psvc PER 
01-28 02:25:39.720  1328  2195 I Telecom : CallAudioModeStateMachine: Message received: null.: TS.init->CAMSM.pM_1@AAA
01-28 02:25:39.736  1328  1328 I Telecom : MissedCallNotifierImpl: reloadFromDatabase: Boot not yet complete -- call log db may not be available. Deferring loading until boot complete for user 0: TS.init@AAA
01-28 02:25:39.757  1328  1871 I ActivityTaskManager: Config changes=100 {1.15 ?mcc?mnc [zh_TW] ldltr sw375dp w375dp h679dp 460dpi nrml long port night finger -keyb/v/h -nav/h winConfig={ mBounds=Rect(0, 0 - 1080, 2160) mAppBounds=Rect(0, 0 - 1080, 2022) mWindowingMode=fullscreen mDisplayWindowingMode=fullscreen mActivityType=undefined mAlwaysOnTop=undefined mRotation=ROTATION_0} s.12}
01-28 02:25:39.762  1328  1871 I ActivityTaskManager: Override config changes=100 {1.15 ?mcc?mnc [zh_TW] ldltr sw375dp w375dp h679dp 460dpi nrml long port night finger -keyb/v/h -nav/h winConfig={ mBounds=Rect(0, 0 - 1080, 2160) mAppBounds=Rect(0, 0 - 1080, 2022) mWindowingMode=fullscreen mDisplayWindowingMode=fullscreen mActivityType=undefined mAlwaysOnTop=undefined mRotation=ROTATION_0} s.12} for displayId=0
01-28 02:25:39.774  1328  1450 W ActivityManager: Slow operation: 181ms so far, now at startProcess: returned from zygote!
01-28 02:25:39.787  1328  1871 W ActivityManager: Slow operation: 51ms so far, now at attachApplicationLocked: after mServices.attachApplicationLocked
01-28 02:25:39.788  1328  1450 W ActivityManager: Slow operation: 196ms so far, now at startProcess: done updating battery stats
01-28 02:25:39.789  1328  1450 W ActivityManager: Slow operation: 196ms so far, now at startProcess: building log message
01-28 02:25:39.789  1328  1450 I ActivityManager: Start proc 2215:com.android.launcher3/u0a96 for service {com.android.launcher3/com.android.quickstep.TouchInteractionService}
01-28 02:25:39.789  1328  1450 W ActivityManager: Slow operation: 196ms so far, now at startProcess: starting to update pids map
01-28 02:25:39.792  1328  1450 W ActivityManager: Slow operation: 199ms so far, now at startProcess: done updating pids map
01-28 02:25:39.809  1328  1328 D BluetoothManagerService: Trying to bind to profile: 1, while Bluetooth was disabled
01-28 02:25:39.819  1328  1328 I Telecom : Class: TelecomSystem.INSTANCE being set
01-28 02:25:39.820  1328  1328 W ContextImpl: Calling a method in the system process without a qualified user: android.app.ContextImpl.startService:1570 android.content.ContextWrapper.startService:669 com.android.server.telecom.components.TelecomService.initializeTelecomSystem:196 com.android.server.telecom.components.TelecomService.onBind:71 android.app.ActivityThread.handleBindService:3980 
01-28 02:25:39.825  1328  1328 W Looper  : Slow dispatch took 288ms main h=android.app.ActivityThread$H c=null m=121
01-28 02:25:39.828  1328  1328 D PackageWatchdog: Getting all observed packages pending health checks
01-28 02:25:39.828  1328  1328 I PackageWatchdog: Syncing health check requests for packages: {}
01-28 02:25:39.828  1328  1328 I ExplicitHealthCheckController: Service not ready to get health check supported packages. Binding...
01-28 02:25:39.844  1328  1328 I ExplicitHealthCheckController: Explicit health check service is bound
01-28 02:25:39.847  1328  1328 V SettingsProvider: Notifying for 0: content://settings/global/boot_count
01-28 02:25:39.871  1328  1328 E TrustManagerService: EXTRA_USER_HANDLE missing or invalid, value=0
01-28 02:25:39.876  1328  1448 I DropBoxManagerService: add tag=system_server_wtf isTagEnabled=true flags=0x2
01-28 02:25:39.877  1328  1450 I ActivityManager: Start proc 2242:android.ext.services/u0a66 for service {android.ext.services/android.ext.services.watchdog.ExplicitHealthCheckServiceImpl}
01-28 02:25:39.963  1328  1328 V NotificationListeners: enabling notification listener for 0: ComponentInfo{com.android.launcher3/com.android.launcher3.notification.NotificationListener}
01-28 02:25:39.964  1328  1328 V NotificationListeners: binding: Intent { act=android.service.notification.NotificationListenerService cmp=com.android.launcher3/.notification.NotificationListener (has extras) }
01-28 02:25:39.965  1328  1328 W ActivityManager: Unable to start service Intent { act=android.service.notification.NotificationListenerService cmp=com.android.launcher3/.notification.NotificationListener } U=0: not found
01-28 02:25:39.965  1328  1328 W NotificationListeners: Unable to bind notification listener service: Intent { act=android.service.notification.NotificationListenerService cmp=com.android.launcher3/.notification.NotificationListener (has extras) } in user 0
01-28 02:25:39.970  1328  1328 V NotificationAssistants: enabling notification assistant for 0: ComponentInfo{android.ext.services/android.ext.services.notification.Assistant}
01-28 02:25:39.971  1328  1328 V NotificationAssistants: binding: Intent { act=android.service.notification.NotificationAssistantService cmp=android.ext.services/.notification.Assistant (has extras) }
01-28 02:25:40.036  1910  1910 D SystemUIBootTiming: StartServicescom.android.systemui.volume.VolumeUI took to complete: 441ms
01-28 02:25:40.045  1328  1430 W Looper  : Slow dispatch took 561ms android.ui h=android.view.Choreographer$FrameHandler c=android.view.Choreographer$FrameDisplayEventReceiver@6a3c2ff m=0
01-28 02:25:40.046  1328  1430 W Looper  : Slow delivery took 582ms android.ui h=com.android.server.wm.DisplayPolicy$PolicyHandler c=com.android.server.wm.-$$Lambda$DisplayPolicy$qQY9m_Itua9TDy-Nk3zzDxvjEwE@95de8cc m=0
01-28 02:25:40.092  1328  1431 I DropBoxManagerService: add tag=system_app_strictmode isTagEnabled=true flags=0x2
01-28 02:25:40.116  1328  1431 I DropBoxManagerService: add tag=system_app_strictmode isTagEnabled=true flags=0x2
01-28 02:25:40.125  1328  1430 W Looper  : Drained
01-28 02:25:40.148  1328  1328 W Looper  : Slow dispatch took 162ms main h=android.app.ActivityThread$H c=android.app.-$$Lambda$LoadedApk$ReceiverDispatcher$Args$_BumDX2UKsnxLVrE6UJsJZkotuA@202dbe2 m=0
01-28 02:25:40.179  1910  1910 D SystemUIBootTiming: StartServicescom.android.systemui.stackdivider.Divider took to complete: 142ms
01-28 02:25:40.188  1328  1432 W KeyguardServiceDelegate: onScreenTurningOn(): no keyguard service!
01-28 02:25:40.203  1328  1429 D UsbDeviceManager: push notification: USB 
01-28 02:25:40.262  1328  1328 D ConditionProviders.SCP: onSubscribe condition://android/schedule?days=1.2.3.4.5.6.7&start=22.0&end=7.0&exitAtAlarm=true
01-28 02:25:40.263  1328  1328 D ConditionProviders.SCP: setRegistered true
01-28 02:25:40.274  1328  1328 D ConditionProviders.SCP: evaluateSubscriptionLocked cal=ScheduleCalendar[mDays={1, 2, 3, 4, 5, 6, 7}, mSchedule=ScheduleInfo{days=[1, 2, 3, 4, 5, 6, 7], startHour=22, startMinute=0, endHour=7, endMinute=0, exitAtAlarm=true, nextAlarm=Thu Jan 01 08:00:00 GMT+08:00 1970 (0)}], now=Thu Jan 28 02:25:40 GMT+08:00 2021 (1611771940263), nextUserAlarmTime=Thu Jan 01 08:00:00 GMT+08:00 1970 (0)
01-28 02:25:40.274  1328  1328 D ConditionProviders.SCP: notifyCondition condition://android/schedule?days=1.2.3.4.5.6.7&start=22.0&end=7.0&exitAtAlarm=true STATE_TRUE reason=meetsSchedule
01-28 02:25:40.276  1328  1328 D ConditionProviders.SCP: Scheduling evaluate for Thu Jan 28 07:00:00 GMT+08:00 2021 (1611788400000), in +4h34m19s737ms, now=Thu Jan 28 02:25:40 GMT+08:00 2021 (1611771940263)
01-28 02:25:40.278  1328  1856 E ActivityThread: Failed to find provider info for com.android.calendar
01-28 02:25:40.278  1328  1856 E ActivityThread: Failed to find provider info for com.android.calendar
01-28 02:25:40.284  1328  1328 I Telecom : WiredHeadsetManager: ACTION_HEADSET_PLUG event, plugged in: false, : WHC.oADA@AAE
01-28 02:25:40.286  1328  1432 W UsageStatsService: Event reported without a package name, eventType:17
01-28 02:25:40.286  1328  1414 D ActivityTaskManager: Top Process State changed to PROCESS_STATE_TOP_SLEEPING
01-28 02:25:40.309  1328  2298 D ConnectivityService: requestNetwork for uid/pid:10099/1910 NetworkRequest [ TRACK_DEFAULT id=13, [ Capabilities: INTERNET&NOT_RESTRICTED&TRUSTED Uid: 10099] ]
01-28 02:25:40.320  1328  1328 I AutofillManagerService: Updating for user 0: disabled=false
01-28 02:25:40.323  1328  1328 I ExplicitHealthCheckController: Explicit health check service is connected ComponentInfo{android.ext.services/android.ext.services.watchdog.ExplicitHealthCheckServiceImpl}
01-28 02:25:40.329  1328  1328 I ExplicitHealthCheckController: Service initialized, syncing requests
01-28 02:25:40.336  1328  1328 V NotificationAssistants: 0 notification assistant service connected: ComponentInfo{android.ext.services/android.ext.services.notification.Assistant}
01-28 02:25:40.340  1328  1328 D PackageWatchdog: Getting all observed packages pending health checks
01-28 02:25:40.341  1328  1328 I PackageWatchdog: Syncing health check requests for packages: {}
01-28 02:25:40.341  1328  1328 D ExplicitHealthCheckController: Getting health check supported packages
01-28 02:25:40.341  1328  1328 W Looper  : Drained
01-28 02:25:40.345  1328  2298 I ExplicitHealthCheckController: Explicit health check supported packages [PackageConfig{com.android.networkstack, 3600000}]
01-28 02:25:40.345  1328  2298 D PackageWatchdog: Received supported packages [PackageConfig{com.android.networkstack, 3600000}]
01-28 02:25:40.346  1328  2298 D ExplicitHealthCheckController: Getting health check requested packages
01-28 02:25:40.354  1328  2298 I ExplicitHealthCheckController: Explicit health check requested packages []
01-28 02:25:40.354  1328  2298 I ExplicitHealthCheckController: No more health check requests, unbinding...
01-28 02:25:40.358  1328  2298 I ExplicitHealthCheckController: Explicit health check service is unbound
01-28 02:25:40.378  1328  1431 I DropBoxManagerService: add tag=system_app_strictmode isTagEnabled=true flags=0x2
01-28 02:25:40.389  1328  1431 I DropBoxManagerService: add tag=system_app_strictmode isTagEnabled=true flags=0x2
01-28 02:25:40.438  1328  1455 E BatteryExternalStatsWorker: no controller energy info supplied for telephony
01-28 02:25:40.475  1328  1450 I ActivityManager: Start proc 2368:com.qualcomm.qcrilmsgtunnel/1001 for service {com.qualcomm.qcrilmsgtunnel/com.qualcomm.qcrilmsgtunnel.QcrilMsgTunnelService}
01-28 02:25:40.519  1328  1414 I StatusBarManagerService: registerStatusBar bar=com.android.internal.statusbar.IStatusBar$Stub$Proxy@7b49321
01-28 02:25:40.669  1575  1575 I imsrcsd : RCS not supported
01-28 02:25:40.879  2139  2139 E SystemConfig: SystemConfig is being accessed by a process other than system_server.
01-28 02:25:40.891  1328  2429 I DropBoxManagerService: add tag=system_app_wtf isTagEnabled=true flags=0x2
01-28 02:25:41.022  2139  2139 W SystemConfig: No directory /product_services/etc/sysconfig, skipping
01-28 02:25:41.022  2139  2139 W SystemConfig: No directory /product_services/etc/permissions, skipping
01-28 02:25:41.060  1328  1848 D ConnectivityService: Got NetworkFactory Messenger for PhoneSwitcherNetworkRequstListener
01-28 02:25:41.074  1910  1910 D SystemUIBootTiming: StartServicescom.android.systemui.SystemBars took to complete: 895ms
01-28 02:25:41.075  1328  1848 D ConnectivityService: Got NetworkFactory Messenger for TelephonyNetworkFactory[0]
01-28 02:25:41.076  1328  1848 D ConnectivityService: Got NetworkFactory Messenger for TelephonyNetworkFactory[1]
01-28 02:25:41.084  1910  2377 E ActivityThread: Failed to find provider info for com.android.contacts
01-28 02:25:41.084  1910  1910 D SystemUIBootTiming: StartServicescom.android.systemui.usb.StorageNotification took to complete: 11ms
01-28 02:25:41.099  1910  1910 D SystemUIBootTiming: StartServicescom.android.systemui.power.PowerUI took to complete: 14ms
01-28 02:25:41.102  1910  1910 D SystemUIBootTiming: StartServicescom.android.systemui.media.RingtonePlayer took to complete: 3ms
01-28 02:25:41.104  1910  1910 D SystemUIBootTiming: StartServicescom.android.systemui.keyboard.KeyboardUI took to complete: 3ms
01-28 02:25:41.120  2139  2440 E ActivityThread: Failed to find provider info for com.android.contacts
01-28 02:25:41.123  1328  1414 D BluetoothManagerService: Trying to bind to profile: 1, while Bluetooth was disabled
01-28 02:25:41.124  1910  1910 D SystemUIBootTiming: StartServicescom.android.systemui.pip.PipUI took to complete: 20ms
01-28 02:25:41.126  1910  1910 D SystemUIBootTiming: StartServicescom.android.systemui.shortcut.ShortcutKeyDispatcher took to complete: 1ms
01-28 02:25:41.126  1910  1910 D SystemUIBootTiming: StartServicescom.android.systemui.VendorServices took to complete: 0ms
01-28 02:25:41.131  1910  1910 D SystemUIBootTiming: StartServicescom.android.systemui.util.leak.GarbageMonitor$Service took to complete: 4ms
01-28 02:25:41.132  1910  1910 D SystemUIBootTiming: StartServicescom.android.systemui.LatencyTester took to complete: 1ms
01-28 02:25:41.135  1910  1910 D SystemUIBootTiming: StartServicescom.android.systemui.globalactions.GlobalActionsComponent took to complete: 3ms
01-28 02:25:41.141  1910  1910 D SystemUIBootTiming: StartServicescom.android.systemui.ScreenDecorations took to complete: 6ms
01-28 02:25:41.142  1910  1910 D SystemUIBootTiming: StartServicescom.android.systemui.biometrics.BiometricDialogImpl took to complete: 1ms
01-28 02:25:41.143  1910  1910 D SystemUIBootTiming: StartServicescom.android.systemui.biometrics.FODCircleViewImpl took to complete: 1ms
01-28 02:25:41.144  1910  1910 D SystemUIBootTiming: StartServicescom.android.systemui.SliceBroadcastRelayHandler took to complete: 2ms
01-28 02:25:41.145  1910  1910 D SystemUIBootTiming: StartServicescom.android.systemui.SizeCompatModeActivityController took to complete: 0ms
01-28 02:25:41.152  1910  1910 D SystemUIBootTiming: StartServicescom.android.systemui.statusbar.notification.InstantAppNotifier took to complete: 7ms
01-28 02:25:41.171  1910  1910 D SystemUIBootTiming: StartServicescom.android.systemui.theme.ThemeOverlayController took to complete: 19ms
01-28 02:25:41.192  1910  1910 D SystemUIBootTiming: StartServices took to complete: 1845ms
01-28 02:25:41.317  1328  1450 I ActivityManager: Start proc 2457:com.android.cellbroadcastreceiver/u0a61 for broadcast {com.android.cellbroadcastreceiver/com.android.cellbroadcastreceiver.CellBroadcastReceiver}
01-28 02:25:41.507  1910  2056 E ActivityThread: Failed to find provider info for com.android.contacts
01-28 02:25:41.580  1910  2056 E ActivityThread: Failed to find provider info for com.android.contacts
01-28 02:25:41.763  1328  2278 D ConnectivityService: requestNetwork for uid/pid:1001/2139 NetworkRequest [ TRACK_DEFAULT id=17, [ Capabilities: INTERNET&NOT_RESTRICTED&TRUSTED Uid: 1001] ]
01-28 02:25:41.854  2139  2139 I TelecomFramework: : onSubscriptionsChanged - update accounts
01-28 02:25:41.854  2139  2139 I TelecomFramework: TelecomAccountRegistry: setupAccounts: Found 2 phones.  Attempting to register.
01-28 02:25:41.854  2139  2139 I TelecomFramework: TelecomAccountRegistry: setupAccounts: Phone with subscription id -1
01-28 02:25:41.854  2139  2139 I TelecomFramework: TelecomAccountRegistry: setupAccounts: Phone with subscription id -1
01-28 02:25:41.854  2139  2139 I TelecomFramework: TelecomAccountRegistry: setupAccounts: adding default
01-28 02:25:41.865  1328  1905 I Telecom : PhoneAccountRegistrar: New phone account registered: [[ ] PhoneAccount: ComponentInfo{com.android.phone/com.android.services.telephony.TelephonyConnectionService}, ***, UserHandle{0} Capabilities: SuppVideo CallProvider MultiUser PlaceEmerg SimSub  Audio Routes: BESW Schemes: tel voicemail  Extras: Bundle[{android.telecom.extra.SUPPORTS_VIDEO_CALLING_FALLBACK=true}] GroupId: ***]: TSI.rPA@AAo
01-28 02:25:41.874  1328  1905 I Telecom : CallsManager: Sending phone-account ComponentInfo{com.android.phone/com.android.services.telephony.TelephonyConnectionService}, ***, UserHandle{0} registered intent as user: TSI.rPA@AAo
01-28 02:25:41.885  1328  1905 I Telecom : CallsManager: Sending phone-account registered intent to default dialer: TSI.rPA@AAo
01-28 02:25:41.886  2139  2139 I TelecomFramework: AccountEntry: Registered phoneAccount: [[ ] PhoneAccount: ComponentInfo{com.android.phone/com.android.services.telephony.TelephonyConnectionService}, ***, UserHandle{0} Capabilities: SuppVideo CallProvider MultiUser PlaceEmerg SimSub  Audio Routes: BESW Schemes: tel voicemail  Extras: Bundle[{android.telecom.extra.SUPPORTS_VIDEO_CALLING_FALLBACK=true}] GroupId: ***] with handle: ComponentInfo{com.android.phone/com.android.services.telephony.TelephonyConnectionService}, ***, UserHandle{0}
01-28 02:25:41.886  2139  2139 I TelecomFramework: PstnIncomingCallNotifier: Registering: Handler (com.qualcomm.qti.internal.telephony.QtiGsmCdmaPhone) {e495f4e}
01-28 02:25:41.888  2139  2139 I TelecomFramework: TelecomAccountRegistry: Unregistering phone account ComponentInfo{com.android.phone/com.android.services.telephony.TelephonyConnectionService}, ***, UserHandle{0}.
01-28 02:25:41.894  1328  1905 I Telecom : CallsManager: Sending phone-account ComponentInfo{com.android.phone/com.android.services.telephony.TelephonyConnectionService}, ***, UserHandle{0} unregistered intent as user: TSI.uPA@AAw
01-28 02:25:41.895  1328  1905 I Telecom : CallsManager: Sending phone-account unregistered intent to default dialer: TSI.uPA@AAw
01-28 02:25:41.896  2139  2139 I TelecomFramework: TelecomAccountRegistry: Unregistering phone account ComponentInfo{com.android.phone/com.android.services.telephony.TelephonyConnectionService}, ***, UserHandle{0}.
01-28 02:25:41.900  1328  1905 I Telecom : CallsManager: Sending phone-account ComponentInfo{com.android.phone/com.android.services.telephony.TelephonyConnectionService}, ***, UserHandle{0} unregistered intent as user: TSI.uPA@AA0
01-28 02:25:41.900  1328  1905 I Telecom : CallsManager: Sending phone-account unregistered intent to default dialer: TSI.uPA@AA0
01-28 02:25:41.908  1328  1905 I WifiService: WifiService trying to set country code to 
01-28 02:25:41.986  2139  2139 I TelecomFramework: : onSubscriptionsChanged - update accounts
01-28 02:25:41.987  2139  2139 I TelecomFramework: PstnIncomingCallNotifier: Unregistering: Handler (com.qualcomm.qti.internal.telephony.QtiGsmCdmaPhone) {e495f4e}
01-28 02:25:41.987  2139  2139 I TelecomFramework: TelecomAccountRegistry: setupAccounts: Found 2 phones.  Attempting to register.
01-28 02:25:41.987  2139  2139 I TelecomFramework: TelecomAccountRegistry: setupAccounts: Phone with subscription id -1
01-28 02:25:41.987  2139  2139 I TelecomFramework: TelecomAccountRegistry: setupAccounts: Phone with subscription id -1
01-28 02:25:41.987  2139  2139 I TelecomFramework: TelecomAccountRegistry: setupAccounts: adding default
01-28 02:25:42.013  1328  1413 I Telecom : PhoneAccountRegistrar: Modify account: [ComponentInfo{com.android.phone/com.android.services.telephony.TelephonyConnectionService}, ***, UserHandle{0}]: TSI.rPA@AA8
01-28 02:25:42.016  1328  1413 I Telecom : CallsManager: handlePhoneAccountChanged: phoneAccount=[[X] PhoneAccount: ComponentInfo{com.android.phone/com.android.services.telephony.TelephonyConnectionService}, ***, UserHandle{0} Capabilities: SuppVideo CallProvider MultiUser PlaceEmerg SimSub  Audio Routes: BESW Schemes: tel voicemail  Extras: Bundle[{android.telecom.extra.SUPPORTS_VIDEO_CALLING_FALLBACK=true}] GroupId: ***]: TSI.rPA@AA8
01-28 02:25:42.019  2139  2139 I TelecomFramework: AccountEntry: Registered phoneAccount: [[ ] PhoneAccount: ComponentInfo{com.android.phone/com.android.services.telephony.TelephonyConnectionService}, ***, UserHandle{0} Capabilities: SuppVideo CallProvider MultiUser PlaceEmerg SimSub  Audio Routes: BESW Schemes: tel voicemail  Extras: Bundle[{android.telecom.extra.SUPPORTS_VIDEO_CALLING_FALLBACK=true}] GroupId: ***] with handle: ComponentInfo{com.android.phone/com.android.services.telephony.TelephonyConnectionService}, ***, UserHandle{0}
01-28 02:25:42.019  2139  2139 I TelecomFramework: PstnIncomingCallNotifier: Registering: Handler (com.qualcomm.qti.internal.telephony.QtiGsmCdmaPhone) {e495f4e}
01-28 02:25:42.033  1328  1905 I WifiService: WifiService trying to set country code to 
01-28 02:25:42.303  1328  1328 V SettingsProvider: Notifying for 0: content://settings/secure/reminder_exp_learning_time_elapsed
01-28 02:25:42.463  2139  2139 I TelecomFramework: PstnPhoneCapabilitiesNotifier: handleVideoCapabilitesChanged. Video capability - false
01-28 02:25:42.471  2139  2139 I TelecomFramework: PstnPhoneCapabilitiesNotifier: handleVideoCapabilitesChanged. Video capability - false
01-28 02:25:42.484  1328  1413 I Telecom : PhoneAccountRegistrar: Modify account: [ComponentInfo{com.android.phone/com.android.services.telephony.TelephonyConnectionService}, ***, UserHandle{0}]: TSI.rPA@ABI
01-28 02:25:42.493  1328  1413 I Telecom : CallsManager: handlePhoneAccountChanged: phoneAccount=[[X] PhoneAccount: ComponentInfo{com.android.phone/com.android.services.telephony.TelephonyConnectionService}, ***, UserHandle{0} Capabilities: SuppVideo CallProvider MultiUser PlaceEmerg SimSub  Audio Routes: BESW Schemes: tel voicemail  Extras: Bundle[{android.telecom.extra.SUPPORTS_VIDEO_CALLING_FALLBACK=true}] GroupId: ***]: TSI.rPA@ABI
01-28 02:25:42.768  1328  1328 V SettingsProvider: Notifying for 0: content://settings/secure/reminder_exp_learning_time_elapsed
01-28 02:25:42.781  1328  2551 I DropBoxManagerService: add tag=system_app_wtf isTagEnabled=true flags=0x2
01-28 02:25:42.814  1328  1413 V FingerprintService: mDaemon was null, reconnect to fingerprint
01-28 02:25:42.816  1328  1413 W FingerprintService: fingerprint HIDL not available
01-28 02:25:42.831  1328  2278 V FingerprintService: mDaemon was null, reconnect to fingerprint
01-28 02:25:42.834  1328  2278 W FingerprintService: fingerprint HIDL not available
01-28 02:25:42.836  1328  2278 V FingerprintService: mDaemon was null, reconnect to fingerprint
01-28 02:25:42.838  1328  2278 W FingerprintService: fingerprint HIDL not available
01-28 02:25:42.978  1328  1413 V FingerprintService: mDaemon was null, reconnect to fingerprint
01-28 02:25:42.981  1328  1413 W FingerprintService: fingerprint HIDL not available
01-28 02:25:42.984  1328  2112 V FingerprintService: mDaemon was null, reconnect to fingerprint
01-28 02:25:42.986  1328  2112 W FingerprintService: fingerprint HIDL not available
01-28 02:25:42.997  2139  2139 D MccTable: updateMccMncConfiguration mccmnc='
01-28 02:25:43.451  2139  2139 I TelecomFramework: : onSubscriptionsChanged - update accounts
01-28 02:25:43.451  2139  2139 I TelecomFramework: PstnIncomingCallNotifier: Unregistering: Handler (com.qualcomm.qti.internal.telephony.QtiGsmCdmaPhone) {e495f4e}
01-28 02:25:43.451  2139  2139 I TelecomFramework: TelecomAccountRegistry: setupAccounts: Found 2 phones.  Attempting to register.
01-28 02:25:43.451  2139  2139 I TelecomFramework: TelecomAccountRegistry: setupAccounts: Phone with subscription id 1
01-28 02:25:43.469  1328  2298 I Telecom : PhoneAccountRegistrar: New phone account registered: [[ ] PhoneAccount: ComponentInfo{com.android.phone/com.android.services.telephony.TelephonyConnectionService}, ***, UserHandle{0} Capabilities: SuppVideo CallProvider MultiUser PlaceEmerg SimSub  Audio Routes: BESW Schemes: tel voicemail  Extras: Bundle[{android.telecom.extra.SUPPORTS_VIDEO_CALLING_FALLBACK=true, android.telecom.extra.SORT_ORDER=0}] GroupId: ***]: TSI.rPA@ABU
01-28 02:25:43.475  1328  2298 I Telecom : CallsManager: Sending phone-account ComponentInfo{com.android.phone/com.android.services.telephony.TelephonyConnectionService}, ***, UserHandle{0} registered intent as user: TSI.rPA@ABU
01-28 02:25:43.475  1328  2298 I Telecom : CallsManager: Sending phone-account registered intent to default dialer: TSI.rPA@ABU
01-28 02:25:43.476  2139  2139 I TelecomFramework: AccountEntry: Registered phoneAccount: [[ ] PhoneAccount: ComponentInfo{com.android.phone/com.android.services.telephony.TelephonyConnectionService}, ***, UserHandle{0} Capabilities: SuppVideo CallProvider MultiUser PlaceEmerg SimSub  Audio Routes: BESW Schemes: tel voicemail  Extras: Bundle[{android.telecom.extra.SUPPORTS_VIDEO_CALLING_FALLBACK=true, android.telecom.extra.SORT_ORDER=0}] GroupId: ***] with handle: ComponentInfo{com.android.phone/com.android.services.telephony.TelephonyConnectionService}, ***, UserHandle{0}
01-28 02:25:43.476  2139  2139 I TelecomFramework: PstnIncomingCallNotifier: Registering: Handler (com.qualcomm.qti.internal.telephony.QtiGsmCdmaPhone) {e495f4e}
01-28 02:25:43.479  2139  2139 W TelecomFramework: AccountEntry: registerMmTelCapabilityCallback: registration failed, no ImsService available. Exception: CapabilityCallbackManager - MmTelFeature binder is dead. (code: 1)
01-28 02:25:43.479  2139  2139 I TelecomFramework: TelecomAccountRegistry: setupAccounts: Phone with subscription id 2
01-28 02:25:43.494  1328  2112 I Telecom : PhoneAccountRegistrar: New phone account registered: [[ ] PhoneAccount: ComponentInfo{com.android.phone/com.android.services.telephony.TelephonyConnectionService}, ***, UserHandle{0} Capabilities: SuppVideo CallProvider MultiUser PlaceEmerg SimSub  Audio Routes: BESW Schemes: tel voicemail  Extras: Bundle[{android.telecom.extra.SUPPORTS_VIDEO_CALLING_FALLBACK=true, android.telecom.extra.SORT_ORDER=1}] GroupId: ***]: TSI.rPA@ABY
01-28 02:25:43.502  1328  2112 I Telecom : CallsManager: Sending phone-account ComponentInfo{com.android.phone/com.android.services.telephony.TelephonyConnectionService}, ***, UserHandle{0} registered intent as user: TSI.rPA@ABY
01-28 02:25:43.502  1328  2112 I Telecom : CallsManager: Sending phone-account registered intent to default dialer: TSI.rPA@ABY
01-28 02:25:43.503  2139  2139 I TelecomFramework: AccountEntry: Registered phoneAccount: [[ ] PhoneAccount: ComponentInfo{com.android.phone/com.android.services.telephony.TelephonyConnectionService}, ***, UserHandle{0} Capabilities: SuppVideo CallProvider MultiUser PlaceEmerg SimSub  Audio Routes: BESW Schemes: tel voicemail  Extras: Bundle[{android.telecom.extra.SUPPORTS_VIDEO_CALLING_FALLBACK=true, android.telecom.extra.SORT_ORDER=1}] GroupId: ***] with handle: ComponentInfo{com.android.phone/com.android.services.telephony.TelephonyConnectionService}, ***, UserHandle{0}
01-28 02:25:43.503  2139  2139 I TelecomFramework: PstnIncomingCallNotifier: Registering: Handler (com.qualcomm.qti.internal.telephony.QtiGsmCdmaPhone) {49b886f}
01-28 02:25:43.507  2139  2139 W TelecomFramework: AccountEntry: registerMmTelCapabilityCallback: registration failed, no ImsService available. Exception: CapabilityCallbackManager - MmTelFeature binder is dead. (code: 1)
01-28 02:25:43.509  2139  2139 I TelecomFramework: TelecomAccountRegistry: Unregistering phone account ComponentInfo{com.android.phone/com.android.services.telephony.TelephonyConnectionService}, ***, UserHandle{0}.
01-28 02:25:43.516  1328  2112 I Telecom : CallsManager: Sending phone-account ComponentInfo{com.android.phone/com.android.services.telephony.TelephonyConnectionService}, ***, UserHandle{0} unregistered intent as user: TSI.uPA@ABg
01-28 02:25:43.516  1328  2112 I Telecom : CallsManager: Sending phone-account unregistered intent to default dialer: TSI.uPA@ABg
01-28 02:25:43.677  2139  2139 I TelecomFramework: : onSubscriptionsChanged - update accounts
01-28 02:25:43.677  2139  2139 I TelecomFramework: PstnIncomingCallNotifier: Unregistering: Handler (com.qualcomm.qti.internal.telephony.QtiGsmCdmaPhone) {e495f4e}
01-28 02:25:43.685  2139  2139 I TelecomFramework: PstnIncomingCallNotifier: Unregistering: Handler (com.qualcomm.qti.internal.telephony.QtiGsmCdmaPhone) {49b886f}
01-28 02:25:43.689  2139  2139 I TelecomFramework: TelecomAccountRegistry: setupAccounts: Found 2 phones.  Attempting to register.
01-28 02:25:43.690  2139  2139 I TelecomFramework: TelecomAccountRegistry: setupAccounts: Phone with subscription id 1
01-28 02:25:43.720  1328  2112 I Telecom : PhoneAccountRegistrar: Modify account: [ComponentInfo{com.android.phone/com.android.services.telephony.TelephonyConnectionService}, ***, UserHandle{0}]: TSI.rPA@ABo
01-28 02:25:43.735  1328  2112 I Telecom : CallsManager: handlePhoneAccountChanged: phoneAccount=[[X] PhoneAccount: ComponentInfo{com.android.phone/com.android.services.telephony.TelephonyConnectionService}, ***, UserHandle{0} Capabilities: SuppVideo CallProvider MultiUser PlaceEmerg SimSub  Audio Routes: BESW Schemes: tel voicemail  Extras: Bundle[{android.telecom.extra.SUPPORTS_VIDEO_CALLING_FALLBACK=true, android.telecom.extra.SORT_ORDER=0}] GroupId: ***]: TSI.rPA@ABo
01-28 02:25:43.736  2139  2139 I TelecomFramework: AccountEntry: Registered phoneAccount: [[ ] PhoneAccount: ComponentInfo{com.android.phone/com.android.services.telephony.TelephonyConnectionService}, ***, UserHandle{0} Capabilities: SuppVideo CallProvider MultiUser PlaceEmerg SimSub  Audio Routes: BESW Schemes: tel voicemail  Extras: Bundle[{android.telecom.extra.SUPPORTS_VIDEO_CALLING_FALLBACK=true, android.telecom.extra.SORT_ORDER=0}] GroupId: ***] with handle: ComponentInfo{com.android.phone/com.android.services.telephony.TelephonyConnectionService}, ***, UserHandle{0}
01-28 02:25:43.736  2139  2139 I TelecomFramework: PstnIncomingCallNotifier: Registering: Handler (com.qualcomm.qti.internal.telephony.QtiGsmCdmaPhone) {e495f4e}
01-28 02:25:43.739  2139  2139 W TelecomFramework: AccountEntry: registerMmTelCapabilityCallback: registration failed, no ImsService available. Exception: CapabilityCallbackManager - MmTelFeature binder is dead. (code: 1)
01-28 02:25:43.739  2139  2139 I TelecomFramework: TelecomAccountRegistry: setupAccounts: Phone with subscription id 2
01-28 02:25:43.763  1328  1413 I Telecom : PhoneAccountRegistrar: Modify account: [ComponentInfo{com.android.phone/com.android.services.telephony.TelephonyConnectionService}, ***, UserHandle{0}]: TSI.rPA@ABs
01-28 02:25:43.777  1328  1413 I Telecom : CallsManager: handlePhoneAccountChanged: phoneAccount=[[X] PhoneAccount: ComponentInfo{com.android.phone/com.android.services.telephony.TelephonyConnectionService}, ***, UserHandle{0} Capabilities: SuppVideo CallProvider MultiUser PlaceEmerg SimSub  Audio Routes: BESW Schemes: tel voicemail  Extras: Bundle[{android.telecom.extra.SUPPORTS_VIDEO_CALLING_FALLBACK=true, android.telecom.extra.SORT_ORDER=1}] GroupId: ***]: TSI.rPA@ABs
01-28 02:25:43.778  2139  2139 I TelecomFramework: AccountEntry: Registered phoneAccount: [[ ] PhoneAccount: ComponentInfo{com.android.phone/com.android.services.telephony.TelephonyConnectionService}, ***, UserHandle{0} Capabilities: SuppVideo CallProvider MultiUser PlaceEmerg SimSub  Audio Routes: BESW Schemes: tel voicemail  Extras: Bundle[{android.telecom.extra.SUPPORTS_VIDEO_CALLING_FALLBACK=true, android.telecom.extra.SORT_ORDER=1}] GroupId: ***] with handle: ComponentInfo{com.android.phone/com.android.services.telephony.TelephonyConnectionService}, ***, UserHandle{0}
01-28 02:25:43.778  2139  2139 I TelecomFramework: PstnIncomingCallNotifier: Registering: Handler (com.qualcomm.qti.internal.telephony.QtiGsmCdmaPhone) {49b886f}
01-28 02:25:43.782  2139  2139 W TelecomFramework: AccountEntry: registerMmTelCapabilityCallback: registration failed, no ImsService available. Exception: CapabilityCallbackManager - MmTelFeature binder is dead. (code: 1)
01-28 02:25:43.810  2139  2139 I chatty  : uid=1001(radio) com.android.phone identical 1 line
01-28 02:25:43.816  2139  2139 W TelecomFramework: AccountEntry: registerMmTelCapabilityCallback: registration failed, no ImsService available. Exception: CapabilityCallbackManager - MmTelFeature binder is dead. (code: 1)
01-28 02:25:43.824  2139  2139 I TelecomFramework: : onSubscriptionsChanged - update accounts
01-28 02:25:43.825  2139  2139 I TelecomFramework: PstnIncomingCallNotifier: Unregistering: Handler (com.qualcomm.qti.internal.telephony.QtiGsmCdmaPhone) {e495f4e}
01-28 02:25:43.827  2139  2139 I TelecomFramework: PstnIncomingCallNotifier: Unregistering: Handler (com.qualcomm.qti.internal.telephony.QtiGsmCdmaPhone) {49b886f}
01-28 02:25:43.829  2139  2139 I TelecomFramework: TelecomAccountRegistry: setupAccounts: Found 2 phones.  Attempting to register.
01-28 02:25:43.829  2139  2139 I TelecomFramework: TelecomAccountRegistry: setupAccounts: Phone with subscription id 1
01-28 02:25:43.849  1328  1413 I Telecom : PhoneAccountRegistrar: Modify account: [ComponentInfo{com.android.phone/com.android.services.telephony.TelephonyConnectionService}, ***, UserHandle{0}]: TSI.rPA@AB4
01-28 02:25:43.864  1328  1413 I Telecom : CallsManager: handlePhoneAccountChanged: phoneAccount=[[X] PhoneAccount: ComponentInfo{com.android.phone/com.android.services.telephony.TelephonyConnectionService}, ***, UserHandle{0} Capabilities: SuppVideo CallProvider MultiUser PlaceEmerg SimSub  Audio Routes: BESW Schemes: tel voicemail  Extras: Bundle[{android.telecom.extra.SUPPORTS_VIDEO_CALLING_FALLBACK=true, android.telecom.extra.SORT_ORDER=0}] GroupId: ***]: TSI.rPA@AB4
01-28 02:25:43.865  2139  2139 I TelecomFramework: AccountEntry: Registered phoneAccount: [[ ] PhoneAccount: ComponentInfo{com.android.phone/com.android.services.telephony.TelephonyConnectionService}, ***, UserHandle{0} Capabilities: SuppVideo CallProvider MultiUser PlaceEmerg SimSub  Audio Routes: BESW Schemes: tel voicemail  Extras: Bundle[{android.telecom.extra.SUPPORTS_VIDEO_CALLING_FALLBACK=true, android.telecom.extra.SORT_ORDER=0}] GroupId: ***] with handle: ComponentInfo{com.android.phone/com.android.services.telephony.TelephonyConnectionService}, ***, UserHandle{0}
01-28 02:25:43.865  2139  2139 I TelecomFramework: PstnIncomingCallNotifier: Registering: Handler (com.qualcomm.qti.internal.telephony.QtiGsmCdmaPhone) {e495f4e}
01-28 02:25:43.869  2139  2139 W TelecomFramework: AccountEntry: registerMmTelCapabilityCallback: registration failed, no ImsService available. Exception: CapabilityCallbackManager - MmTelFeature binder is dead. (code: 1)
01-28 02:25:43.869  2139  2139 I TelecomFramework: TelecomAccountRegistry: setupAccounts: Phone with subscription id 2
01-28 02:25:43.898  1328  1413 I Telecom : PhoneAccountRegistrar: Modify account: [ComponentInfo{com.android.phone/com.android.services.telephony.TelephonyConnectionService}, ***, UserHandle{0}]: TSI.rPA@AB8
01-28 02:25:43.913  1328  1413 I Telecom : CallsManager: handlePhoneAccountChanged: phoneAccount=[[X] PhoneAccount: ComponentInfo{com.android.phone/com.android.services.telephony.TelephonyConnectionService}, ***, UserHandle{0} Capabilities: SuppVideo CallProvider MultiUser PlaceEmerg SimSub  Audio Routes: BESW Schemes: tel voicemail  Extras: Bundle[{android.telecom.extra.SUPPORTS_VIDEO_CALLING_FALLBACK=true, android.telecom.extra.SORT_ORDER=1}] GroupId: ***]: TSI.rPA@AB8
01-28 02:25:43.914  2139  2139 I TelecomFramework: AccountEntry: Registered phoneAccount: [[ ] PhoneAccount: ComponentInfo{com.android.phone/com.android.services.telephony.TelephonyConnectionService}, ***, UserHandle{0} Capabilities: SuppVideo CallProvider MultiUser PlaceEmerg SimSub  Audio Routes: BESW Schemes: tel voicemail  Extras: Bundle[{android.telecom.extra.SUPPORTS_VIDEO_CALLING_FALLBACK=true, android.telecom.extra.SORT_ORDER=1}] GroupId: ***] with handle: ComponentInfo{com.android.phone/com.android.services.telephony.TelephonyConnectionService}, ***, UserHandle{0}
01-28 02:25:43.914  2139  2139 I TelecomFramework: PstnIncomingCallNotifier: Registering: Handler (com.qualcomm.qti.internal.telephony.QtiGsmCdmaPhone) {49b886f}
01-28 02:25:43.922  2139  2139 W TelecomFramework: AccountEntry: registerMmTelCapabilityCallback: registration failed, no ImsService available. Exception: CapabilityCallbackManager - MmTelFeature binder is dead. (code: 1)
01-28 02:25:43.946  2139  2139 I TelecomFramework: : onSubscriptionsChanged - update accounts
01-28 02:25:43.947  2139  2139 I TelecomFramework: PstnIncomingCallNotifier: Unregistering: Handler (com.qualcomm.qti.internal.telephony.QtiGsmCdmaPhone) {e495f4e}
01-28 02:25:43.948  2139  2139 I TelecomFramework: PstnIncomingCallNotifier: Unregistering: Handler (com.qualcomm.qti.internal.telephony.QtiGsmCdmaPhone) {49b886f}
01-28 02:25:43.950  2139  2139 I TelecomFramework: TelecomAccountRegistry: setupAccounts: Found 2 phones.  Attempting to register.
01-28 02:25:43.950  2139  2139 I TelecomFramework: TelecomAccountRegistry: setupAccounts: Phone with subscription id 1
01-28 02:25:43.965  1328  1413 I Telecom : PhoneAccountRegistrar: Modify account: [ComponentInfo{com.android.phone/com.android.services.telephony.TelephonyConnectionService}, ***, UserHandle{0}]: TSI.rPA@ACI
01-28 02:25:43.979  1328  1413 I Telecom : CallsManager: handlePhoneAccountChanged: phoneAccount=[[X] PhoneAccount: ComponentInfo{com.android.phone/com.android.services.telephony.TelephonyConnectionService}, ***, UserHandle{0} Capabilities: SuppVideo CallProvider MultiUser PlaceEmerg SimSub  Audio Routes: BESW Schemes: tel voicemail  Extras: Bundle[{android.telecom.extra.SUPPORTS_VIDEO_CALLING_FALLBACK=true, android.telecom.extra.SORT_ORDER=0}] GroupId: ***]: TSI.rPA@ACI
01-28 02:25:43.980  2139  2139 I TelecomFramework: AccountEntry: Registered phoneAccount: [[ ] PhoneAccount: ComponentInfo{com.android.phone/com.android.services.telephony.TelephonyConnectionService}, ***, UserHandle{0} Capabilities: SuppVideo CallProvider MultiUser PlaceEmerg SimSub  Audio Routes: BESW Schemes: tel voicemail  Extras: Bundle[{android.telecom.extra.SUPPORTS_VIDEO_CALLING_FALLBACK=true, android.telecom.extra.SORT_ORDER=0}] GroupId: ***] with handle: ComponentInfo{com.android.phone/com.android.services.telephony.TelephonyConnectionService}, ***, UserHandle{0}
01-28 02:25:43.980  2139  2139 I TelecomFramework: PstnIncomingCallNotifier: Registering: Handler (com.qualcomm.qti.internal.telephony.QtiGsmCdmaPhone) {e495f4e}
01-28 02:25:43.982  2139  2139 W TelecomFramework: AccountEntry: registerMmTelCapabilityCallback: registration failed, no ImsService available. Exception: CapabilityCallbackManager - MmTelFeature binder is dead. (code: 1)
01-28 02:25:43.982  2139  2139 I TelecomFramework: TelecomAccountRegistry: setupAccounts: Phone with subscription id 2
01-28 02:25:43.999  1328  1413 I Telecom : PhoneAccountRegistrar: Modify account: [ComponentInfo{com.android.phone/com.android.services.telephony.TelephonyConnectionService}, ***, UserHandle{0}]: TSI.rPA@ACM
01-28 02:25:44.014  1328  1413 I Telecom : CallsManager: handlePhoneAccountChanged: phoneAccount=[[X] PhoneAccount: ComponentInfo{com.android.phone/com.android.services.telephony.TelephonyConnectionService}, ***, UserHandle{0} Capabilities: SuppVideo CallProvider MultiUser PlaceEmerg SimSub  Audio Routes: BESW Schemes: tel voicemail  Extras: Bundle[{android.telecom.extra.SUPPORTS_VIDEO_CALLING_FALLBACK=true, android.telecom.extra.SORT_ORDER=1}] GroupId: ***]: TSI.rPA@ACM
01-28 02:25:44.015  2139  2139 I TelecomFramework: AccountEntry: Registered phoneAccount: [[ ] PhoneAccount: ComponentInfo{com.android.phone/com.android.services.telephony.TelephonyConnectionService}, ***, UserHandle{0} Capabilities: SuppVideo CallProvider MultiUser PlaceEmerg SimSub  Audio Routes: BESW Schemes: tel voicemail  Extras: Bundle[{android.telecom.extra.SUPPORTS_VIDEO_CALLING_FALLBACK=true, android.telecom.extra.SORT_ORDER=1}] GroupId: ***] with handle: ComponentInfo{com.android.phone/com.android.services.telephony.TelephonyConnectionService}, ***, UserHandle{0}
01-28 02:25:44.015  2139  2139 I TelecomFramework: PstnIncomingCallNotifier: Registering: Handler (com.qualcomm.qti.internal.telephony.QtiGsmCdmaPhone) {49b886f}
01-28 02:25:44.019  2139  2139 W TelecomFramework: AccountEntry: registerMmTelCapabilityCallback: registration failed, no ImsService available. Exception: CapabilityCallbackManager - MmTelFeature binder is dead. (code: 1)
01-28 02:25:44.064  2139  2139 I TelecomFramework: : onSubscriptionsChanged - update accounts
01-28 02:25:44.064  2139  2139 I TelecomFramework: PstnIncomingCallNotifier: Unregistering: Handler (com.qualcomm.qti.internal.telephony.QtiGsmCdmaPhone) {e495f4e}
01-28 02:25:44.066  2139  2139 I TelecomFramework: PstnIncomingCallNotifier: Unregistering: Handler (com.qualcomm.qti.internal.telephony.QtiGsmCdmaPhone) {49b886f}
01-28 02:25:44.068  2139  2139 I TelecomFramework: TelecomAccountRegistry: setupAccounts: Found 2 phones.  Attempting to register.
01-28 02:25:44.068  2139  2139 I TelecomFramework: TelecomAccountRegistry: setupAccounts: Phone with subscription id 1
01-28 02:25:44.099  1328  1413 I Telecom : PhoneAccountRegistrar: Modify account: [ComponentInfo{com.android.phone/com.android.services.telephony.TelephonyConnectionService}, ***, UserHandle{0}]: TSI.rPA@ACY
01-28 02:25:44.105  1328  1413 I Telecom : CallsManager: handlePhoneAccountChanged: phoneAccount=[[X] PhoneAccount: ComponentInfo{com.android.phone/com.android.services.telephony.TelephonyConnectionService}, ***, UserHandle{0} Capabilities: SuppVideo CallProvider MultiUser PlaceEmerg SimSub  Audio Routes: BESW Schemes: tel voicemail  Extras: Bundle[{android.telecom.extra.SUPPORTS_VIDEO_CALLING_FALLBACK=true, android.telecom.extra.SORT_ORDER=0}] GroupId: ***]: TSI.rPA@ACY
01-28 02:25:44.106  2139  2139 I TelecomFramework: AccountEntry: Registered phoneAccount: [[ ] PhoneAccount: ComponentInfo{com.android.phone/com.android.services.telephony.TelephonyConnectionService}, ***, UserHandle{0} Capabilities: SuppVideo CallProvider MultiUser PlaceEmerg SimSub  Audio Routes: BESW Schemes: tel voicemail  Extras: Bundle[{android.telecom.extra.SUPPORTS_VIDEO_CALLING_FALLBACK=true, android.telecom.extra.SORT_ORDER=0}] GroupId: ***] with handle: ComponentInfo{com.android.phone/com.android.services.telephony.TelephonyConnectionService}, ***, UserHandle{0}
01-28 02:25:44.106  2139  2139 I TelecomFramework: PstnIncomingCallNotifier: Registering: Handler (com.qualcomm.qti.internal.telephony.QtiGsmCdmaPhone) {e495f4e}
01-28 02:25:44.110  2139  2139 W TelecomFramework: AccountEntry: registerMmTelCapabilityCallback: registration failed, no ImsService available. Exception: CapabilityCallbackManager - MmTelFeature binder is dead. (code: 1)
01-28 02:25:44.110  2139  2139 I TelecomFramework: TelecomAccountRegistry: setupAccounts: Phone with subscription id 2
01-28 02:25:44.129  1328  1413 I Telecom : PhoneAccountRegistrar: Modify account: [ComponentInfo{com.android.phone/com.android.services.telephony.TelephonyConnectionService}, ***, UserHandle{0}]: TSI.rPA@ACc
01-28 02:25:44.144  1328  1413 I Telecom : CallsManager: handlePhoneAccountChanged: phoneAccount=[[X] PhoneAccount: ComponentInfo{com.android.phone/com.android.services.telephony.TelephonyConnectionService}, ***, UserHandle{0} Capabilities: SuppVideo CallProvider MultiUser PlaceEmerg SimSub  Audio Routes: BESW Schemes: tel voicemail  Extras: Bundle[{android.telecom.extra.SUPPORTS_VIDEO_CALLING_FALLBACK=true, android.telecom.extra.SORT_ORDER=1}] GroupId: ***]: TSI.rPA@ACc
01-28 02:25:44.145  2139  2139 I TelecomFramework: AccountEntry: Registered phoneAccount: [[ ] PhoneAccount: ComponentInfo{com.android.phone/com.android.services.telephony.TelephonyConnectionService}, ***, UserHandle{0} Capabilities: SuppVideo CallProvider MultiUser PlaceEmerg SimSub  Audio Routes: BESW Schemes: tel voicemail  Extras: Bundle[{android.telecom.extra.SUPPORTS_VIDEO_CALLING_FALLBACK=true, android.telecom.extra.SORT_ORDER=1}] GroupId: ***] with handle: ComponentInfo{com.android.phone/com.android.services.telephony.TelephonyConnectionService}, ***, UserHandle{0}
01-28 02:25:44.146  2139  2139 I TelecomFramework: PstnIncomingCallNotifier: Registering: Handler (com.qualcomm.qti.internal.telephony.QtiGsmCdmaPhone) {49b886f}
01-28 02:25:44.148  2139  2139 W TelecomFramework: AccountEntry: registerMmTelCapabilityCallback: registration failed, no ImsService available. Exception: CapabilityCallbackManager - MmTelFeature binder is dead. (code: 1)
01-28 02:25:44.168  2139  2139 I TelecomFramework: : onSubscriptionsChanged - update accounts
01-28 02:25:44.168  2139  2139 I TelecomFramework: PstnIncomingCallNotifier: Unregistering: Handler (com.qualcomm.qti.internal.telephony.QtiGsmCdmaPhone) {e495f4e}
01-28 02:25:44.170  2139  2139 I TelecomFramework: PstnIncomingCallNotifier: Unregistering: Handler (com.qualcomm.qti.internal.telephony.QtiGsmCdmaPhone) {49b886f}
01-28 02:25:44.172  2139  2139 I TelecomFramework: TelecomAccountRegistry: setupAccounts: Found 2 phones.  Attempting to register.
01-28 02:25:44.173  2139  2139 I TelecomFramework: TelecomAccountRegistry: setupAccounts: Phone with subscription id 1
01-28 02:25:44.190  1328  1413 I Telecom : PhoneAccountRegistrar: Modify account: [ComponentInfo{com.android.phone/com.android.services.telephony.TelephonyConnectionService}, ***, UserHandle{0}]: TSI.rPA@ACo
