01-28 02:25:49.938   670  2854 D msm8974_platform: platform_split_snd_device: snd_device(2) num devices(0) new_snd_devices(0)
01-28 02:25:49.938   670  2854 D audio_hw_primary: enable_snd_device: snd_device(2: speaker)
01-28 02:25:49.938   670  2854 I soundtrigger: audio_extn_sound_trigger_update_device_status: device 0x2 of type 0 for Event 1, with Raise=0
01-28 02:25:49.938   670  2854 D audio_route: Apply path: speaker
01-28 02:25:49.940   670  2854 I audio_hw_utils: audio_extn_utils_update_stream_output_app_type_cfg Allowing 24 and above bits playback on speaker ONLY at default sampling rate
01-28 02:25:49.940   670  2854 D audio_hw_primary: audio_is_true_native_stream_active:napb: (0) (low-latency-playback)id (1) sr 48000 bw (16) device speaker
01-28 02:25:49.940   670  2854 E soundtrigger: audio_extn_sound_trigger_update_stream_status: invalid input device 0x0, for event 3
01-28 02:25:49.940   670  2854 D soundtrigger: audio_extn_sound_trigger_update_stream_status: uc_info->id 1 of type 0 for Event 3, with Raise=0
01-28 02:25:49.940   670  2854 D audio_hw_utils: audio_extn_utils_send_app_type_cfg: usecase->out_snd_device speaker
01-28 02:25:49.940   670  2854 D msm8974_platform: platform_split_snd_device: snd_device(2) num devices(0) new_snd_devices(0)
01-28 02:25:49.941   670  2854 D audio_hw_utils: audio_extn_btsco_get_sample_rate:Not a BT SCO device, need not update sampling rate
01-28 02:25:49.941   670  2854 I audio_hw_utils: send_app_type_cfg_for_device PLAYBACK app_type 69937, acdb_dev_id 15, sample_rate 48000, snd_device_be_idx 41
01-28 02:25:49.942   670  2854 D msm8974_platform: platform_split_snd_device: snd_device(2) num devices(1) new_snd_devices(0)
01-28 02:25:49.942   670  2854 D audio_hw_utils: audio_extn_btsco_get_sample_rate:Not a BT SCO device, need not update sampling rate
01-28 02:25:49.942   670  2854 D ACDB-LOADER: ACDB -> send_audio_cal, acdb_id = 15, path = 0, app id = 0x11131, sample rate = 48000
01-28 02:25:49.942   670  2854 D ACDB-LOADER: ACDB -> send_asm_topology
01-28 02:25:49.942   670  2854 D ACDB-LOADER: ACDB -> ACDB_CMD_GET_AUDPROC_STREAM_TOPOLOGY_ID
01-28 02:25:49.942   670  2854 D ACDB-LOADER: ACDB -> send_adm_topology
01-28 02:25:49.942   670  2854 D ACDB-LOADER: ACDB -> ACDB_CMD_GET_AUDPROC_COMMON_TOPOLOGY_ID
01-28 02:25:49.942   670  2854 D ACDB-LOADER: ACDB -> send_audtable
01-28 02:25:49.942   670  2854 D ACDB-LOADER: ACDB -> ACDB_CMD_GET_AUDPROC_COMMON_TABLE_SIZE
01-28 02:25:49.942   670  2854 D ACDB-LOADER: ACDB -> ACDB_CMD_GET_AUDPROC_COMMON_TABLE
01-28 02:25:49.942   670  2854 D ACDB-LOADER: ACDB -> AUDIO_SET_AUDPROC_CAL
01-28 02:25:49.942   670  2854 D ACDB-LOADER: ACDB -> send_audvoltable
01-28 02:25:49.942   670  2854 D ACDB-LOADER: ACDB -> ACDB_CMD_GET_AUDPROC_VOL_STEP_TABLE_SIZE
01-28 02:25:49.942   670  2854 D ACDB-LOADER: ACDB -> ACDB_CMD_GET_AUDPROC_GAIN_DEP_STEP_TABLE, vol index 0
01-28 02:25:49.942   670  2854 D ACDB-LOADER: ACDB -> AUDIO_SET_VOL_CAL cal type = 12
01-28 02:25:49.942   670  2854 D ACDB-LOADER: ACDB -> ACDB_CMD_GET_AUDPROC_STREAM_TABLE_SIZE
01-28 02:25:49.942   670  2854 D ACDB-LOADER: ACDB -> send_audstrmtable
01-28 02:25:49.942   670  2854 D ACDB-LOADER: ACDB -> ACDB_CMD_GET_AUDPROC_STREAM_TABLE_V2
01-28 02:25:49.942   670  2854 D ACDB-LOADER: ACDB -> audstrm_cal->cal_type.cal_data.cal_size = 16
01-28 02:25:49.942   670  2854 D ACDB-LOADER: ACDB -> send_afe_topology
01-28 02:25:49.942   670  2854 D ACDB-LOADER: ACDB -> ACDB_CMD_GET_AFE_TOPOLOGY_ID
01-28 02:25:49.942   670  2854 D ACDB-LOADER: ACDB -> GET_AFE_TOPOLOGY_ID for adcd_id 15, Topology Id 1025e
01-28 02:25:49.942   670  2854 D ACDB-LOADER: ACDB -> send_afe_cal
01-28 02:25:49.942   670  2854 D ACDB-LOADER: ACDB -> ACDB_CMD_GET_AFE_COMMON_TABLE_SIZE
01-28 02:25:49.942   670  2854 D ACDB-LOADER: ACDB -> ACDB_CMD_GET_AFE_COMMON_TABLE
01-28 02:25:49.942   670  2854 D ACDB-LOADER: ACDB -> AUDIO_SET_AFE_CAL
01-28 02:25:49.942   670  2854 D ACDB-LOADER: ACDB -> send_hw_delay : acdb_id = 15 path = 0
01-28 02:25:49.943   670  2854 D ACDB-LOADER: ACDB -> ACDB_AVSYNC_INFO: ACDB_CMD_GET_DEVICE_PROPERTY
01-28 02:25:49.943   670  2854 D msm8974_platform: platform_split_snd_device: snd_device(2) num devices(0) new_snd_devices(0)
01-28 02:25:49.943   670  2854 I msm8974_platform: platform_get_custom_mtmx_params: no matching param with id 0 ip_ch 2 op_ch 2 uc_id 1 snd_dev 2
01-28 02:25:49.943   670  2854 D audio_hw_primary: enable_audio_route: apply mixer and update path: low-latency-playback speaker
01-28 02:25:49.943   670  2854 D audio_route: Apply path: low-latency-playback speaker
01-28 02:25:49.944   645   645 D Zygote  : Forked child process 2858
01-28 02:25:49.944  2624  2624 I ContactsPerf: VoicemailContentProvider.onCreate start
01-28 02:25:49.946  1328  1450 W ActivityManager: Slow operation: 209ms so far, now at startProcess: returned from zygote!
01-28 02:25:49.947  1328  1450 W ActivityManager: Slow operation: 209ms so far, now at startProcess: done updating battery stats
01-28 02:25:49.947  1328  1450 W ActivityManager: Slow operation: 209ms so far, now at startProcess: building log message
01-28 02:25:49.947  1328  1450 I ActivityManager: Start proc 2858:com.android.se/1068 for added application com.android.se
01-28 02:25:49.947  1328  1450 W ActivityManager: Slow operation: 209ms so far, now at startProcess: starting to update pids map
01-28 02:25:49.947  1328  1450 W ActivityManager: Slow operation: 209ms so far, now at startProcess: done updating pids map
01-28 02:25:49.947  1328  1450 W ActivityManager: Slow operation: 207ms so far, now at startProcess: asking zygote to start proc
01-28 02:25:49.948   670  2854 D audio_hw_primary: select_devices: done
01-28 02:25:49.950  2819  2819 D ApplicationLoaders: Returning zygote-cached class loader: /system/framework/android.hidl.base-V1.0-java.jar
01-28 02:25:49.950  2819  2819 D ApplicationLoaders: Returning zygote-cached class loader: /system/framework/android.hidl.manager-V1.0-java.jar
01-28 02:25:49.950  2819  2819 D ApplicationLoaders: Returning zygote-cached class loader: /system/framework/android.hidl.base-V1.0-java.jar
01-28 02:25:49.950  2858  2858 I Zygote  : seccomp disabled by setenforce 0
01-28 02:25:49.953  2819  2819 I s.settings.doz: The ClassLoaderContext is a special shared library.
01-28 02:25:49.958  2624  2835 D ContactsDatabaseHelper: WAL enabled for contacts2.db: true
01-28 02:25:49.961  2624  2624 I ContactsPerf: VoicemailContentProvider.onCreate finish
01-28 02:25:49.976  1328  1891 V BackupManagerService: No ancestral data
01-28 02:25:49.992  2864  2864 I migrate_legacy_obb_data: No legacy obb data to migrate.
01-28 02:25:49.996  1910  1910 V KeyguardUpdateMonitor: onSubscriptionInfoChanged()
01-28 02:25:49.997   645   645 D Zygote  : Forked child process 2882
01-28 02:25:49.997  1328  1674 D StorageManagerService: Volume emulated broadcasting mounted to UserHandle{0}
01-28 02:25:49.998  1328  1450 W ActivityManager: Slow operation: 259ms so far, now at startProcess: returned from zygote!
01-28 02:25:49.999  1328  1450 W ActivityManager: Slow operation: 259ms so far, now at startProcess: done updating battery stats
01-28 02:25:49.999  1328  1450 W ActivityManager: Slow operation: 259ms so far, now at startProcess: building log message
01-28 02:25:49.999  1328  1450 I ActivityManager: Start proc 2882:org.lineageos.audiofx/u0a62 for added application org.lineageos.audiofx
01-28 02:25:49.999  1328  1450 W ActivityManager: Slow operation: 259ms so far, now at startProcess: starting to update pids map
01-28 02:25:50.001  1910  1910 V KeyguardUpdateMonitor: SubInfo:{id=1, iccId=8985200060790188003 simSlotIndex=0 carrierId=1526 displayName=HAPPY carrierName=  HAPPY nameSource=1 iconTint=-16746133 mNumber= dataRoaming=1 iconBitmap=android.graphics.Bitmap@e41f5a mcc 454 mnc 00mCountryIso=hk isEmbedded false nativeAccessRules null cardString=8985200060790188003F cardId=0 isOpportunistic false mGroupUUID=null mIsGroupDisabled=false profileClass=-1 ehplmns = [] hplmns = [45400] subscriptionType=0 mGroupOwner=null carrierConfigAccessRules=null}
01-28 02:25:50.001  1910  1910 V KeyguardUpdateMonitor: SubInfo:{id=2, iccId=89852061808234067627 simSlotIndex=1 carrierId=761 displayName=SmarTone HK carrierName= nameSource=0 iconTint=-13408298 mNumber= dataRoaming=1 iconBitmap=android.graphics.Bitmap@c4af58b mcc 454 mnc 06mCountryIso=hk isEmbedded false nativeAccessRules null cardString=89852061808234067627 cardId=1 isOpportunistic false mGroupUUID=null mIsGroupDisabled=false profileClass=-1 ehplmns = [] hplmns = [45406] subscriptionType=0 mGroupOwner=null carrierConfigAccessRules=null}
01-28 02:25:50.002  1328  1450 W ActivityManager: Slow operation: 262ms so far, now at startProcess: done updating pids map
01-28 02:25:50.002  1328  1450 W ActivityManager: Slow operation: 192ms so far, now at startProcess: asking zygote to start proc
01-28 02:25:50.003   670  2854 D msm8974_platform: platform_set_channel_map mixer_ctl_name:Playback Channel Map13
01-28 02:25:50.004  2882  2882 I Zygote  : seccomp disabled by setenforce 0
01-28 02:25:50.004   670  2854 D msm8974_platform: platform_set_channel_map: set mapping(1 2 0 0 0 0 0 0) for channel:2
01-28 02:25:50.006   670  2854 D audio_hw_primary: start_output_stream: exit
01-28 02:25:50.006   670  2854 D audio_hw_primary: out_write: retry previous failed cal level set
01-28 02:25:50.006   670   670 D msm8974_platform: platform_split_snd_device: snd_device(2) num devices(1) new_snd_devices(0)
01-28 02:25:50.006   670   670 D ACDB-LOADER: ACDB -> send_audvoltable
01-28 02:25:50.006   670   670 D ACDB-LOADER: ACDB -> ACDB_CMD_GET_AUDPROC_VOL_STEP_TABLE_SIZE
01-28 02:25:50.006   670   670 D ACDB-LOADER: ACDB -> ACDB_CMD_GET_AUDPROC_GAIN_DEP_STEP_TABLE, vol index 5
01-28 02:25:50.006   670   670 D ACDB-LOADER: ACDB -> AUDIO_SET_VOL_CAL cal type = 40
01-28 02:25:50.007   670  2854 D msm8974_platform: platform_split_snd_device: snd_device(2) num devices(1) new_snd_devices(0)
01-28 02:25:50.007   670  2854 D ACDB-LOADER: ACDB -> send_audvoltable
01-28 02:25:50.007   670  2854 D ACDB-LOADER: ACDB -> ACDB_CMD_GET_AUDPROC_VOL_STEP_TABLE_SIZE
01-28 02:25:50.007   670  2854 D ACDB-LOADER: ACDB -> ACDB_CMD_GET_AUDPROC_GAIN_DEP_STEP_TABLE, vol index 0
01-28 02:25:50.007   670  2854 D ACDB-LOADER: ACDB -> AUDIO_SET_VOL_CAL cal type = 40
01-28 02:25:50.019  2139  2139 I TelecomFramework: : onSubscriptionsChanged - update accounts
01-28 02:25:50.019  1328  2795 V BackupManagerConstants: getKeyValueBackupIntervalMilliseconds(...) returns 14400000
01-28 02:25:50.019  2139  2139 I TelecomFramework: PstnIncomingCallNotifier: Unregistering: Handler (com.qualcomm.qti.internal.telephony.QtiGsmCdmaPhone) {e495f4e}
01-28 02:25:50.019  1328  2795 V BackupManagerConstants: getKeyValueBackupFuzzMilliseconds(...) returns 600000
01-28 02:25:50.019  1328  2795 V BackupManagerConstants: getKeyValueBackupRequiredNetworkType(...) returns 1
01-28 02:25:50.019  1328  2795 V BackupManagerConstants: getKeyValueBackupRequireCharging(...) returns true
01-28 02:25:50.019  1328  2795 V KeyValueBackupJob: Scheduling k/v pass in 247 minutes
01-28 02:25:50.025  2139  2139 I TelecomFramework: PstnIncomingCallNotifier: Unregistering: Handler (com.qualcomm.qti.internal.telephony.QtiGsmCdmaPhone) {49b886f}
01-28 02:25:50.028  2139  2139 I TelecomFramework: TelecomAccountRegistry: setupAccounts: Found 2 phones.  Attempting to register.
01-28 02:25:50.028  2139  2139 I TelecomFramework: TelecomAccountRegistry: setupAccounts: Phone with subscription id 1
01-28 02:25:50.038   645   645 D Zygote  : Forked child process 2907
01-28 02:25:50.040  1328  1450 W ActivityManager: Slow operation: 230ms so far, now at startProcess: returned from zygote!
01-28 02:25:50.040  1328  1450 W ActivityManager: Slow operation: 230ms so far, now at startProcess: done updating battery stats
01-28 02:25:50.042  2907  2907 I Zygote  : seccomp disabled by setenforce 0
01-28 02:25:50.045  1328  1450 W ActivityManager: Slow operation: 236ms so far, now at startProcess: building log message
01-28 02:25:50.045  1328  1450 I ActivityManager: Start proc 2907:com.android.smspush/u0a86 for service {com.android.smspush/com.android.smspush.WapPushManager}
01-28 02:25:50.046  1328  1450 W ActivityManager: Slow operation: 236ms so far, now at startProcess: starting to update pids map
01-28 02:25:50.046  1328  1450 W ActivityManager: Slow operation: 236ms so far, now at startProcess: done updating pids map
01-28 02:25:50.058  2789  2789 I NfcService: Starting NFC service
01-28 02:25:50.067  2882  2882 D ApplicationLoaders: Returning zygote-cached class loader: /system/framework/android.hidl.base-V1.0-java.jar
01-28 02:25:50.067  2882  2882 D ApplicationLoaders: Returning zygote-cached class loader: /system/framework/android.hidl.manager-V1.0-java.jar
01-28 02:25:50.067  2882  2882 D ApplicationLoaders: Returning zygote-cached class loader: /system/framework/android.hidl.base-V1.0-java.jar
01-28 02:25:50.071  2882  2882 I neageos.audiof: The ClassLoaderContext is a special shared library.
01-28 02:25:50.075  2858  2858 I SecureElementService: main onCreate
01-28 02:25:50.078  2858  2858 D SecureElement-Terminal-eSE1: SE Hal V1.1 is not supported
01-28 02:25:50.080  1328  1871 I Telecom : PhoneAccountRegistrar: Modify account: [ComponentInfo{com.android.phone/com.android.services.telephony.TelephonyConnectionService}, ***, UserHandle{0}]: TSI.rPA@AIY
01-28 02:25:50.085  1328  1871 I Telecom : CallsManager: handlePhoneAccountChanged: phoneAccount=[[X] PhoneAccount: ComponentInfo{com.android.phone/com.android.services.telephony.TelephonyConnectionService}, ***, UserHandle{0} Capabilities: SuppVideo CallProvider MultiUser PlaceEmerg SimSub  Audio Routes: BESW Schemes: tel voicemail  Extras: Bundle[{android.telecom.extra.SUPPORTS_VIDEO_CALLING_FALLBACK=true, android.telecom.extra.SORT_ORDER=0}] GroupId: ***]: TSI.rPA@AIY
01-28 02:25:50.085  1328  1891 I BackupManagerService: Backup enabled => false
01-28 02:25:50.085  2215  2215 D Tonal   : Tonal Palette - index: 7. Main color: ff5ac2c1
01-28 02:25:50.085  2215  2215 D Tonal   : Colors: ff051414, ff0a2828, ff0e3d3a, ff145652, ff1c746b, ff239392, ff2ab2b1, ff5ac2c1, ff68d4db, ff81d9e1, ff9edee8, ffc7ebf2, ffe4f6f8
01-28 02:25:50.085  2139  2139 I TelecomFramework: AccountEntry: Registered phoneAccount: [[ ] PhoneAccount: ComponentInfo{com.android.phone/com.android.services.telephony.TelephonyConnectionService}, ***, UserHandle{0} Capabilities: SuppVideo CallProvider MultiUser PlaceEmerg SimSub  Audio Routes: BESW Schemes: tel voicemail  Extras: Bundle[{android.telecom.extra.SUPPORTS_VIDEO_CALLING_FALLBACK=true, android.telecom.extra.SORT_ORDER=0}] GroupId: ***] with handle: ComponentInfo{com.android.phone/com.android.services.telephony.TelephonyConnectionService}, ***, UserHandle{0}
01-28 02:25:50.085  2215  2215 D Tonal   : Gradients: 
01-28 02:25:50.085  2215  2215 D Tonal   : 	Normal GradientColors(ff5ac2c1, ff5ac2c1)
01-28 02:25:50.085  2215  2215 D Tonal   : 	Dark GradientColors(ff145652, ff145652)
01-28 02:25:50.085  2215  2215 D Tonal   : 	Extra dark: GradientColors(ff0e3d3a, ff0e3d3a)
01-28 02:25:50.085  2139  2139 I TelecomFramework: PstnIncomingCallNotifier: Registering: Handler (com.qualcomm.qti.internal.telephony.QtiGsmCdmaPhone) {e495f4e}
01-28 02:25:50.086  2858  2858 I SecureElementService: No HAL implementation for eSE1
01-28 02:25:50.087   645   645 D Zygote  : Forked child process 2928
01-28 02:25:50.087  2215  2215 V Launcher: LauncherAppState initiated
01-28 02:25:50.088  2858  2858 D SecureElement-Terminal-SIM1: SE Hal V1.1 is not supported
01-28 02:25:50.089  2928  2928 I Zygote  : seccomp disabled by setenforce 0
01-28 02:25:50.090   644  1941 I netd    : bandwidthSetGlobalAlert(2097152) <0.19ms>
01-28 02:25:50.091  2858  2858 I SecureElementService: No HAL implementation for SIM1
01-28 02:25:50.091  2139  2139 W TelecomFramework: AccountEntry: registerMmTelCapabilityCallback: registration failed, no ImsService available. Exception: CapabilityCallbackManager - MmTelFeature binder is dead. (code: 1)
01-28 02:25:50.091  2139  2139 I TelecomFramework: TelecomAccountRegistry: setupAccounts: Phone with subscription id 2
01-28 02:25:50.105  1328  1450 W ActivityManager: Slow operation: 95ms so far, now at startProcess: returned from zygote!
01-28 02:25:50.105  1328  1450 W ActivityManager: Slow operation: 95ms so far, now at startProcess: done updating battery stats
01-28 02:25:50.105  1328  1450 W ActivityManager: Slow operation: 96ms so far, now at startProcess: building log message
01-28 02:25:50.105  1328  1450 I ActivityManager: Start proc 2928:android.process.media/u0a51 for broadcast {com.android.providers.downloads/com.android.providers.downloads.DownloadReceiver}
01-28 02:25:50.105  1328  1450 W ActivityManager: Slow operation: 96ms so far, now at startProcess: starting to update pids map
01-28 02:25:50.105  1328  1450 W ActivityManager: Slow operation: 96ms so far, now at startProcess: done updating pids map
01-28 02:25:50.122  2789  2789 I         : [0128/022550.122388:INFO:NfcJniUtil.cpp(47)] NFC Service: loading nci JNI
01-28 02:25:50.125  1328  1871 I Telecom : PhoneAccountRegistrar: Modify account: [ComponentInfo{com.android.phone/com.android.services.telephony.TelephonyConnectionService}, ***, UserHandle{0}]: TSI.rPA@AIc
01-28 02:25:50.126  2789  2789 I com.android.nf: ConfigFile - Parsing file '/etc/libnfc-nci.conf'
01-28 02:25:50.126  2789  2789 I com.android.nf: ConfigFile - [NFC_DEBUG_ENABLED] = 1
01-28 02:25:50.126  2789  2789 I com.android.nf: ConfigFile - [NFA_STORAGE] = "/data/nfc"
01-28 02:25:50.126  2789  2789 I com.android.nf: ConfigFile - [SCREEN_OFF_POWER_STATE] = 1
01-28 02:25:50.126  2789  2789 I com.android.nf: ConfigFile - [POLLING_TECH_MASK] = 0x6F
01-28 02:25:50.126  2789  2789 I com.android.nf: ConfigFile - [P2P_LISTEN_TECH_MASK] = 0x45
01-28 02:25:50.126  2789  2789 I com.android.nf: ConfigFile - [PRESERVE_STORAGE] = 0x01
01-28 02:25:50.126  2789  2789 I com.android.nf: ConfigFile - [NFA_MAX_EE_SUPPORTED] = 0x02
01-28 02:25:50.126  2789  2789 I com.android.nf: ConfigFile - [AID_MATCHING_MODE] = 0x03
01-28 02:25:50.126  2789  2789 I com.android.nf: ConfigFile - [NFA_BLOCK_ROUTE] = 0x00
01-28 02:25:50.126  2789  2789 I com.android.nf: ConfigFile - [DEFAULT_SYS_CODE] = {FE:FF}
01-28 02:25:50.126  2789  2789 I         : [0128/022550.126691:INFO:NfcAdaptation.cc(490)] NfcAdaptation::InitializeHalDeviceContext: INfc::getService()
01-28 02:25:50.130  1328  1871 I Telecom : CallsManager: handlePhoneAccountChanged: phoneAccount=[[X] PhoneAccount: ComponentInfo{com.android.phone/com.android.services.telephony.TelephonyConnectionService}, ***, UserHandle{0} Capabilities: SuppVideo CallProvider MultiUser PlaceEmerg SimSub  Audio Routes: BESW Schemes: tel voicemail  Extras: Bundle[{android.telecom.extra.SUPPORTS_VIDEO_CALLING_FALLBACK=true, android.telecom.extra.SORT_ORDER=1}] GroupId: ***]: TSI.rPA@AIc
01-28 02:25:50.130  1328  2795 V BackupManagerConstants: getKeyValueBackupIntervalMilliseconds(...) returns 14400000
01-28 02:25:50.130  1328  2795 V BackupManagerConstants: getKeyValueBackupFuzzMilliseconds(...) returns 600000
01-28 02:25:50.130  1328  2795 V BackupManagerConstants: getKeyValueBackupRequiredNetworkType(...) returns 1
01-28 02:25:50.130  1328  2795 V BackupManagerConstants: getKeyValueBackupRequireCharging(...) returns true
01-28 02:25:50.130  1328  2795 V KeyValueBackupJob: Scheduling k/v pass in 244 minutes
01-28 02:25:50.131  2789  2789 I         : [0128/022550.131390:INFO:NfcAdaptation.cc(499)] NfcAdaptation::InitializeHalDeviceContext: INfc::getService() returned 0x75a68b8c60 (remote)
01-28 02:25:50.131   685   685 D NxpHal  : persist_uicc_enabled : 0
01-28 02:25:50.134   685   685 D NxpExtns: find found ISO_DEP_MAX_TRANSCEIVE=(0xfeff)
01-28 02:25:50.134   685   685 D NxpExtns: find found DEFAULT_OFFHOST_ROUTE=(0x1)
01-28 02:25:50.134   685   685 D NxpExtns: find found DEFAULT_NFCF_ROUTE=(0x1)
01-28 02:25:50.134   685   685 D NxpExtns: find found DEFAULT_SYS_CODE_ROUTE=(0xc0)
01-28 02:25:50.134   685   685 D NxpExtns: find found DEFAULT_SYS_CODE_PWR_STATE=(0x3b)
01-28 02:25:50.134   685   685 D NxpExtns: find found DEFAULT_ROUTE=(0x0)
01-28 02:25:50.134   685   685 D NxpExtns: find found DEVICE_HOST_WHITE_LIST=
01-28 02:25:50.134   685   685 D NxpExtns: find found OFF_HOST_ESE_PIPE_ID=(0x19)
01-28 02:25:50.134   685   685 D NxpExtns: find found OFF_HOST_SIM_PIPE_ID=(0x70)
01-28 02:25:50.134   685   685 D NxpExtns: find found NFA_PROPRIETARY_CFG=p
01-28 02:25:50.134   685   685 D NxpExtns: find found PRESENCE_CHECK_ALGORITHM=(0x2)
01-28 02:25:50.134  1328  1328 W Looper  : Slow dispatch took 230ms main h=android.app.ActivityThread$H c=android.app.-$$Lambda$LoadedApk$ReceiverDispatcher$Args$_BumDX2UKsnxLVrE6UJsJZkotuA@450616e m=0
01-28 02:25:50.134  1328  1328 W Looper  : Slow delivery took 331ms main h=com.android.server.accessibility.AccessibilityManagerService$MainHandler c=<recycled PooledLambda@cfd300f> m=0
01-28 02:25:50.135  1328  1328 V NotificationAssistants: 0 notification assistant service connected: ComponentInfo{android.ext.services/android.ext.services.notification.Assistant}
01-28 02:25:50.136  1328  1328 V SettingsProvider: Notifying for 0: content://settings/secure/reminder_exp_learning_time_elapsed
01-28 02:25:50.136  1328  1328 V NotificationListeners: 0 notification listener service connected: ComponentInfo{com.android.launcher3/com.android.launcher3.notification.NotificationListener}
01-28 02:25:50.137  1328  1328 W Looper  : Drained
01-28 02:25:50.138  1910  1910 V MediaRouter: Selecting route: RouteInfo{ name=, description=null, status=null, category=RouteCategory{ name= types=ROUTE_TYPE_LIVE_AUDIO ROUTE_TYPE_LIVE_VIDEO  groupable=false }, supportedTypes=ROUTE_TYPE_LIVE_AUDIO ROUTE_TYPE_LIVE_VIDEO , presentationDisplay=null }
01-28 02:25:50.138  2139  2139 I TelecomFramework: AccountEntry: Registered phoneAccount: [[ ] PhoneAccount: ComponentInfo{com.android.phone/com.android.services.telephony.TelephonyConnectionService}, ***, UserHandle{0} Capabilities: SuppVideo CallProvider MultiUser PlaceEmerg SimSub  Audio Routes: BESW Schemes: tel voicemail  Extras: Bundle[{android.telecom.extra.SUPPORTS_VIDEO_CALLING_FALLBACK=true, android.telecom.extra.SORT_ORDER=1}] GroupId: ***] with handle: ComponentInfo{com.android.phone/com.android.services.telephony.TelephonyConnectionService}, ***, UserHandle{0}
01-28 02:25:50.138  1328  1897 I SyncManager: Loaded persisted syncs: 0 periodic syncs, 0 oneshot syncs, 12 total system server jobs, JobStats: FirstLoad: 7/2/0 LastSave: -1/-1/-1
01-28 02:25:50.138  2139  2139 I TelecomFramework: PstnIncomingCallNotifier: Registering: Handler (com.qualcomm.qti.internal.telephony.QtiGsmCdmaPhone) {49b886f}
01-28 02:25:50.157  2561  2561 I Dialer  : LegacyVoicemailNotificationReceiver.onReceive - received legacy voicemail notification
01-28 02:25:50.157  2561  2561 I Dialer  : LegacyVoicemailNotificationReceiver.onReceive - isRefresh: true
01-28 02:25:50.157  2561  2561 I Dialer  : LegacyVoicemailNotificationReceiver.onReceive - clearing notification
01-28 02:25:50.157  2561  2561 I Dialer  : LegacyVoicemailNotifier.cancelNotification - enter
01-28 02:25:50.159  2624  2835 I ContactLocale: AddressBook Labels [[zh_TW]]: [, 1, 2, 3, 4, 5, 6, 7, 8, 9, 10, 11, 12, 13, 14, 15, 16, 17, 18, 19, 20, 21, 22, 23, 24, 25, 26, 27, 28, 29, 30, 31, 32, 33, 35, 36, 39, 48, , A, B, C, D, E, F, G, H, I, J, K, L, M, N, O, P, Q, R, S, T, U, V, W, X, Y, Z, , , , , , , , , , , , , , , , , , , , , , , , , , , , , , , , , , , , , , , , , , , , , , , , , , , , , , , , , , , , , , , , , , , , , , , , , , , , , , , , , , , , , , , , , , , , , , , , , , , , , , , , , , , , , , , , , , , , , , , , , , , , , , , , , , , , , , , , , , , , , , , , , , , , , , , , , , , , , , , , , , , , , , , , , , , , , , , , , , , , , , , , , , , #, ]
01-28 02:25:50.170  2789  2789 I         : [0128/022550.170296:INFO:NativeNfcManager.cpp(188)] initializeGlobalDebugEnabledFlag: level=1
01-28 02:25:50.170  2789  2789 I         : [0128/022550.170413:INFO:NativeNfcManager.cpp(195)] initializeMfcReaderOption: mifare reader option=1
01-28 02:25:50.170  2789  2789 I         : [0128/022550.170441:INFO:NativeNfcManager.cpp(630)] nfcManager_initNativeStruc: enter
01-28 02:25:50.170  2789  2789 I         : [0128/022550.170604:INFO:NativeNfcManager.cpp(694)] nfcManager_initNativeStruc: exit
01-28 02:25:50.188  2561  2561 I Dialer  : LegacyVoicemailNotificationReceiver.onReceive - received legacy voicemail notification
01-28 02:25:50.188  2561  2561 I Dialer  : LegacyVoicemailNotificationReceiver.onReceive - isRefresh: true
01-28 02:25:50.188  2561  2561 I Dialer  : LegacyVoicemailNotificationReceiver.onReceive - clearing notification
01-28 02:25:50.188  2561  2561 I Dialer  : LegacyVoicemailNotifier.cancelNotification - enter
01-28 02:25:50.193  2624  2835 D ContactsDatabaseHelper: WAL enabled for profile.db: false
01-28 02:25:50.203  2139  2139 I TelecomFramework: PstnPhoneCapabilitiesNotifier: handleVideoCapabilitesChanged. Video capability - false
01-28 02:25:50.208  2139  2139 W TelecomFramework: AccountEntry: registerMmTelCapabilityCallback: registration failed, no ImsService available. Exception: CapabilityCallbackManager - MmTelFeature binder is dead. (code: 1)
01-28 02:25:50.240  1328  1413 I Telecom : PhoneAccountRegistrar: Modify account: [ComponentInfo{com.android.phone/com.android.services.telephony.TelephonyConnectionService}, ***, UserHandle{0}]: TSI.rPA@AIo
01-28 02:25:50.244  1328  1413 I Telecom : CallsManager: handlePhoneAccountChanged: phoneAccount=[[X] PhoneAccount: ComponentInfo{com.android.phone/com.android.services.telephony.TelephonyConnectionService}, ***, UserHandle{0} Capabilities: SuppVideo CallProvider MultiUser PlaceEmerg SimSub  Audio Routes: BESW Schemes: tel voicemail  Extras: Bundle[{android.telecom.extra.SUPPORTS_VIDEO_CALLING_FALLBACK=true, android.telecom.extra.SORT_ORDER=0}] GroupId: ***]: TSI.rPA@AIo
01-28 02:25:50.245  2789  2789 D RegisteredT3tIdentifiersCache: RegisteredT3tIdentifiersCache
01-28 02:25:50.248  2139  2139 I TelecomFramework: PstnPhoneCapabilitiesNotifier: handleVideoCapabilitesChanged. Video capability - false
01-28 02:25:50.254  2789  2789 D RegisteredServicesCache: Dynamic AIDs file does not exist.
01-28 02:25:50.256  2457  2622 D CellBroadcastConfigService: Disable CellBroadcast on sub 2
01-28 02:25:50.256  2789  2789 D RegisteredNfcFServicesCache: Dynamic System Code, NFCID2 file does not exist.
01-28 02:25:50.258  2789  2789 D RegisteredNfcFServicesCache: Service unchanged, not updating
01-28 02:25:50.258  2789  2789 I         : [0128/022550.258457:INFO:RoutingManager.cpp(993)] setNfcSecure NfcService 0
01-28 02:25:50.262  2789  2957 D NfcService: checking on firmware download
01-28 02:25:50.262  2789  2957 D NfcService: NFC is on. Doing normal stuff
01-28 02:25:50.262  2789  2957 I NfcService: Enabling NFC
01-28 02:25:50.267  2789  2957 I         : [0128/022550.267336:INFO:NativeNfcManager.cpp(188)] initializeGlobalDebugEnabledFlag: level=1
01-28 02:25:50.267  2789  2957 I libnfc_nci: [INFO:NfcAdaptation.cc(97)] initializeGlobalDebugEnabledFlag: level=1
01-28 02:25:50.267  2789  2957 I libnfc_nci: [INFO:NfcAdaptation.cc(267)] NfcAdaptation::Initialize: enter
01-28 02:25:50.267  2789  2957 I libnfc_nci: [INFO:NfcAdaptation.cc(285)] NfcAdaptation::Initialize: Overriding NFA_EE_MAX_EE_SUPPORTED to use 2
01-28 02:25:50.267  2789  2957 I libnfc_nci: [INFO:NfcAdaptation.cc(293)] NfcAdaptation::Initialize: Overriding NFA_POLL_BAIL_OUT_MODE to use 1
01-28 02:25:50.267  2789  2957 I libnfc_nci: [INFO:libmain.cc(196)] verify_stack_non_volatile_store
01-28 02:25:50.267  2789  2957 I libnfc_nci: [INFO:CrcChecksum.cc(94)] crcChecksumVerifyIntegrity: filename=/data/nfc/nfaStorage.bin1
01-28 02:25:50.267  2789  2957 I libnfc_nci: [INFO:CrcChecksum.cc(94)] crcChecksumVerifyIntegrity: filename=/data/nfc/nfaStorage.bin4
01-28 02:25:50.267  2789  2957 I libnfc_nci: [INFO:CrcChecksum.cc(94)] crcChecksumVerifyIntegrity: filename=/data/nfc/nfaStorage.bin2
01-28 02:25:50.267  2789  2957 I libnfc_nci: [INFO:CrcChecksum.cc(94)] crcChecksumVerifyIntegrity: filename=/data/nfc/nfaStorage.bin3
01-28 02:25:50.267  2789  2957 I libnfc_nci: [INFO:CrcChecksum.cc(94)] crcChecksumVerifyIntegrity: filename=/data/nfc/nfaStorage.bin5
01-28 02:25:50.267  2789  2957 I libnfc_nci: [INFO:NfcAdaptation.cc(331)] Initialize: preserve stack NV store
01-28 02:25:50.268  1328  1414 I Telecom : PhoneAccountRegistrar: Modify account: [ComponentInfo{com.android.phone/com.android.services.telephony.TelephonyConnectionService}, ***, UserHandle{0}]: TSI.rPA@AIs
01-28 02:25:50.268  2789  2957 I libnfc_nci: [INFO:gki_ulinux.cc(194)] GKI_create_task func=0x0x74ba6867b0  id=4  name=NFCA_TASK  stack=0x0x0  stackSize=0
01-28 02:25:50.268  2789  2957 I libnfc_nci: [INFO:gki_ulinux.cc(220)] GKI creating task 4, pCond/pMutex=0x0/0x0
01-28 02:25:50.268  2789  2957 I libnfc_nci: [INFO:gki_ulinux.cc(262)] Leaving GKI_create_task 0x74ba6867b0 4 74b7eb8d50 NFCA_TASK 0x0 0
01-28 02:25:50.269  2789  2957 I libnfc_nci: [INFO:gki_ulinux.cc(194)] GKI_create_task func=0x0x74ba6867b4  id=0  name=NFCA_THREAD  stack=0x0x0  stackSize=0
01-28 02:25:50.269  2789  2957 I libnfc_nci: [INFO:gki_ulinux.cc(220)] GKI creating task 0, pCond/pMutex=0x0/0x0
01-28 02:25:50.269  2789  2957 I libnfc_nci: [INFO:gki_ulinux.cc(262)] Leaving GKI_create_task 0x74ba6867b4 0 74b7dbbd50 NFCA_THREAD 0x0 0
01-28 02:25:50.269  2789  2961 I libnfc_nci: [INFO:gki_ulinux.cc(89)] gki_task_entry task_id=0, thread_id=74b7dbbd50/74b7dbbd50, pCond/pMutex=0x0/0x0
01-28 02:25:50.269  2789  2960 I libnfc_nci: [INFO:gki_ulinux.cc(89)] gki_task_entry task_id=4, thread_id=74b7eb8d50/74b7eb8d50, pCond/pMutex=0x0/0x0
01-28 02:25:50.269  2789  2961 I libnfc_nci: [INFO:NfcAdaptation.cc(440)] NfcAdaptation::Thread: enter
01-28 02:25:50.269  2789  2961 I libnfc_nci: [INFO:gki_ulinux.cc(194)] GKI_create_task func=0x0x74ba6867a8  id=3  name=NFC_TASK  stack=0x0x0  stackSize=0
01-28 02:25:50.269  2789  2960 I libnfc_nci: [INFO:NfcAdaptation.cc(423)] NfcAdaptation::NFCA_TASK: enter
01-28 02:25:50.269  2789  2961 I libnfc_nci: [INFO:gki_ulinux.cc(220)] GKI creating task 3, pCond/pMutex=0x74b7dbba10/0x74b7dbb9e8
01-28 02:25:50.269  2789  2960 I libnfc_nci: [INFO:gki_ulinux.cc(423)] GKI_run enter
01-28 02:25:50.269  2789  2960 I libnfc_nci: [INFO:gki_ulinux.cc(433)] Start/Stop GKI_timer_update_registered!
01-28 02:25:50.269  2789  2960 I libnfc_nci: [INFO:gki_ulinux.cc(452)] GKI_run, run_cond(0x74ba691e68)=1 
01-28 02:25:50.269  2789  2961 I libnfc_nci: [INFO:gki_ulinux.cc(262)] Leaving GKI_create_task 0x74ba6867a8 3 74b5cbed50 NFC_TASK 0x0 0
01-28 02:25:50.269  2789  2962 I libnfc_nci: [INFO:gki_ulinux.cc(89)] gki_task_entry task_id=3, thread_id=74b5cbed50/74b5cbed50, pCond/pMutex=0x74b7dbba10/0x74b7dbb9e8
01-28 02:25:50.269  2789  2962 I libnfc_nci: [INFO:nfc_task.cc(352)] NFC_TASK started.
01-28 02:25:50.269  2789  2962 I libnfc_nci: [INFO:gki_ulinux.cc(558)] GKI_wait task=3, pCond/pMutex = 0x74b7dbba10/0x74b7dbb9e8
01-28 02:25:50.269  2789  2961 I libnfc_nci: [INFO:gki_ulinux.cc(1090)] GKI_exit_task 0 done
01-28 02:25:50.269  2789  2961 I libnfc_nci: [INFO:NfcAdaptation.cc(453)] NfcAdaptation::Thread: exit
01-28 02:25:50.269  2789  2961 E libnfc_nci: [ERROR:gki_ulinux.cc(98)] gki_task task_id=0 terminating
01-28 02:25:50.269  2789  2957 I libnfc_nci: [INFO:NfcAdaptation.cc(349)] NfcAdaptation::Initialize: exit
01-28 02:25:50.270  2789  2957 I libnfc_nci: [INFO:nfa_dm_api.cc(60)] NFA_Init
01-28 02:25:50.270  2789  2957 I libnfc_nci: [INFO:nfa_dm_main.cc(97)] nfa_dm_init
01-28 02:25:50.270  2789  2957 I libnfc_nci: [INFO:nfa_sys_main.cc(133)] id=1, enable_cplt_mask=0x0
01-28 02:25:50.270  2789  2957 I libnfc_nci: [INFO:nfa_p2p_main.cc(477)] nfa_p2p_init
01-28 02:25:50.270  2789  2957 I libnfc_nci: [INFO:nfa_sys_main.cc(133)] id=3, enable_cplt_mask=0x8
01-28 02:25:50.270  2789  2957 I libnfc_nci: [INFO:nfa_rw_main.cc(70)] nfa_rw_init
01-28 02:25:50.270  2789  2957 I libnfc_nci: [INFO:nfa_sys_main.cc(133)] id=5, enable_cplt_mask=0x28
01-28 02:25:50.270  2789  2957 I libnfc_nci: [INFO:nfa_ce_main.cc(76)] nfa_ce_init
01-28 02:25:50.270  2789  2957 I libnfc_nci: [INFO:nfa_sys_main.cc(133)] id=6, enable_cplt_mask=0x68
01-28 02:25:50.270  2789  2957 I libnfc_nci: [INFO:nfa_ee_main.cc(99)] nfa_ee_init
01-28 02:25:50.270  2789  2957 I libnfc_nci: [INFO:nfa_sys_main.cc(133)] id=2, enable_cplt_mask=0x6c
01-28 02:25:50.270  2789  2957 I libnfc_nci: [INFO:nfa_hci_main.cc(191)] nfa_hci_init
01-28 02:25:50.270  2789  2957 I libnfc_nci: [INFO:nfa_sys_main.cc(133)] id=7, enable_cplt_mask=0xec
01-28 02:25:50.270  2789  2957 I libnfc_nci: [INFO:llcp_main.cc(57)] llcp_init
01-28 02:25:50.270  2789  2957 I libnfc_nci: [INFO:llcp_main.cc(89)] num_rx_buff = 9, rx_congest_start = 6, rx_congest_end = 4, max_num_ll_rx_buff = 2
01-28 02:25:50.270  2789  2957 I libnfc_nci: [INFO:llcp_main.cc(102)] max_num_tx_buff = 21, max_num_ll_tx_buff = 6
01-28 02:25:50.270  2789  2957 I libnfc_nci: [INFO:llcp_api.cc(369)] SAP:0x1, link_type:0x2, ServiceName:<urn:nfc:sn:sdp>
01-28 02:25:50.270  2789  2957 I libnfc_nci: [INFO:llcp_api.cc(453)] Registered SAP = 0x01
01-28 02:25:50.270  2789  2957 I libnfc_nci: [INFO:nfa_dm_api.cc(102)] NFA_Enable
01-28 02:25:50.270  2789  2962 I libnfc_nci: [INFO:nfa_sys_main.cc(77)] NFA got event 0x0100
01-28 02:25:50.270  2789  2962 I libnfc_nci: [INFO:nfa_dm_main.cc(122)] event: NFA_DM_API_ENABLE_EVT (0x00)
01-28 02:25:50.270  2789  2962 I libnfc_nci: [INFO:nfa_dm_act.cc(433)] nfa_dm_enable
01-28 02:25:50.270  2789  2962 I libnfc_nci: [INFO:nfc_main.cc(664)] NFC_Enable
01-28 02:25:50.271  2789  2962 I libnfc_nci: [INFO:nfc_main.cc(326)] nfc_set_state 0 (NONE)->1 (W4_HAL_OPEN)
01-28 02:25:50.271  2789  2962 I libnfc_nci: [INFO:NfcAdaptation.cc(546)] NfcAdaptation::HalOpen
01-28 02:25:50.271   685   685 D android.hardware.nfc@1.2-impl: Nfc::open Enter
01-28 02:25:50.271   685   685 D NxpHal  : phNxpNci_MinOpen(): enter
01-28 02:25:50.272   685   685 D NxpHal  : nfc_debug_enabled : 1
01-28 02:25:50.272   685   685 D NxpExtns: find found NXPLOG_NCIHAL_LOGLEVEL=(0x3)
01-28 02:25:50.272   685   685 D NxpExtns: find found NXPLOG_EXTNS_LOGLEVEL=(0x3)
01-28 02:25:50.272   685   685 D NxpExtns: find found NXPLOG_TML_LOGLEVEL=(0x3)
01-28 02:25:50.272   685   685 D NxpExtns: find found NXPLOG_FWDNLD_LOGLEVEL=(0x3)
01-28 02:25:50.272   685   685 D NxpExtns: find found NXPLOG_NCIX_LOGLEVEL=(0x3)
01-28 02:25:50.272   685   685 D NxpExtns: find found NXPLOG_NCIR_LOGLEVEL=(0x3)
01-28 02:25:50.272   685   685 D NxpNfcHal: phNxpLog_InitializeLogLevel: global =1, Fwdnld =3, extns =3,                 hal =3, tml =3, ncir =3,                 ncix =3
01-28 02:25:50.273   685   685 D NxpHal  : Entering phNxpNciHal_init_monitor
01-28 02:25:50.273   685   685 D NxpHal  : Returning with SUCCESS
01-28 02:25:50.273   685   685 D EseAdaptation: EseAdaptation::Initialize: enter
01-28 02:25:50.273   685   685 D EseAdaptation: EseAdaptation::InitializeHalDeviceContext: enter
01-28 02:25:50.273   685   685 D EseAdaptation: EseAdaptation::InitializeHalDeviceContext: INxpEse::tryGetService()
01-28 02:25:50.273   557   557 E SELinux : avc:  denied  { find } for interface=vendor.nxp.nxpese::INxpEse sid=u:r:hal_nfc_default:s0 pid=685 scontext=u:r:hal_nfc_default:s0 tcontext=u:object_r:default_android_hwservice:s0 tclass=hwservice_manager permissive=1
01-28 02:25:50.273   557   557 I hwservicemanager: getTransport: Cannot find entry vendor.nxp.nxpese@1.0::INxpEse/default in either framework or device manifest.
01-28 02:25:50.273   685   685 D EseAdaptation: EseAdaptation::InitializeHalDeviceContext: Failed to retrieve the NXP ESE HAL!
01-28 02:25:50.273   685   685 D EseAdaptation: EseAdaptation::InitializeHalDeviceContext: exit
01-28 02:25:50.273   685   685 D EseAdaptation: EseAdaptation::Initialize: exit
01-28 02:25:50.273   685   685 D NxpExtns: find found NXP_NFC_DEV_NODE=/dev/nq-nci
01-28 02:25:50.273   685   685 D NxpTml  : Opening port=/dev/nq-nci
01-28 02:25:50.273   685   685 E NxpTml  : _i2c_open() Failed: retval ffffffff
01-28 02:25:50.274   685   685 E NxpHal  : phTmlNfc_Init Failed
01-28 02:25:50.274   685   685 D NxpHal  : Failed to deallocate (list empty)
01-28 02:25:50.274   685   685 D NxpHal  : Node dump:
01-28 02:25:50.274   685   685 D NxpHal  : Failed to deallocate (list empty)
01-28 02:25:50.274   685   685 D NxpHal  : Node dump:
01-28 02:25:50.274   685   685 E NxpHal  : phNxpNciHal_MinOpen failed
01-28 02:25:50.274   685   685 E NxpHal  : nxpncihal_monitor is null
01-28 02:25:50.276  2789  2962 I libnfc_nci: [INFO:nfc_main.cc(568)] nfc_main_hal_cback event: HAL_NFC_OPEN_CPLT_EVT(0x0), status=1
01-28 02:25:50.277   685   685 D android.hardware.nfc@1.2-impl: Nfc::open Exit
01-28 02:25:50.277  2789  2962 I libnfc_nci: [INFO:nfc_main.cc(379)] HAL event=0x0
01-28 02:25:50.277  2789  2962 I libnfc_nci: [INFO:nfc_main.cc(326)] nfc_set_state 1 (W4_HAL_OPEN)->0 (NONE)
01-28 02:25:50.277  2789  2962 I libnfc_nci: [INFO:nfa_dm_act.cc(268)] NFC_ENABLE_REVT(0x5000)
01-28 02:25:50.277  2789  2962 I libnfc_nci: [INFO:NativeNfcManager.cpp(711)] nfaDeviceManagementCallback: enter; event=0x0
01-28 02:25:50.277  2789  2962 I libnfc_nci: [INFO:NativeNfcManager.cpp(718)] nfaDeviceManagementCallback: NFA_DM_ENABLE_EVT; status=0x3
01-28 02:25:50.277  2789  2957 E libnfc_nci: [ERROR:NativeNfcManager.cpp(1130)] nfcManager_doInitialize: fail nfa enable; error=0x0
01-28 02:25:50.277  2789  2957 I libnfc_nci: [INFO:NfcAdaptation.cc(365)] NfcAdaptation::Finalize: enter
01-28 02:25:50.288  1328  1414 I Telecom : CallsManager: handlePhoneAccountChanged: phoneAccount=[[X] PhoneAccount: ComponentInfo{com.android.phone/com.android.services.telephony.TelephonyConnectionService}, ***, UserHandle{0} Capabilities: SuppVideo CallProvider MultiUser PlaceEmerg SimSub  Audio Routes: BESW Schemes: tel voicemail  Extras: Bundle[{android.telecom.extra.SUPPORTS_VIDEO_CALLING_FALLBACK=true, android.telecom.extra.SORT_ORDER=1}] GroupId: ***]: TSI.rPA@AIs
01-28 02:25:50.337  2959  2959 I chatty  : uid=1000(system) /vendor/bin/hw/android.hardware.biometrics.fingerprint@2.1-service expire 2 lines
01-28 02:25:50.339  2959  2959 D QSEECOMAPI: QSEECom_get_handle sb_length = 0x10000
01-28 02:25:50.339  2959  2959 D QSEECOMAPI: App is not loaded in QSEE
01-28 02:25:50.339  2959  2959 E QSEECOMAPI: Error::Cannot open the file /system/etc/firmware/elanfp64.mdt errno = 2
01-28 02:25:50.339  2959  2959 E QSEECOMAPI: Error::Loading image failed with ret = -1
01-28 02:25:50.339  2959  2959 D QSEECOMAPI: QSEECom_get_handle sb_length = 0x10000
01-28 02:25:50.339  2959  2959 D QSEECOMAPI: App is not loaded in QSEE
01-28 02:25:50.339  2959  2959 D QSEECOMAPI: app_arch = 2, total_files = 9
01-28 02:25:50.352  2959  2959 E QSEECOMAPI: Error::Load image request failed ret = -1, errno = 22
01-28 02:25:50.353  2959  2959 E QSEECOMAPI: Error::Loading image failed with ret = -1
01-28 02:25:50.353  2959  2959 D QSEECOMAPI: QSEECom_get_handle sb_length = 0x10000
01-28 02:25:50.353  2959  2959 D QSEECOMAPI: App is not loaded in QSEE
01-28 02:25:50.353  2959  2959 E QSEECOMAPI: Error::Cannot open the file /firmware/image/elanfp64.mdt errno = 2
01-28 02:25:50.353  2959  2959 E QSEECOMAPI: Error::Loading image failed with ret = -1
01-28 02:25:50.353  2959  2959 D [ELAN]  : [fingerprint] Open TA Failed
01-28 02:25:50.353  2959  2959 D [ELAN]  : [fingerprint] fingerprint open Error Code : -2
01-28 02:25:50.353  2959  2959 D [ELAN]  : [fingerprint] elan_fingerprint_close
01-28 02:25:50.353  2959  2959 E android.hardware.biometrics.fingerprint@2.1-service: Can't open fingerprint methods, error: -2
01-28 02:25:50.353  2959  2959 E android.hardware.biometrics.fingerprint@2.1-service: Can't open HAL module
01-28 02:25:50.354  2959  2959 E android.hardware.biometrics.fingerprint@2.1-service: No valid device
01-28 02:25:50.358   617   617 I apexd   : Updatable crashing, attempting rollback
01-28 02:25:50.359   617   617 E apexd   : Rollback failed : Rollback requested, when there are no active sessions.
01-28 02:25:50.362  1328  1429 I AppWidgetServiceImpl: Processing of handleUserUnlocked u0 took 608 ms
01-28 02:25:50.362  1328  1429 W Looper  : Slow dispatch took 608ms android.fg h=android.os.Handler c=com.android.server.am.-$$Lambda$UserController$Injector$MYTLl7MOQKjyMJknWdxPeBLoPCc@e672cc1 m=0
01-28 02:25:50.362  1328  1429 W Looper  : Slow delivery took 608ms android.fg h=com.android.server.AppStateTracker$MyHandler c=null m=14
01-28 02:25:50.366  1328  1429 W LocationProviderProxy: Odd, no component found for service com.android.location.service.v3.NetworkLocationProvider
01-28 02:25:50.367  1328  1429 W GeocoderProxy: Odd, no component found for service com.android.location.service.GeocodeProvider
01-28 02:25:50.368  1328  1429 W Looper  : Drained
01-28 02:25:50.376   645   645 D Zygote  : Forked child process 2969
01-28 02:25:50.385  1328  1450 I ActivityManager: Start proc 2969:com.android.printspooler/u0a90 for service {com.android.printspooler/com.android.printspooler.model.PrintSpoolerService}
01-28 02:25:50.387  2969  2969 I Zygote  : seccomp disabled by setenforce 0
01-28 02:25:50.395  2928  2976 I MediaProvider: Begin Intent { act=android.intent.action.MEDIA_MOUNTED dat=file:///storage/emulated/0 flg=0x5000010 cmp=com.android.providers.media/.MediaService (has extras) }
01-28 02:25:50.404  2139  2782 I chatty  : uid=1001(radio) Binder:2139_F expire 5 lines
01-28 02:25:50.412  1328  1432 W ActivityTaskManager: Activity top resumed state loss timeout for ActivityRecord{508ead9 u0 com.android.launcher3/.lineage.LineageLauncher t468}
01-28 02:25:50.412  1328  1432 W ActivityTaskManager: Activity pause timeout for ActivityRecord{508ead9 u0 com.android.launcher3/.lineage.LineageLauncher t468}
01-28 02:25:50.420  2968  2968 I chatty  : uid=1000(system) /system/bin/flags_health_check expire 4 lines
01-28 02:25:50.424  2968  2968 I flags_health_ch: type=1400 audit(0.0:29): avc: denied { open } for path="/dev/__properties__/u:object_r:bg_boot_complete_prop:s0" dev="tmpfs" ino=13476 scontext=u:r:flags_health_check:s0 tcontext=u:object_r:bg_boot_complete_prop:s0 tclass=file permissive=1
01-28 02:25:50.424  2968  2968 I flags_health_ch: type=1400 audit(0.0:30): avc: denied { getattr } for path="/dev/__properties__/u:object_r:bg_boot_complete_prop:s0" dev="tmpfs" ino=13476 scontext=u:r:flags_health_check:s0 tcontext=u:object_r:bg_boot_complete_prop:s0 tclass=file permissive=1
01-28 02:25:50.424  2968  2968 I flags_health_ch: type=1400 audit(0.0:31): avc: denied { open } for path="/dev/__properties__/u:object_r:bg_daemon_prop:s0" dev="tmpfs" ino=13477 scontext=u:r:flags_health_check:s0 tcontext=u:object_r:bg_daemon_prop:s0 tclass=file permissive=1
01-28 02:25:50.424  2968  2968 I flags_health_ch: type=1400 audit(0.0:32): avc: denied { getattr } for path="/dev/__properties__/u:object_r:bg_daemon_prop:s0" dev="tmpfs" ino=13477 scontext=u:r:flags_health_check:s0 tcontext=u:object_r:bg_daemon_prop:s0 tclass=file permissive=1
01-28 02:25:50.425  2968  2968 I /system/bin/flags_health_check: ServerConfigurableFlagsReset reset_mode value: 1
01-28 02:25:50.425  2968  2968 I /system/bin/flags_health_check: ServerConfigurableFlagsReset updatable crashing detected, resetting flags.
01-28 02:25:50.427   645   645 D Zygote  : Forked child process 2991
01-28 02:25:50.431  2991  2991 I Zygote  : seccomp disabled by setenforce 0
01-28 02:25:50.448  1328  1450 W ActivityManager: Slow operation: 57ms so far, now at startProcess: returned from zygote!
01-28 02:25:50.449  1328  1450 W ActivityManager: Slow operation: 57ms so far, now at startProcess: done updating battery stats
01-28 02:25:50.449  1328  1450 W ActivityManager: Slow operation: 57ms so far, now at startProcess: building log message
01-28 02:25:50.449  1328  1450 I ActivityManager: Start proc 2991:org.lineageos.lineageparts/1000 for broadcast {org.lineageos.lineageparts/org.lineageos.lineageparts.BootReceiver}
01-28 02:25:50.449  1328  1450 W ActivityManager: Slow operation: 57ms so far, now at startProcess: starting to update pids map
01-28 02:25:50.449  1328  1450 W ActivityManager: Slow operation: 57ms so far, now at startProcess: done updating pids map
01-28 02:25:50.490  2928  2976 W ModernMediaScanner: Failed to visit /oem/media: java.nio.file.NoSuchFileException: /oem/media
01-28 02:25:50.503  1328  1414 W ActivityManager: Unable to start service Intent { act=com.android.launcher3.WINDOW_OVERLAY dat=app://com.android.launcher3:10096?v=9&cv=14 pkg=com.google.android.googlequicksearchbox } U=0: not found
01-28 02:25:50.511  1328  1871 W ActivityManager: Unable to start service Intent { act=com.android.launcher3.WINDOW_OVERLAY dat=app://com.android.launcher3:10096?v=9&cv=14 pkg=com.google.android.googlequicksearchbox } U=0: not found
01-28 02:25:50.523  2991  2991 D ApplicationLoaders: Returning zygote-cached class loader: /system/framework/android.hidl.base-V1.0-java.jar
01-28 02:25:50.523  2991  2991 D ApplicationLoaders: Returning zygote-cached class loader: /system/framework/android.hidl.manager-V1.0-java.jar
01-28 02:25:50.523  2991  2991 D ApplicationLoaders: Returning zygote-cached class loader: /system/framework/android.hidl.base-V1.0-java.jar
01-28 02:25:50.524  2215  2294 D LoaderTask: loadWorkspace: loading default favorites
01-28 02:25:50.531  2215  2215 D TouchInteractionService: Touch service connected
01-28 02:25:50.539  2991  2991 I os.lineagepart: The ClassLoaderContext is a special shared library.
01-28 02:25:50.577   557   557 I hwservicemanager: getTransport: Cannot find entry android.hardware.graphics.mapper@3.0::IMapper/default in either framework or device manifest.
01-28 02:25:50.577  2215  2294 W Gralloc3: mapper 3.x is not supported
01-28 02:25:50.587   557   557 I hwservicemanager: getTransport: Cannot find entry android.hardware.graphics.allocator@3.0::IAllocator/default in either framework or device manifest.
01-28 02:25:50.588  2215  2294 W Gralloc3: allocator 3.x is not supported
01-28 02:25:50.590   645   645 D Zygote  : Forked child process 3017
01-28 02:25:50.592  3017  3017 I Zygote  : seccomp disabled by setenforce 0
01-28 02:25:50.592  2215  2294 I Gralloc2: Adding additional valid usage bits: 0x202400
01-28 02:25:50.592  1328  1450 I ActivityManager: Start proc 3017:com.android.keychain/1000 for service {com.android.keychain/com.android.keychain.KeyChainService}
01-28 02:25:50.593  2215  3023 I Adreno  : QUALCOMM build                   : c7f9117, I10299639cb
01-28 02:25:50.593  2215  3023 I Adreno  : Build Date                       : 06/02/19
01-28 02:25:50.593  2215  3023 I Adreno  : OpenGL ES Shader Compiler Version: EV031.25.03.06
01-28 02:25:50.593  2215  3023 I Adreno  : Local Branch                     : mybranche98577ff-b735-f1d3-aba3-1458d0b52af0
01-28 02:25:50.593  2215  3023 I Adreno  : Remote Branch                    : quic/gfx-adreno.lnx.1.0.r48-rel
01-28 02:25:50.593  2215  3023 I Adreno  : Remote Branch                    : NONE
01-28 02:25:50.593  2215  3023 I Adreno  : Reconstruct Branch               : NOTHING
01-28 02:25:50.593  2215  3023 I Adreno  : Build Config                     : S L 6.0.7 AArch64
01-28 02:25:50.601  2215  3023 I Adreno  : PFP: 0x005ff087, ME: 0x005ff063
01-28 02:25:50.604  2215  3023 E libEGL  : Driver indicates EGL 1.5 support, but does not have a critical API
01-28 02:25:50.615   557   557 I hwservicemanager: getTransport: Cannot find entry vendor.lineage.touch@1.0::ITouchscreenGesture/default in either framework or device manifest.
01-28 02:25:50.660  3017  3017 I ndroid.keychai: The ClassLoaderContext is a special shared library.
01-28 02:25:50.669  1328  3039 I chatty  : uid=1000 system_server expire 1 line
01-28 02:25:50.678  1328  3039 I DropBoxManagerService: add tag=SYSTEM_BOOT isTagEnabled=true flags=0x2
01-28 02:25:50.687  1328  3039 I BootReceiver: Copying /sys/fs/pstore/console-ramoops-0 to DropBox (SYSTEM_LAST_KMSG)
01-28 02:25:50.687  1328  3039 I DropBoxManagerService: add tag=SYSTEM_LAST_KMSG isTagEnabled=true flags=0x2
01-28 02:25:50.701  1328  3039 I BootReceiver: Copying audit failures to DropBox
01-28 02:25:50.702  1328  3039 I BootReceiver: Copied 0 worth of audits to DropBox
01-28 02:25:50.702  1328  3039 I DropBoxManagerService: add tag=SYSTEM_AUDIT isTagEnabled=true flags=0x2
01-28 02:25:50.707  1328  3039 I BootReceiver: Checking for fsck errors
01-28 02:25:50.708  1328  3039 I BootReceiver: fs_stat, partition:userdata stat:0x1
01-28 02:25:50.709  1328  3039 I BootReceiver: fs_stat, partition:dsp stat:0x3
01-28 02:25:50.709  1328  3039 I BootReceiver: fs_stat, partition:cache stat:0x1
01-28 02:25:50.709  1328  3039 I BootReceiver: fs_stat, partition:persist stat:0x41
01-28 02:25:50.722   827  2810 D AudioTrack: stop(20): called with 52920 frames delivered
01-28 02:25:50.735   644  1941 I netd    : bandwidthAddNiceApp(10051) <5.28ms>
01-28 02:25:50.740  2561  2561 W Dialer  : CountryDetector.registerForLocationUpdates - no location permissions, not registering for location updates
01-28 02:25:50.749  2215  2215 E libprocessgroup: set_timerslack_ns write failed: Operation not permitted
01-28 02:25:50.753  2561  2561 I Dialer  : DialerExecutorModule.newThread - creating low priority thread
01-28 02:25:50.754  2561  3046 I Dialer  : VisualVoicemailUpdateTask.updateNotification - enter
01-28 02:25:50.756  2063  3045 I chatty  : uid=1001(radio) DPMReceiver expire 3 lines
01-28 02:25:50.790  2561  3046 I Dialer  : VisualVoicemailUpdateTask.updateNotification - no voicemails to notify about
01-28 02:25:50.790  2561  3046 I Dialer  : VisualVoicemailNotifier.cancelAllVoicemailNotifications - enter
01-28 02:25:50.791  2561  3046 I Dialer  : VoicemailNotificationJobService.scheduleJob - job canceled
