01-28 02:25:48.252  2652  2689 V AlarmClock: AlarmInitReceiver finished
01-28 02:25:48.274  2139  2139 W TelecomFramework: AccountEntry: registerMmTelCapabilityCallback: registration failed, no ImsService available. Exception: CapabilityCallbackManager - MmTelFeature binder is dead. (code: 1)
01-28 02:25:48.285  2139  2435 I chatty  : uid=1001(radio) Binder:2139_5 expire 9 lines
01-28 02:25:48.289  1328  1429 W Looper  : Slow dispatch took 482ms android.fg h=com.android.server.usb.UsbDeviceManager$UsbHandlerLegacy c=null m=4
01-28 02:25:48.299  1328  1429 W Looper  : Slow delivery took 482ms android.fg h=com.android.server.adb.AdbDebuggingManager$AdbDebuggingHandler c=null m=1
01-28 02:25:48.299   566   566 D vold    : fscrypt_prepare_user_storage for volume null, user 0, serial 0, flags 2
01-28 02:25:48.299   566   566 D vold    : Preparing: /data/system_ce/0
01-28 02:25:48.299   566   566 D vold    : Preparing: /data/misc_ce/0
01-28 02:25:48.300   566   566 D vold    : Preparing: /data/vendor_ce/0
01-28 02:25:48.301   566   566 D vold    : Preparing: /data/media/0
01-28 02:25:48.301   566   566 D vold    : Preparing: /data/data
01-28 02:25:48.301   566   566 D vold    : Starting restorecon of /data/system_ce/0
01-28 02:25:48.316   566   566 D vold    : Finished restorecon of /data/system_ce/0
01-28 02:25:48.316   566   566 D vold    : Starting restorecon of /data/vendor_ce/0
01-28 02:25:48.330   566   566 D vold    : Finished restorecon of /data/vendor_ce/0
01-28 02:25:48.330   566   566 D vold    : Starting restorecon of /data/misc_ce/0
01-28 02:25:48.337  2368  2368 I chatty  : uid=1001(radio) com.qualcomm.qcrilmsgtunnel expire 9 lines
01-28 02:25:48.348  2111  2111 I chatty  : uid=1001(radio) .qtidataservices expire 24 lines
01-28 02:25:48.353   566   566 D vold    : Finished restorecon of /data/misc_ce/0
01-28 02:25:48.353   566   566 D vold    : /system/bin/vold_prepare_subdirs
01-28 02:25:48.353   566   566 D vold    :     prepare
01-28 02:25:48.353   566   566 D vold    :     
01-28 02:25:48.353   566   566 D vold    :     0
01-28 02:25:48.353   566   566 D vold    :     2
01-28 02:25:48.360  2087  2087 I chatty  : uid=1001(radio) com.qualcomm.qti.telephonyservice expire 8 lines
01-28 02:25:48.388  2063  2063 I chatty  : uid=1001(radio) .dataservices expire 22 lines
01-28 02:25:48.398  2457  2457 D CellBroadcastReceiver: onReceive Intent { act=android.intent.action.SERVICE_STATE flg=0x1000010 cmp=com.android.cellbroadcastreceiver/.CellBroadcastReceiver (has extras) }
01-28 02:25:48.411  1328  2659 D ConnectivityService: requestNetwork for uid/pid:1001/2111 NetworkRequest [ TRACK_DEFAULT id=19, [ Capabilities: INTERNET&NOT_RESTRICTED&TRUSTED Uid: 1001] ]
01-28 02:25:48.418  2063  2713 I chatty  : uid=1001(radio) MainEventThread expire 12 lines
01-28 02:25:48.420  2706  2706 D vold_prepare_subdirs: Setting up mode 700 uid 0 gid 0 context u:object_r:vold_data_file:s0 on path: /data/misc_ce/0/vold
01-28 02:25:48.423  2706  2706 D vold_prepare_subdirs: Setting up mode 700 uid 0 gid 0 context u:object_r:storaged_data_file:s0 on path: /data/misc_ce/0/storaged
01-28 02:25:48.424  2706  2706 D vold_prepare_subdirs: Setting up mode 700 uid 0 gid 0 context u:object_r:rollback_data_file:s0 on path: /data/misc_ce/0/rollback
01-28 02:25:48.424  2111  2714 I chatty  : uid=1001(radio) FrameworkReceiv expire 29 lines
01-28 02:25:48.425  2706  2706 D vold_prepare_subdirs: Setting up mode 700 uid 1000 gid 1000 context u:object_r:backup_data_file:s0 on path: /data/system_ce/0/backup
01-28 02:25:48.427  2706  2706 D vold_prepare_subdirs: Setting up mode 700 uid 1000 gid 1000 context u:object_r:backup_data_file:s0 on path: /data/system_ce/0/backup_stage
01-28 02:25:48.427  2706  2706 D vold_prepare_subdirs: Setting up mode 700 uid 1000 gid 1000 context u:object_r:face_vendor_data_file:s0 on path: /data/vendor_ce/0/facedata
01-28 02:25:48.427  2063  2715 I chatty  : uid=1001(radio) .dataservices expire 1 line
01-28 02:25:48.430  1328  1429 V UserDataPreparer: Found /data/user/0 with serial number 0
01-28 02:25:48.430  1328  1429 V UserDataPreparer: Found /data/system_ce/0 with serial number 0
01-28 02:25:48.430  1328  1429 D UserDataPreparer: Setting property: sys.user.0.ce_available=true
01-28 02:25:48.431  1328  1429 V PackageManager: reconcileAppsData for null u0 0x2 migrateAppData=false
01-28 02:25:48.437  2087  2718 I chatty  : uid=1001(radio) HwBinder:2087_1 expire 12 lines
01-28 02:25:48.455  1910  1910 V KeyguardUpdateMonitor: onSubscriptionInfoChanged()
01-28 02:25:48.459  1910  1910 V KeyguardUpdateMonitor: SubInfo:{id=1, iccId=8985200060790188003 simSlotIndex=0 carrierId=1526 displayName=HAPPY carrierName=  HAPPY nameSource=1 iconTint=-16746133 mNumber= dataRoaming=1 iconBitmap=android.graphics.Bitmap@49add22 mcc 454 mnc 00mCountryIso=hk isEmbedded false nativeAccessRules null cardString=8985200060790188003F cardId=0 isOpportunistic false mGroupUUID=null mIsGroupDisabled=false profileClass=-1 ehplmns = [] hplmns = [45400] subscriptionType=0 mGroupOwner=null carrierConfigAccessRules=null}
01-28 02:25:48.459  1910  1910 V KeyguardUpdateMonitor: SubInfo:{id=2, iccId=89852061808234067627 simSlotIndex=1 carrierId=761 displayName=SmarTone HK carrierName= nameSource=0 iconTint=-13408298 mNumber= dataRoaming=1 iconBitmap=android.graphics.Bitmap@f9cb3b3 mcc 454 mnc 06mCountryIso=hk isEmbedded false nativeAccessRules null cardString=89852061808234067627 cardId=1 isOpportunistic false mGroupUUID=null mIsGroupDisabled=false profileClass=-1 ehplmns = [] hplmns = [45406] subscriptionType=0 mGroupOwner=null carrierConfigAccessRules=null}
01-28 02:25:48.459  2111  2707 I chatty  : uid=1001(radio) ServiceFetcher expire 3 lines
01-28 02:25:48.467  1328  1905 I WifiService: WifiService trying to set country code to hk
01-28 02:25:48.468  1930  1930 I wpa_supplicant: wlan0: CTRL-EVENT-REGDOM-CHANGE init=USER type=COUNTRY alpha2=HK
01-28 02:25:48.470   833   833 I wificond: Regulatory domain changed to country: HK
01-28 02:25:48.472   833   833 I wificond: 2.4Ghz frequencies: 2412 2417 2422 2427 2432 2437 2442 2447 2452 2457 2462 2467 2472
01-28 02:25:48.472   833   833 I wificond: 5Ghz non-DFS frequencies: 5180 5200 5220 5240 5745 5765 5785 5805 5825
01-28 02:25:48.472   833   833 I wificond: 5Ghz DFS frequencies: 5260 5280 5300 5320 5500 5520 5540 5560 5580 5600 5620 5640 5660 5680 5700 5720
01-28 02:25:48.473  1006  1978 I LOWI-8.6.0.33: [LOWI-Scan] lowi_close_record:Scan done in 9356ms, 3 APs in scan results
01-28 02:25:48.474  1930  1930 I wpa_supplicant: wlan0: CTRL-EVENT-REGDOM-CHANGE init=USER type=COUNTRY alpha2=HK
01-28 02:25:48.486  1930  1930 I wpa_supplicant: wlan0: GAS-QUERY-START addr=d8:47:32:dd:79:ef dialog_token=0 freq=2417
01-28 02:25:48.487  1328  1793 I chatty  : uid=1000(system) ClientModeImpl expire 18 lines
01-28 02:25:48.490   719  2018 D PermissionCache: checking android.permission.MODIFY_AUDIO_SETTINGS for uid=1001 => granted (1149 us)
01-28 02:25:48.490   670   737 D audio_hw_primary: adev_set_parameters: enter: call_state=1;vsid=299651072
01-28 02:25:48.491   670   737 D voice_extn: update_call_states is_call_active:0 in_call:0, mode:0
01-28 02:25:48.491   670   737 D audio_hw_extn: audio_extn_fm_set_parameters: Enter
01-28 02:25:48.500   670   737 D audio_hw_primary: adev_set_parameters: enter: call_state=1;vsid=297816064
01-28 02:25:48.500   670   737 D voice_extn: update_call_states is_call_active:0 in_call:0, mode:0
01-28 02:25:48.501   670   737 D audio_hw_extn: audio_extn_fm_set_parameters: Enter
01-28 02:25:48.504   670   737 D audio_hw_primary: adev_set_parameters: enter: call_state=1;vsid=299651072
01-28 02:25:48.504   670   737 D voice_extn: update_call_states is_call_active:0 in_call:0, mode:0
01-28 02:25:48.504   670   737 D audio_hw_extn: audio_extn_fm_set_parameters: Enter
01-28 02:25:48.508  1328  1446 W ProcessCpuTracker: Failed to stat(/proc/2717): android.system.ErrnoException: stat failed: ENOENT (No such file or directory)
01-28 02:25:48.508  1328  1446 W ProcessCpuTracker: Skipping unknown process pid 2717
01-28 02:25:48.510   670   737 D audio_hw_primary: adev_set_parameters: enter: call_state=1;vsid=297816064
01-28 02:25:48.510   670   737 D voice_extn: update_call_states is_call_active:0 in_call:0, mode:0
01-28 02:25:48.510   670   737 D audio_hw_extn: audio_extn_fm_set_parameters: Enter
01-28 02:25:48.514  1328  1446 I chatty  : uid=1000(system) android.bg expire 2 lines
01-28 02:25:48.515  1328  2289 I chatty  : uid=1000(system) Binder:1328_9 expire 4 lines
01-28 02:25:48.520   670   737 D audio_hw_primary: adev_set_parameters: enter: call_state=1;vsid=299651072
01-28 02:25:48.521   670   737 D voice_extn: update_call_states is_call_active:0 in_call:0, mode:0
01-28 02:25:48.521   670   737 D audio_hw_extn: audio_extn_fm_set_parameters: Enter
01-28 02:25:48.526   670   737 D audio_hw_primary: adev_set_parameters: enter: call_state=1;vsid=297816064
01-28 02:25:48.526   670   737 D voice_extn: update_call_states is_call_active:0 in_call:0, mode:0
01-28 02:25:48.526   670   737 D audio_hw_extn: audio_extn_fm_set_parameters: Enter
01-28 02:25:48.541  2457  2457 D CellBroadcastReceiver: onReceive Intent { act=android.intent.action.SERVICE_STATE flg=0x1000010 cmp=com.android.cellbroadcastreceiver/.CellBroadcastReceiver (has extras) }
01-28 02:25:48.554  2561  2561 I Dialer  : LegacyVoicemailNotificationReceiver.onReceive - received legacy voicemail notification
01-28 02:25:48.554  2561  2561 I Dialer  : LegacyVoicemailNotificationReceiver.onReceive - isRefresh: true
01-28 02:25:48.554  2561  2561 I Dialer  : LegacyVoicemailNotificationReceiver.onReceive - clearing notification
01-28 02:25:48.554  2561  2561 I Dialer  : LegacyVoicemailNotifier.cancelNotification - enter
01-28 02:25:48.555  2139  2139 I TelecomFramework: : onSubscriptionsChanged - update accounts
01-28 02:25:48.556  2139  2139 I TelecomFramework: PstnIncomingCallNotifier: Unregistering: Handler (com.qualcomm.qti.internal.telephony.QtiGsmCdmaPhone) {e495f4e}
01-28 02:25:48.557  2561  2561 I Dialer  : LegacyVoicemailNotificationReceiver.onReceive - received legacy voicemail notification
01-28 02:25:48.557  2561  2561 I Dialer  : LegacyVoicemailNotificationReceiver.onReceive - isRefresh: true
01-28 02:25:48.557  2561  2561 I Dialer  : LegacyVoicemailNotificationReceiver.onReceive - clearing notification
01-28 02:25:48.557  2561  2561 I Dialer  : LegacyVoicemailNotifier.cancelNotification - enter
01-28 02:25:48.558  2139  2139 I TelecomFramework: PstnIncomingCallNotifier: Unregistering: Handler (com.qualcomm.qti.internal.telephony.QtiGsmCdmaPhone) {49b886f}
01-28 02:25:48.562  2139  2139 I TelecomFramework: TelecomAccountRegistry: setupAccounts: Found 2 phones.  Attempting to register.
01-28 02:25:48.562  2139  2139 I TelecomFramework: TelecomAccountRegistry: setupAccounts: Phone with subscription id 1
01-28 02:25:48.568   644  1941 I netd    : bandwidthSetGlobalAlert(2097152) <0.33ms>
01-28 02:25:48.575  1328  2659 I Telecom : PhoneAccountRegistrar: Modify account: [ComponentInfo{com.android.phone/com.android.services.telephony.TelephonyConnectionService}, ***, UserHandle{0}]: TSI.rPA@AH8
01-28 02:25:48.579  1328  2659 I Telecom : CallsManager: handlePhoneAccountChanged: phoneAccount=[[X] PhoneAccount: ComponentInfo{com.android.phone/com.android.services.telephony.TelephonyConnectionService}, ***, UserHandle{0} Capabilities: SuppVideo CallProvider MultiUser PlaceEmerg SimSub  Audio Routes: BESW Schemes: tel voicemail  Extras: Bundle[{android.telecom.extra.SUPPORTS_VIDEO_CALLING_FALLBACK=true, android.telecom.extra.SORT_ORDER=0}] GroupId: ***]: TSI.rPA@AH8
01-28 02:25:48.580  2139  2139 I TelecomFramework: AccountEntry: Registered phoneAccount: [[ ] PhoneAccount: ComponentInfo{com.android.phone/com.android.services.telephony.TelephonyConnectionService}, ***, UserHandle{0} Capabilities: SuppVideo CallProvider MultiUser PlaceEmerg SimSub  Audio Routes: BESW Schemes: tel voicemail  Extras: Bundle[{android.telecom.extra.SUPPORTS_VIDEO_CALLING_FALLBACK=true, android.telecom.extra.SORT_ORDER=0}] GroupId: ***] with handle: ComponentInfo{com.android.phone/com.android.services.telephony.TelephonyConnectionService}, ***, UserHandle{0}
01-28 02:25:48.580  2139  2139 I TelecomFramework: PstnIncomingCallNotifier: Registering: Handler (com.qualcomm.qti.internal.telephony.QtiGsmCdmaPhone) {e495f4e}
01-28 02:25:48.581  2139  2139 W TelecomFramework: AccountEntry: registerMmTelCapabilityCallback: registration failed, no ImsService available. Exception: CapabilityCallbackManager - MmTelFeature binder is dead. (code: 1)
01-28 02:25:48.581  2139  2139 I TelecomFramework: TelecomAccountRegistry: setupAccounts: Phone with subscription id 2
01-28 02:25:48.595  1328  2659 I Telecom : PhoneAccountRegistrar: Modify account: [ComponentInfo{com.android.phone/com.android.services.telephony.TelephonyConnectionService}, ***, UserHandle{0}]: TSI.rPA@AIA
01-28 02:25:48.599  1328  2659 I Telecom : CallsManager: handlePhoneAccountChanged: phoneAccount=[[X] PhoneAccount: ComponentInfo{com.android.phone/com.android.services.telephony.TelephonyConnectionService}, ***, UserHandle{0} Capabilities: SuppVideo CallProvider MultiUser PlaceEmerg SimSub  Audio Routes: BESW Schemes: tel voicemail  Extras: Bundle[{android.telecom.extra.SUPPORTS_VIDEO_CALLING_FALLBACK=true, android.telecom.extra.SORT_ORDER=1}] GroupId: ***]: TSI.rPA@AIA
01-28 02:25:48.599  2139  2139 I TelecomFramework: AccountEntry: Registered phoneAccount: [[ ] PhoneAccount: ComponentInfo{com.android.phone/com.android.services.telephony.TelephonyConnectionService}, ***, UserHandle{0} Capabilities: SuppVideo CallProvider MultiUser PlaceEmerg SimSub  Audio Routes: BESW Schemes: tel voicemail  Extras: Bundle[{android.telecom.extra.SUPPORTS_VIDEO_CALLING_FALLBACK=true, android.telecom.extra.SORT_ORDER=1}] GroupId: ***] with handle: ComponentInfo{com.android.phone/com.android.services.telephony.TelephonyConnectionService}, ***, UserHandle{0}
01-28 02:25:48.599  2139  2139 I TelecomFramework: PstnIncomingCallNotifier: Registering: Handler (com.qualcomm.qti.internal.telephony.QtiGsmCdmaPhone) {49b886f}
01-28 02:25:48.622  1328  2659 I chatty  : uid=1000(system) Binder:1328_B expire 2 lines
01-28 02:25:48.627  2139  2139 W TelecomFramework: AccountEntry: registerMmTelCapabilityCallback: registration failed, no ImsService available. Exception: CapabilityCallbackManager - MmTelFeature binder is dead. (code: 1)
01-28 02:25:48.642  2139  2139 I TelecomFramework: PstnPhoneCapabilitiesNotifier: handleVideoCapabilitesChanged. Video capability - false
01-28 02:25:48.648  2139  2139 W TelecomFramework: AccountEntry: registerMmTelCapabilityCallback: registration failed, no ImsService available. Exception: CapabilityCallbackManager - MmTelFeature binder is dead. (code: 1)
01-28 02:25:48.666  1328  2289 I Telecom : PhoneAccountRegistrar: Modify account: [ComponentInfo{com.android.phone/com.android.services.telephony.TelephonyConnectionService}, ***, UserHandle{0}]: TSI.rPA@AIM
01-28 02:25:48.673  1328  2289 I Telecom : CallsManager: handlePhoneAccountChanged: phoneAccount=[[X] PhoneAccount: ComponentInfo{com.android.phone/com.android.services.telephony.TelephonyConnectionService}, ***, UserHandle{0} Capabilities: SuppVideo CallProvider MultiUser PlaceEmerg SimSub  Audio Routes: BESW Schemes: tel voicemail  Extras: Bundle[{android.telecom.extra.SUPPORTS_VIDEO_CALLING_FALLBACK=true, android.telecom.extra.SORT_ORDER=0}] GroupId: ***]: TSI.rPA@AIM
01-28 02:25:48.675  2139  2139 I TelecomFramework: PstnPhoneCapabilitiesNotifier: handleVideoCapabilitesChanged. Video capability - false
01-28 02:25:48.697  1328  2289 I Telecom : PhoneAccountRegistrar: Modify account: [ComponentInfo{com.android.phone/com.android.services.telephony.TelephonyConnectionService}, ***, UserHandle{0}]: TSI.rPA@AIQ
01-28 02:25:48.704  1328  2289 I Telecom : CallsManager: handlePhoneAccountChanged: phoneAccount=[[X] PhoneAccount: ComponentInfo{com.android.phone/com.android.services.telephony.TelephonyConnectionService}, ***, UserHandle{0} Capabilities: SuppVideo CallProvider MultiUser PlaceEmerg SimSub  Audio Routes: BESW Schemes: tel voicemail  Extras: Bundle[{android.telecom.extra.SUPPORTS_VIDEO_CALLING_FALLBACK=true, android.telecom.extra.SORT_ORDER=1}] GroupId: ***]: TSI.rPA@AIQ
01-28 02:25:48.758  1930  1930 I wpa_supplicant: wlan0: GAS-QUERY-DONE addr=d8:47:32:dd:79:ef dialog_token=0 freq=2417 status_code=0 result=TIMEOUT
01-28 02:25:48.818   686   686 E QTI PowerHAL: Failed to acquire lock.
01-28 02:25:48.818   686   686 E QTI PowerHAL: Setting power profile failed. perf HAL not started?
01-28 02:25:49.143  2457  2457 D CellBroadcastReceiver: onReceive Intent { act=android.intent.action.SERVICE_STATE flg=0x1000010 cmp=com.android.cellbroadcastreceiver/.CellBroadcastReceiver (has extras) }
01-28 02:25:49.167  2139  2139 W TelecomFramework: AccountEntry: registerMmTelCapabilityCallback: registration failed, no ImsService available. Exception: CapabilityCallbackManager - MmTelFeature binder is dead. (code: 1)
01-28 02:25:49.228  1910  1910 I ndroid.systemui: type=1400 audit(0.0:24): avc: denied { getattr } for path="/data/user_de/0/com.android.phone" dev="mmcblk0p52" ino=1335403 scontext=u:r:platform_app:s0:c512,c768 tcontext=u:object_r:radio_data_file:s0 tclass=dir permissive=1 app=com.android.systemui
01-28 02:25:49.229  1910  1910 W System  : ClassLoader referenced unknown path: 
01-28 02:25:49.234  2680  2695 I adbd    : USB event: FUNCTIONFS_ENABLE
01-28 02:25:49.242  2457  2622 D CellBroadcastConfigService: Disable CellBroadcast on sub 2
01-28 02:25:49.267   827   827 D NuPlayerDriver: NuPlayerDriver(0xee35c460) created, clientPid(1910)
01-28 02:25:49.270   827   827 I Codec2Client: Creating a Codec2 client to service "software"
01-28 02:25:49.271   827   827 I Codec2Client: Client to Codec2 service "software" created
01-28 02:25:49.281   827  2762 D GenericSource: FileSource remote
01-28 02:25:49.298  2680  2680 I adbd    : UsbFfs: already offline
01-28 02:25:49.298  2680  2680 I adbd    : Calling send_auth_request...
01-28 02:25:49.322  2680  2680 I adbd    : Loading keys from /data/misc/adb/adb_keys
01-28 02:25:49.323  2680  2680 I adbd    : adb client authorized
01-28 02:25:49.323  1328  2699 D AdbDebuggingManager: Received connected key message: QAAAAKuI5CP9zRy5U+bTjMxRhWLJV3Fqk91bQyjy7wjEEnFY7Mz3zS7aTfSQYcSUKtFR7u2IRUP4VQTBZM8u5HSV91OsQhIl1gDzXLlFBH72S84jsreSkCzfh+M5X535DRmHZRRvKAnAxIqT2DARTTBfREUtCQw2g3T69MxDwzluv6lLNL2ZC4JtKpLkdVHj/WvFblBQ1x2/h/3k+e1Vz8dcJY8MU8jUuvxkZxZvbnNSLb8aEkrY0ZieOz3bPn5wcWZ8aVZj1Bo9lDaCUgrVV8fYk/OoL+diSlLPjMs53SMYLyRK3EPbBEsssAPkDxKWOZPT0FK0fg/FrQn+WFBqMqgBjAeQQ9HN4JkQ3cO2Rj4jr9A9+24u8TeTJRP76Y0jz5O6/olCgZPa0pwoxTGoK9O/UbA71WmzyVBNKt27kM9ahGFZXtFz0KQ7J3TIyAOfNajVfExjsuVZ8Ws6bR5ti7ML/an73wrwPuihA64/WixJ/SsYWRvfD2ugOTdAPAwX6E8TgIZpZQrM95yVg/eyV6wtqx8Bx7HTx2joYrPDeJvOiFkiIG94tv/ZUfAltDWBwFbXYVa/Lc2AvWWeXgIVSL1DjA1WvW7tsRUpedtJ8mm+nrdgN5g5/gBslYoAa2PIegOjrBk8hipg6nnctmZYCF13Jl3Y7rKZcyxk7UDmH35SQKPnzZksrwEAAQA= @unknown
01-28 02:25:49.431  2457  2622 D CellBroadcastConfigService: Enable CellBroadcast on sub 1
01-28 02:25:49.472   696   725 E ANDR-PERF-TARGET: Error: Invalid cluster id 2
01-28 02:25:49.472   696   725 E ANDR-PERF-TARGET: Error: Invalid cluster id 2
01-28 02:25:49.473   696  2774 E ANDR-PERF-MPCTL:  before pthread_cond_wait 1696, chk_core_online_poll
01-28 02:25:49.523  1328  1429 V PackageManager: reconcileAppsData finished 179 packages
01-28 02:25:49.523  1328  1429 I ActivityManager: User 0 state changed from RUNNING_LOCKED to RUNNING_UNLOCKING
01-28 02:25:49.523  1328  1429 D ActivityManager: Unlocking user 0 progress 20
01-28 02:25:49.523  1328  1429 W Looper  : Slow dispatch took 1225ms android.fg h=android.os.Handler c=com.android.server.am.-$$Lambda$UserController$stQk1028ON105v_u-VMykVjcxLk@74c2bed m=0
01-28 02:25:49.523  1328  1448 I SystemServiceManager: Calling onUnlockUser u0
01-28 02:25:49.524  1328  1448 D SystemServiceManager: onUnlockUser-0 com.android.server.pm.Installer took to complete: 0ms
01-28 02:25:49.524  1328  1448 D SystemServiceManager: onUnlockUser-0 com.android.server.os.DeviceIdentifiersPolicyService took to complete: 0ms
01-28 02:25:49.524  1328  1448 D SystemServiceManager: onUnlockUser-0 com.android.server.uri.UriGrantsManagerService$Lifecycle took to complete: 0ms
01-28 02:25:49.526   806   806 D installd: Found quota mount /dev/block/bootdevice/by-name/userdata at /data
01-28 02:25:49.527   806   806 D installd: Found storage mount /data/media at /mnt/runtime/default/emulated
01-28 02:25:49.556  1930  1930 I wpa_supplicant: wlan0: ANQP-QUERY-DONE addr=d8:47:32:dd:79:ef result=FAILURE
01-28 02:25:49.557  1930  1930 E wpa_supplicant: nl80211: Failed to open /proc/sys/net/ipv4/conf/wlan0/drop_unicast_in_l2_multicast: No such file or directory
01-28 02:25:49.557  1930  1930 E wpa_supplicant: nl80211: Failed to set IPv4 unicast in multicast filter
01-28 02:25:49.573   694   694 I LocSvc_GnssInterface: ===> updateConfiguration line 144 
01-28 02:25:49.579   694   694 I chatty  : uid=1021(gps) gnss@2.0-servic identical 11 lines
01-28 02:25:49.579   694   694 I LocSvc_GnssInterface: ===> updateConfiguration line 144 
01-28 02:25:49.579   694  1958 I LocSvc_api_v02: ---> locClientSendReq line 2154 QMI_LOC_SET_ENGINE_LOCK_REQ_V02
01-28 02:25:49.580   694   694 I LocSvc_GnssInterface: ===> updateConfiguration line 144 
01-28 02:25:49.582   696   725 E ANDR-PERF-TARGET: Error: Invalid cluster id 2
01-28 02:25:49.582   696   725 E ANDR-PERF-TARGET: Error: Invalid cluster id 2
01-28 02:25:49.582  1328  1429 D AdbDebuggingManager: Logging key QAAAAKuI5CP9zRy5U+bTjMxRhWLJV3Fqk91bQyjy7wjEEnFY7Mz3zS7aTfSQYcSUKtFR7u2IRUP4VQTBZM8u5HSV91OsQhIl1gDzXLlFBH72S84jsreSkCzfh+M5X535DRmHZRRvKAnAxIqT2DARTTBfREUtCQw2g3T69MxDwzluv6lLNL2ZC4JtKpLkdVHj/WvFblBQ1x2/h/3k+e1Vz8dcJY8MU8jUuvxkZxZvbnNSLb8aEkrY0ZieOz3bPn5wcWZ8aVZj1Bo9lDaCUgrVV8fYk/OoL+diSlLPjMs53SMYLyRK3EPbBEsssAPkDxKWOZPT0FK0fg/FrQn+WFBqMqgBjAeQQ9HN4JkQ3cO2Rj4jr9A9+24u8TeTJRP76Y0jz5O6/olCgZPa0pwoxTGoK9O/UbA71WmzyVBNKt27kM9ahGFZXtFz0KQ7J3TIyAOfNajVfExjsuVZ8Ws6bR5ti7ML/an73wrwPuihA64/WixJ/SsYWRvfD2ugOTdAPAwX6E8TgIZpZQrM95yVg/eyV6wtqx8Bx7HTx2joYrPDeJvOiFkiIG94tv/ZUfAltDWBwFbXYVa/Lc2AvWWeXgIVSL1DjA1WvW7tsRUpedtJ8mm+nrdgN5g5/gBslYoAa2PIegOjrBk8hipg6nnctmZYCF13Jl3Y7rKZcyxk7UDmH35SQKPnzZksrwEAAQA= @unknown, state = 4, alwaysAllow = true, lastConnectionTime = 1611771949582, authWindow = 604800000
01-28 02:25:49.583  1328  1429 I chatty  : uid=1000(system) android.fg expire 16 lines
01-28 02:25:49.584   833   833 W wificond: Scan is not started. Ignore abort request
01-28 02:25:49.585  1328  1429 W Looper  : Drained
01-28 02:25:49.586   694  1965 I LocSvc_ApiV02: <--- globalRespCb line 150 QMI_LOC_SET_ENGINE_LOCK_REQ_V02
01-28 02:25:49.586   694  1958 E LocSvc_APIClientBase: onCtrlCollectiveResponseCb:189] ERROR: 3 ID: 26
01-28 02:25:49.618   644  1941 I netd    : interfaceGetCfg("wlan0") <0.85ms>
01-28 02:25:49.622   644  1941 I netd    : interfaceGetCfg("wlan0") <0.31ms>
01-28 02:25:49.623   644  1941 I netd    : interfaceGetCfg("wlan0") <0.28ms>
01-28 02:25:49.627  1328  1448 W SystemServiceManager: Service com.android.server.wm.ActivityTaskManagerService$Lifecycle took 103 ms in onUnlockUser 
01-28 02:25:49.627  1328  1448 D SystemServiceManager: onUnlockUser-0 com.android.server.wm.ActivityTaskManagerService$Lifecycle took to complete: 103ms
01-28 02:25:49.629  1328  1448 D SystemServiceManager: onUnlockUser-0 com.android.server.am.ActivityManagerService$Lifecycle took to complete: 0ms
01-28 02:25:49.629  1328  1448 D SystemServiceManager: onUnlockUser-0 com.android.server.power.PowerManagerService took to complete: 0ms
01-28 02:25:49.629  1328  1448 D SystemServiceManager: onUnlockUser-0 com.android.server.power.ThermalManagerService took to complete: 0ms
01-28 02:25:49.629  1328  1448 D SystemServiceManager: onUnlockUser-0 com.android.server.RecoverySystemService took to complete: 0ms
01-28 02:25:49.629  1328  1448 D SystemServiceManager: onUnlockUser-0 com.android.server.lights.LightsService took to complete: 0ms
01-28 02:25:49.629  1328  1448 D SystemServiceManager: onUnlockUser-0 com.android.server.display.DisplayManagerService took to complete: 0ms
01-28 02:25:49.629  1328  1448 D SystemServiceManager: onUnlockUser-0 com.android.server.pm.UserManagerService$LifeCycle took to complete: 0ms
01-28 02:25:49.629  1328  1448 D SystemServiceManager: onUnlockUser-0 com.android.server.om.OverlayManagerService took to complete: 0ms
01-28 02:25:49.629  1328  1448 D SystemServiceManager: onUnlockUser-0 com.android.server.SensorPrivacyService took to complete: 0ms
01-28 02:25:49.629  1328  1448 D SystemServiceManager: onUnlockUser-0 com.android.server.BatteryService took to complete: 0ms
01-28 02:25:49.629  1328  1448 D SystemServiceManager: onUnlockUser-0 com.android.server.usage.UsageStatsService took to complete: 0ms
01-28 02:25:49.629  1328  1448 D SystemServiceManager: onUnlockUser-0 com.android.server.webkit.WebViewUpdateService took to complete: 0ms
01-28 02:25:49.629  1328  1448 D SystemServiceManager: onUnlockUser-0 com.android.server.CachedDeviceStateService took to complete: 0ms
01-28 02:25:49.629  1328  1448 D SystemServiceManager: onUnlockUser-0 com.android.server.BinderCallsStatsService$LifeCycle took to complete: 0ms
01-28 02:25:49.629  1328  1448 D SystemServiceManager: onUnlockUser-0 com.android.server.LooperStatsService$Lifecycle took to complete: 0ms
01-28 02:25:49.630  1328  1448 D SystemServiceManager: onUnlockUser-0 com.android.server.rollback.RollbackManagerService took to complete: 0ms
01-28 02:25:49.630  1328  1448 D SystemServiceManager: onUnlockUser-0 com.android.server.os.BugreportManagerService took to complete: 0ms
01-28 02:25:49.630  1328  1448 D SystemServiceManager: onUnlockUser-0 com.android.server.gpu.GpuService took to complete: 0ms
01-28 02:25:49.630  1328  1448 D SystemServiceManager: onUnlockUser-0 com.android.server.security.KeyChainSystemService took to complete: 0ms
01-28 02:25:49.630  1328  1448 D SystemServiceManager: onUnlockUser-0 com.android.server.telecom.TelecomLoaderService took to complete: 0ms
01-28 02:25:49.630  1328  1448 D SystemServiceManager: onUnlockUser-0 com.android.server.accounts.AccountManagerService$Lifecycle took to complete: 0ms
01-28 02:25:49.631  1328  1448 D SystemServiceManager: onUnlockUser-0 com.android.server.content.ContentService$Lifecycle took to complete: 0ms
01-28 02:25:49.631  1328  1448 D SystemServiceManager: onUnlockUser-0 com.android.server.DropBoxManagerService took to complete: 0ms
01-28 02:25:49.631  1328  1448 D SystemServiceManager: onUnlockUser-0 com.android.server.AlarmManagerService took to complete: 0ms
01-28 02:25:49.631  1328  1448 D BluetoothManagerService: User 0 unlocked
01-28 02:25:49.631  1328  1448 D SystemServiceManager: onUnlockUser-0 com.android.server.BluetoothService took to complete: 0ms
01-28 02:25:49.631  1328  1448 D SystemServiceManager: onUnlockUser-0 com.android.server.connectivity.IpConnectivityMetrics took to complete: 0ms
01-28 02:25:49.631  1328  1448 D SystemServiceManager: onUnlockUser-0 com.android.server.net.watchlist.NetworkWatchlistService$Lifecycle took to complete: 0ms
01-28 02:25:49.631  1328  1448 D SystemServiceManager: onUnlockUser-0 com.android.server.PinnerService took to complete: 0ms
01-28 02:25:49.631  1328  1448 D SystemServiceManager: onUnlockUser-0 com.android.server.inputmethod.InputMethodManagerService$Lifecycle took to complete: 1ms
01-28 02:25:49.631  1328  1448 D SystemServiceManager: onUnlockUser-0 com.android.server.accessibility.AccessibilityManagerService$Lifecycle took to complete: 0ms
01-28 02:25:49.631  1328  1448 D StorageManagerService: onUnlockUser 0
01-28 02:25:49.633   566   566 D vold    : Linking /storage/emulated/0 to /mnt/user/0/primary
01-28 02:25:49.648  1328  1448 D SystemServiceManager: onUnlockUser-0 com.android.server.StorageManagerService$Lifecycle took to complete: 17ms
01-28 02:25:49.651  1328  1431 D BluetoothManagerService: MESSAGE_USER_UNLOCKED
01-28 02:25:49.651  1328  1448 D SystemServiceManager: onUnlockUser-0 com.android.server.usage.StorageStatsService$Lifecycle took to complete: 0ms
01-28 02:25:49.651  1328  1448 D SystemServiceManager: onUnlockUser-0 com.android.server.UiModeManagerService took to complete: 0ms
01-28 02:25:49.652  1328  1448 D SystemServiceManager: onUnlockUser-0 com.android.server.locksettings.LockSettingsService$Lifecycle took to complete: 1ms
01-28 02:25:49.652  1328  1448 D SystemServiceManager: onUnlockUser-0 com.android.server.PersistentDataBlockService took to complete: 0ms
01-28 02:25:49.652  1328  1448 D SystemServiceManager: onUnlockUser-0 com.android.server.testharness.TestHarnessModeService took to complete: 0ms
01-28 02:25:49.652  1328  1448 D SystemServiceManager: onUnlockUser-0 com.android.server.oemlock.OemLockService took to complete: 0ms
01-28 02:25:49.652  1328  1448 D SystemServiceManager: onUnlockUser-0 com.android.server.DeviceIdleController took to complete: 0ms
01-28 02:25:49.652  1328  1448 D SystemServiceManager: onUnlockUser-0 com.android.server.devicepolicy.DevicePolicyManagerService$Lifecycle took to complete: 0ms
01-28 02:25:49.681  1328  1446 D PinnerService: pinRangeStream: null
01-28 02:25:49.695  1328  1448 D SystemServiceManager: onUnlockUser-0 com.android.server.textservices.TextServicesManagerService$Lifecycle took to complete: 44ms
01-28 02:25:49.696  1328  1448 D SystemServiceManager: onUnlockUser-0 com.android.server.textclassifier.TextClassificationManagerService$Lifecycle took to complete: 0ms
01-28 02:25:49.696  1328  1448 D SystemServiceManager: onUnlockUser-0 com.android.server.NetworkScoreService$Lifecycle took to complete: 0ms
01-28 02:25:49.696  1328  1448 I chatty  : uid=1000(system) ActivityManager expire 15 lines
01-28 02:25:49.696  1328  1448 D SystemServiceManager: onUnlockUser-0 com.android.server.wifi.WifiService took to complete: 1ms
01-28 02:25:49.696  1328  1448 D SystemServiceManager: onUnlockUser-0 com.android.server.wifi.scanner.WifiScanningService took to complete: 0ms
01-28 02:25:49.696  1328  1448 D SystemServiceManager: onUnlockUser-0 com.android.server.wifi.p2p.WifiP2pService took to complete: 0ms
01-28 02:25:49.696  1328  1448 D SystemServiceManager: onUnlockUser-0 com.android.server.ethernet.EthernetService took to complete: 0ms
01-28 02:25:49.696  1328  1448 D SystemServiceManager: onUnlockUser-0 com.android.server.notification.NotificationManagerService took to complete: 0ms
01-28 02:25:49.697  1328  1448 D SystemServiceManager: onUnlockUser-0 com.android.server.storage.DeviceStorageMonitorService took to complete: 0ms
01-28 02:25:49.697  1328  1448 D SystemServiceManager: onUnlockUser-0 com.android.server.timedetector.TimeDetectorService$Lifecycle took to complete: 0ms
01-28 02:25:49.697  1328  1448 D SystemServiceManager: onUnlockUser-0 com.android.server.search.SearchManagerService$Lifecycle took to complete: 0ms
01-28 02:25:49.697  1328  1448 D SystemServiceManager: onUnlockUser-0 com.android.server.wallpaper.WallpaperManagerService$Lifecycle took to complete: 0ms
01-28 02:25:49.697  1328  1448 D SystemServiceManager: onUnlockUser-0 com.android.server.audio.AudioService$Lifecycle took to complete: 0ms
01-28 02:25:49.697  1328  1448 D SystemServiceManager: onUnlockUser-0 com.android.server.DockObserver took to complete: 0ms
01-28 02:25:49.699  1328  1448 D SystemServiceManager: onUnlockUser-0 com.android.server.midi.MidiService$Lifecycle took to complete: 2ms
01-28 02:25:49.699  1328  1448 D SystemServiceManager: onUnlockUser-0 com.android.server.adb.AdbService$Lifecycle took to complete: 0ms
01-28 02:25:49.701  1328  1446 D PinnerService: pinRangeStream: null
01-28 02:25:49.701  1328  1448 D SystemServiceManager: onUnlockUser-0 com.android.server.usb.UsbService$Lifecycle took to complete: 2ms
01-28 02:25:49.701  1328  1448 D SystemServiceManager: onUnlockUser-0 com.android.server.twilight.TwilightService took to complete: 0ms
01-28 02:25:49.701  1328  1448 D SystemServiceManager: onUnlockUser-0 com.android.server.display.color.ColorDisplayService took to complete: 0ms
01-28 02:25:49.701  1328  1448 D SystemServiceManager: onUnlockUser-0 com.android.server.job.JobSchedulerService took to complete: 0ms
01-28 02:25:49.701  1328  1448 D SystemServiceManager: onUnlockUser-0 com.android.server.soundtrigger.SoundTriggerService took to complete: 0ms
01-28 02:25:49.701  1328  1448 D SystemServiceManager: onUnlockUser-0 com.android.server.trust.TrustManagerService took to complete: 0ms
01-28 02:25:49.702  1328  1448 D SystemServiceManager: onUnlockUser-0 com.android.server.backup.BackupManagerService$Lifecycle took to complete: 0ms
01-28 02:25:49.702  1328  1448 D SystemServiceManager: onUnlockUser-0 com.android.server.appwidget.AppWidgetService took to complete: 0ms
01-28 02:25:49.702  1328  1448 D SystemServiceManager: onUnlockUser-0 com.android.server.role.RoleManagerService took to complete: 0ms
01-28 02:25:49.702  1328  1448 W VoiceInteractionManagerService: no available voice interaction services found for user 0
01-28 02:25:49.702  1328  1448 W VoiceInteractionManagerService: no available voice recognition services found for user 0
01-28 02:25:49.702  1328  1448 D VoiceInteractionManagerService: initForUser(0) took to complete: 1ms
01-28 02:25:49.703  1328  1448 D VoiceInteractionManagerService: switchImplementation(0) took to complete: 0ms
01-28 02:25:49.703  1328  1448 D SystemServiceManager: onUnlockUser-0 com.android.server.voiceinteraction.VoiceInteractionManagerService took to complete: 1ms
01-28 02:25:49.703  1328  1448 D SystemServiceManager: onUnlockUser-0 com.android.server.GestureLauncherService took to complete: 0ms
01-28 02:25:49.703  1328  1448 D SystemServiceManager: onUnlockUser-0 com.android.server.SensorNotificationService took to complete: 0ms
01-28 02:25:49.703  1328  1448 D SystemServiceManager: onUnlockUser-0 com.android.server.ContextHubSystemService took to complete: 0ms
01-28 02:25:49.703  1328  1448 D SystemServiceManager: onUnlockUser-0 com.android.server.emergency.EmergencyAffordanceService took to complete: 0ms
01-28 02:25:49.703  1328  1448 D SystemServiceManager: onUnlockUser-0 com.android.server.dreams.DreamManagerService took to complete: 0ms
01-28 02:25:49.703  1328  1448 D SystemServiceManager: onUnlockUser-0 com.android.server.print.PrintManagerService took to complete: 0ms
01-28 02:25:49.703  1328  1448 D SystemServiceManager: onUnlockUser-0 com.android.server.companion.CompanionDeviceManagerService took to complete: 1ms
01-28 02:25:49.703  1328  1448 D SystemServiceManager: onUnlockUser-0 com.android.server.restrictions.RestrictionsManagerService took to complete: 0ms
01-28 02:25:49.703  1328  1448 D SystemServiceManager: onUnlockUser-0 com.android.server.media.MediaSessionService took to complete: 0ms
01-28 02:25:49.704  1328  1448 D SystemServiceManager: onUnlockUser-0 com.android.server.media.MediaResourceMonitorService took to complete: 0ms
01-28 02:25:49.704  1328  1448 D SystemServiceManager: onUnlockUser-0 com.android.server.biometrics.fingerprint.FingerprintService took to complete: 0ms
01-28 02:25:49.704  1328  1448 D SystemServiceManager: onUnlockUser-0 com.android.server.biometrics.BiometricService took to complete: 0ms
01-28 02:25:49.704  1328  1448 D SystemServiceManager: onUnlockUser-0 com.android.server.pm.ShortcutService$Lifecycle took to complete: 0ms
01-28 02:25:49.704  1328  1448 D SystemServiceManager: onUnlockUser-0 com.android.server.pm.LauncherAppsService took to complete: 0ms
01-28 02:25:49.704  1328  1448 D SystemServiceManager: onUnlockUser-0 com.android.server.pm.CrossProfileAppsService took to complete: 0ms
01-28 02:25:49.704  1328  1448 D SystemServiceManager: onUnlockUser-0 com.android.server.media.projection.MediaProjectionManagerService took to complete: 0ms
01-28 02:25:49.704  1328  1448 D SystemServiceManager: onUnlockUser-0 com.android.server.slice.SliceManagerService$Lifecycle took to complete: 0ms
01-28 02:25:49.704  1328  1448 D SystemServiceManager: onUnlockUser-0 com.android.server.camera.CameraServiceProxy took to complete: 0ms
01-28 02:25:49.704  1328  1448 D SystemServiceManager: onUnlockUser-0 com.android.server.stats.StatsCompanionService$Lifecycle took to complete: 0ms
01-28 02:25:49.704  1328  1448 D SystemServiceManager: onUnlockUser-0 com.android.server.incident.IncidentCompanionService took to complete: 0ms
01-28 02:25:49.704  1328  1448 D SystemServiceManager: onUnlockUser-0 com.android.server.MmsServiceBroker took to complete: 0ms
01-28 02:25:49.705  1328  1448 D SystemServiceManager: onUnlockUser-0 com.android.server.autofill.AutofillManagerService took to complete: 0ms
01-28 02:25:49.705  1328  1448 D SystemServiceManager: onUnlockUser-0 com.android.server.clipboard.ClipboardService took to complete: 0ms
01-28 02:25:49.705  1328  1448 D SystemServiceManager: onUnlockUser-0 com.android.server.appbinding.AppBindingService$Lifecycle took to complete: 0ms
01-28 02:25:49.705  1328  1448 D SystemServiceManager: onUnlockUser-0 org.lineageos.platform.internal.ProfileManagerService took to complete: 0ms
01-28 02:25:49.705  1328  1448 D SystemServiceManager: onUnlockUser-0 org.lineageos.platform.internal.LineageHardwareService took to complete: 0ms
01-28 02:25:49.705  1328  1448 D SystemServiceManager: onUnlockUser-0 org.lineageos.platform.internal.PerformanceManagerService took to complete: 0ms
01-28 02:25:49.705  1328  1448 D SystemServiceManager: onUnlockUser-0 org.lineageos.platform.internal.display.LiveDisplayService took to complete: 0ms
01-28 02:25:49.705  1328  1448 D SystemServiceManager: onUnlockUser-0 org.lineageos.platform.internal.LineageAudioService took to complete: 0ms
01-28 02:25:49.705  1328  1448 D SystemServiceManager: onUnlockUser-0 org.lineageos.platform.internal.TrustInterfaceService took to complete: 1ms
01-28 02:25:49.705  1328  1448 D SystemServiceManager: onUnlockUser-0 org.lineageos.platform.internal.LineageSettingsService took to complete: 0ms
01-28 02:25:49.705  1328  1448 D SystemServiceManager: onUnlockUser-0 com.android.server.policy.PermissionPolicyService took to complete: 0ms
01-28 02:25:49.705  1328  1448 D SystemServiceManager: ssm.unlockUser-0 took to complete: 182ms
01-28 02:25:49.706  1328  1448 D ActivityManager: UserController event: finishUserUnlocked(0)
01-28 02:25:49.706  1328  1448 I ActivityManager: User 0 state changed from RUNNING_UNLOCKING to RUNNING_UNLOCKED
01-28 02:25:49.706  1328  1429 I ActivityTaskManager: Loading recents for user 0 into memory.
01-28 02:25:49.706  1328  1448 D SystemServerTiming: SystemUserUnlock took to complete: 1837ms
01-28 02:25:49.710  1328  1446 D PinnerService: pinRangeStream: null
01-28 02:25:49.753  1328  1448 D ActivityManager: UserController event: finishUserUnlockedCompleted(0)
01-28 02:25:49.754  1328  1448 I ActivityManager: Posting BOOT_COMPLETED user #0
01-28 02:25:49.755  1328  1328 V SettingsProvider: Notifying for 0: content://settings/secure/reminder_exp_learning_time_elapsed
01-28 02:25:49.756  1328  1431 I DropBoxManagerService: add tag=system_server_strictmode isTagEnabled=true flags=0x2
01-28 02:25:49.758  1328  1891 I BackupManagerService: Starting service for user: 0
01-28 02:25:49.759  1328  1891 V BackupManagerService: Starting with transport com.google.android.gms/.backup.BackupTransportService
01-28 02:25:49.767  1328  1431 I DropBoxManagerService: add tag=system_server_strictmode isTagEnabled=true flags=0x2
01-28 02:25:49.769  1328  1446 D PinnerService: pinRangeStream: null
01-28 02:25:49.781  1328  1431 I DropBoxManagerService: add tag=system_server_strictmode isTagEnabled=true flags=0x2
01-28 02:25:49.781   645   645 D Zygote  : Forked child process 2789
01-28 02:25:49.790  2789  2789 I Zygote  : seccomp disabled by setenforce 0
01-28 02:25:49.794  1328  1450 W ActivityManager: Slow operation: 51ms so far, now at startProcess: returned from zygote!
01-28 02:25:49.794  1328  1891 D BackupManagerService: Started thread backup-0 for user 0
01-28 02:25:49.800  1328  1448 W BroadcastQueue: Background execution not allowed: receiving Intent { act=android.net.wifi.STATE_CHANGE flg=0x4000010 (has extras) } to hko.MyObservatory_v1_0/hko.notification.PollingBCReceiver
01-28 02:25:49.802  1328  1431 I DropBoxManagerService: add tag=system_server_strictmode isTagEnabled=true flags=0x2
01-28 02:25:49.802  1328  1448 W BroadcastQueue: Background execution not allowed: receiving Intent { act=android.net.wifi.STATE_CHANGE flg=0x4000010 (has extras) } to hko.MyObservatory_v1_0/hko.rainfallnowcast.RainfallNowcastPollingBCReceiver
01-28 02:25:49.802  1328  1448 W BroadcastQueue: Background execution not allowed: receiving Intent { act=android.net.wifi.STATE_CHANGE flg=0x4000010 (has extras) } to hko.MyObservatory_v1_0/hko.notification.PollingBCReceiver
01-28 02:25:49.803  1328  1448 W BroadcastQueue: Background execution not allowed: receiving Intent { act=android.net.wifi.STATE_CHANGE flg=0x4000010 (has extras) } to hko.MyObservatory_v1_0/hko.rainfallnowcast.RainfallNowcastPollingBCReceiver
01-28 02:25:49.804  1328  1328 V NotificationAssistants: disabling notification assistant for user 0: ComponentInfo{android.ext.services/android.ext.services.notification.Assistant}
01-28 02:25:49.804  1328  1328 D NotificationListeners: Removing active service ComponentInfo{android.ext.services/android.ext.services.notification.Assistant}
01-28 02:25:49.805  1328  1450 W ActivityManager: Slow operation: 74ms so far, now at startProcess: done updating battery stats
01-28 02:25:49.806  1328  1450 W ActivityManager: Slow operation: 74ms so far, now at startProcess: building log message
01-28 02:25:49.806  1328  1450 I ActivityManager: Start proc 2789:com.android.nfc/1027 for added application com.android.nfc
01-28 02:25:49.806  1328  1450 W ActivityManager: Slow operation: 74ms so far, now at startProcess: starting to update pids map
01-28 02:25:49.806  1328  1450 W ActivityManager: Slow operation: 74ms so far, now at startProcess: done updating pids map
01-28 02:25:49.807  1328  1450 W ActivityManager: Slow operation: 71ms so far, now at startProcess: asking zygote to start proc
01-28 02:25:49.807  1328  1431 I DropBoxManagerService: add tag=system_server_strictmode isTagEnabled=true flags=0x2
01-28 02:25:49.808  2178  2178 D FallbackHome: User unlocked and real home found; let's go!
01-28 02:25:49.809  1328  1328 V NotificationAssistants: enabling notification assistant for 0: ComponentInfo{android.ext.services/android.ext.services.notification.Assistant}
01-28 02:25:49.809  1328  1328 V NotificationAssistants: binding: Intent { act=android.service.notification.NotificationAssistantService cmp=android.ext.services/.notification.Assistant (has extras) }
01-28 02:25:49.811   696   725 E ANDR-PERF-MPCTL: Invalid profile no. 0, total profiles 0 only
01-28 02:25:49.822   827  2761 I GenericSource: start
01-28 02:25:49.828  1328  1431 I DropBoxManagerService: add tag=system_server_strictmode isTagEnabled=true flags=0x2
01-28 02:25:49.829  1328  1328 V NotificationListeners: enabling notification listener for 0: ComponentInfo{com.android.launcher3/com.android.launcher3.notification.NotificationListener}
01-28 02:25:49.830  1328  1328 V NotificationListeners: binding: Intent { act=android.service.notification.NotificationListenerService cmp=com.android.launcher3/.notification.NotificationListener (has extras) }
01-28 02:25:49.831  1328  1446 D PinnerService: pinRangeStream: null
01-28 02:25:49.832  1328  1446 D PinnerService: pinRangeStream: null
01-28 02:25:49.838  1328  1431 I DropBoxManagerService: add tag=system_server_strictmode isTagEnabled=true flags=0x2
01-28 02:25:49.840   645   645 D Zygote  : Forked child process 2819
01-28 02:25:49.841   827  2813 I OMXClient: IOmx service obtained
01-28 02:25:49.841   835  2479 I OMXMaster: makeComponentInstance(OMX.google.vorbis.decoder) in android.hardwar process
01-28 02:25:49.844   835  2479 E OMXNodeInstance: setConfig(0xf4d66060:google.vorbis.decoder, ConfigPriority(0x6f800002)) ERROR: Undefined(0x80001001)
01-28 02:25:49.845   827  2813 I ACodec  : codec does not support config priority (err -2147483648)
01-28 02:25:49.845  2819  2819 I Zygote  : seccomp disabled by setenforce 0
01-28 02:25:49.846   827  2813 I MediaCodec: MediaCodec will operate in async mode
01-28 02:25:49.847  1328  1431 I chatty  : uid=1000(system) android.io identical 1 line
01-28 02:25:49.854  1328  1431 I DropBoxManagerService: add tag=system_server_strictmode isTagEnabled=true flags=0x2
01-28 02:25:49.854  1328  2816 D CountryDetector: The first listener is added
01-28 02:25:49.855  2624  2624 I ContactsDatabaseHelper: updateUseStrictPhoneNumberComparison: HK
01-28 02:25:49.859  1328  2809 I ActivityTaskManager: START u0 {act=android.intent.action.MAIN cat=[android.intent.category.HOME] flg=0x10000100 cmp=com.android.launcher3/.lineage.LineageLauncher} from uid 0
01-28 02:25:49.860  1328  1450 W ActivityManager: Slow operation: 126ms so far, now at startProcess: returned from zygote!
01-28 02:25:49.861  2139  2543 I chatty  : uid=1001(radio) Binder:2139_8 expire 30 lines
01-28 02:25:49.880  1328  1431 I DropBoxManagerService: add tag=system_server_strictmode isTagEnabled=true flags=0x2
01-28 02:25:49.891   670   670 D audio_hw_primary: adev_get_parameters:vr_audio_mode_on
01-28 02:25:49.891   670   670 I audio_hw_primary: getting vr mode to 0
01-28 02:25:49.891   670   670 D audio_hw_primary: adev_get_parameters: exit: returns - vr_audio_mode_on=false
01-28 02:25:49.891   719  2297 I hash_map_utils: key: 'vr_audio_mode_on' value: ''
01-28 02:25:49.892   719  2297 I AudioPolicyManagerCustom: VR mode is 0, switch to primary output if request is for fast|raw
01-28 02:25:49.892   719  2297 I AudioPolicyManagerCustom: FLAG None hence request for a primary output
01-28 02:25:49.892   719  2297 D AudioFlinger: Client defaulted notificationFrames to 11025 for frameCount 22050
01-28 02:25:49.894   719  2297 D AF::TrackHandle: OpPlayAudio: track:55 usage:5 not muted
01-28 02:25:49.904  1328  1328 W Looper  : Slow dispatch took 100ms main h=android.app.ActivityThread$H c=android.app.-$$Lambda$LoadedApk$ReceiverDispatcher$Args$_BumDX2UKsnxLVrE6UJsJZkotuA@7945b95 m=0
01-28 02:25:49.907  1328  1891 E BackupPasswordManager: Unable to read backup pw version
01-28 02:25:49.908  1328  1891 E BackupPasswordManager: Unable to read saved backup pw hash
01-28 02:25:49.908  1328  1450 W ActivityManager: Slow operation: 174ms so far, now at startProcess: done updating battery stats
01-28 02:25:49.909  1328  1450 W ActivityManager: Slow operation: 174ms so far, now at startProcess: building log message
01-28 02:25:49.909  1328  1450 I ActivityManager: Start proc 2819:org.lineageos.settings.doze/1000 for added application org.lineageos.settings.doze
01-28 02:25:49.909  1328  1450 W ActivityManager: Slow operation: 174ms so far, now at startProcess: starting to update pids map
01-28 02:25:49.913  1328  1450 W ActivityManager: Slow operation: 178ms so far, now at startProcess: done updating pids map
01-28 02:25:49.914  1328  1450 W ActivityManager: Slow operation: 176ms so far, now at startProcess: asking zygote to start proc
01-28 02:25:49.919  1328  1328 I chatty  : uid=1000 system_server expire 6 lines
01-28 02:25:49.923   670   670 E volume_listener: check_and_set_gain_dep_cal: Failed to set gain dep cal level
01-28 02:25:49.932   670  2854 D audio_hw_primary: start_output_stream: enter: stream(0xe6bcc800)usecase(1: low-latency-playback) devices(0x2) is_haptic_usecase(0)
01-28 02:25:49.935   670  2854 D audio_hw_primary: Connect to PowerHAL and link to death notification successfully
01-28 02:25:49.937   670  2854 D audio_hw_primary: select_devices for use case (low-latency-playback)
01-28 02:25:49.937   670  2854 D audio_hw_primary: select_devices: changing use case low-latency-playback output device from(0: , acdb -1) to (2: speaker, acdb 15)
01-28 02:25:49.937   670  2854 I msm8974_platform: platform_check_and_set_codec_backend_cfg:becf: afe: bitwidth 16, samplerate 48000 channels 2, backend_idx 0 usecase = 1 device (speaker)
01-28 02:25:49.937   670  2854 D msm8974_platform: platform_split_snd_device: snd_device(2) num devices(1) new_snd_devices(0)
01-28 02:25:49.937   670  2854 I msm8974_platform: platform_check_and_set_codec_backend_cfg: new_snd_devices[0] is 2
01-28 02:25:49.937   670  2854 I msm8974_platform: platform_check_codec_backend_cfg:becf: afe: bitwidth 16, samplerate 48000 channels 2, backend_idx 0 usecase = 1 device (speaker)
01-28 02:25:49.938   670  2854 E audio_hw_extn: audio_extn_enable_hifi_filter: Could not get ctl for mixer cmd - HiFi Filter, using default control
01-28 02:25:49.938   670  2854 D msm8974_platform: platform_check_codec_backend_cfg:becf: updated afe: bitwidth 16, samplerate 48000 channels 2,backend_idx 0 usecase = 1 device (speaker)
01-28 02:25:49.938   670  2854 D msm8974_platform: platform_check_codec_backend_cfg:becf: afe: playback on codec device not supporting native playback set default Sample Rate(48k)
01-28 02:25:49.938   670  2854 I msm8974_platform: platform_check_codec_backend_cfg:becf: afe: Codec selected backend: 0 updated bit width: 16 and sample rate: 48000
01-28 02:25:49.938   670  2854 D audio_hw_primary: check_usecases_codec_backend:becf: force routing 0
01-28 02:25:49.938   670  2854 E msm8974_platform: platform_check_backends_match: Invalid snd_device = 
01-28 02:25:49.938   670  2854 D audio_hw_primary: check_usecases_codec_backend:becf: (74) check_usecases curr device: speaker, usecase device: backends match 0
01-28 02:25:49.938   670  2854 D audio_hw_primary: check_usecases_codec_backend:becf: check_usecases num.of Usecases to switch 0
01-28 02:25:49.938   670  2854 D hardware_info: hw_info_append_hw_type : device_name = speaker
