01-28 02:25:38.019  1328  1328 I SystemServiceManager: Starting org.lineageos.platform.internal.display.LiveDisplayService
01-28 02:25:38.020  1328  1328 I LineageSystemServer: Attempting to start service org.lineageos.platform.internal.LineageAudioService
01-28 02:25:38.022  1328  1328 I LineageSystemServer: Starting service org.lineageos.platform.internal.LineageAudioService
01-28 02:25:38.022  1328  1328 I SystemServiceManager: Starting org.lineageos.platform.internal.LineageAudioService
01-28 02:25:38.027  1328  1328 I LineageSystemServer: Attempting to start service org.lineageos.platform.internal.TrustInterfaceService
01-28 02:25:38.030  1328  1328 I LineageSystemServer: Starting service org.lineageos.platform.internal.TrustInterfaceService
01-28 02:25:38.030  1328  1328 I SystemServiceManager: Starting org.lineageos.platform.internal.TrustInterfaceService
01-28 02:25:38.038  1328  1328 I LineageSystemServer: Attempting to start service org.lineageos.platform.internal.LineageSettingsService
01-28 02:25:38.038  1328  1328 I LineageSystemServer: Starting service org.lineageos.platform.internal.LineageSettingsService
01-28 02:25:38.038  1328  1328 I SystemServiceManager: Starting org.lineageos.platform.internal.LineageSettingsService
01-28 02:25:38.038  1328  1328 I SystemServer: MakeVibratorServiceReady
01-28 02:25:38.040  1328  1328 D SystemServerTiming: MakeVibratorServiceReady took to complete: 2ms
01-28 02:25:38.040  1328  1328 I SystemServer: MakeLockSettingsServiceReady
01-28 02:25:38.056  1328  1328 I SyntheticPasswordManager: Device does not support weaver
01-28 02:25:38.058  1328  1328 I LockSettingsService: Device doesn't implement AuthSecret HAL
01-28 02:25:38.060  1328  1328 E LockSettingsStorage: Cannot read file java.io.FileNotFoundException: /data/system/gatekeeper.password.key: open failed: ENOENT (No such file or directory)
01-28 02:25:38.060  1328  1328 E LockSettingsStorage: Cannot read file java.io.FileNotFoundException: /data/system/password.key: open failed: ENOENT (No such file or directory)
01-28 02:25:38.060  1328  1328 E LockSettingsStorage: Cannot read file java.io.FileNotFoundException: /data/system/gatekeeper.pattern.key: open failed: ENOENT (No such file or directory)
01-28 02:25:38.060  1328  1328 E LockSettingsStorage: Cannot read file java.io.FileNotFoundException: /data/system/gatekeeper.gesture.key: open failed: ENOENT (No such file or directory)
01-28 02:25:38.061  1328  1328 E LockSettingsStorage: Cannot read file java.io.FileNotFoundException: /data/system/gesture.key: open failed: ENOENT (No such file or directory)
01-28 02:25:38.061  1328  1328 D SystemServerTiming: MakeLockSettingsServiceReady took to complete: 20ms
01-28 02:25:38.061  1328  1328 I SystemServer: StartBootPhaseLockSettingsReady
01-28 02:25:38.061  1328  1328 I SystemServiceManager: Starting phase 480
01-28 02:25:38.066  1328  1328 I DevicePolicyManager: Set ro.device_owner property to false
01-28 02:25:38.068  1328  1600 D SystemServerInitThreadPool: Started executing DevicePolicyManager
01-28 02:25:38.069  1328  1600 D SystemServerInitThreadPool: Finished executing DevicePolicyManager
01-28 02:25:38.070  1328  1328 D SystemServerTiming: StartBootPhaseLockSettingsReady took to complete: 10ms
01-28 02:25:38.070  1328  1328 I SystemServer: StartBootPhaseSystemServicesReady
01-28 02:25:38.070  1328  1328 I SystemServiceManager: Starting phase 500
01-28 02:25:38.072  1328  1328 D AppStandbyController: Setting app idle enabled state
01-28 02:25:38.084  1328  1328 D TestHarnessModeService: Setting up test harness mode
01-28 02:25:38.084  1328  1328 D TestHarnessModeService: Getting PersistentDataBlockManagerInternal from LocalServices
01-28 02:25:38.103  1328  1328 I WifiService: WifiService starting up with Wi-Fi enabled
01-28 02:25:38.112   646   646 D ZygoteInitTiming_lazy: PreloadResources took to complete: 283ms
01-28 02:25:38.141  1328  1848 D ConnectivityService: Got NetworkFactory Messenger for Ethernet
01-28 02:25:38.150  1328  1328 W SoundTriggerHelper: listModules status=0, # of modules=0
01-28 02:25:38.155  1328  1328 E PerformanceManager: System is not ready, dropping profile request
01-28 02:25:38.156  1328  1328 E PerformanceManager: System is not ready, dropping profile request
01-28 02:25:38.156  1328  1328 D SystemServerTiming: StartBootPhaseSystemServicesReady took to complete: 85ms
01-28 02:25:38.156  1328  1328 I SystemServer: MakeWindowManagerServiceReady
01-28 02:25:38.182  1328  1432 I ActivityTaskManager: Config changes=20 {1.0 ?mcc?mnc [zh_TW] ldltr sw375dp w375dp h679dp 460dpi nrml long port night finger -keyb/v/h -nav/h winConfig={ mBounds=Rect(0, 0 - 1080, 2160) mAppBounds=Rect(0, 0 - 1080, 2022) mWindowingMode=fullscreen mDisplayWindowingMode=fullscreen mActivityType=undefined mAlwaysOnTop=undefined mRotation=ROTATION_0} s.8}
01-28 02:25:38.188  1328  1328 D SystemServerTiming: MakeWindowManagerServiceReady took to complete: 33ms
01-28 02:25:38.211  1328  1432 I ActivityTaskManager: Override config changes=20 {1.0 ?mcc?mnc [zh_TW] ldltr sw375dp w375dp h679dp 460dpi nrml long port night finger -keyb/v/h -nav/h winConfig={ mBounds=Rect(0, 0 - 1080, 2160) mAppBounds=Rect(0, 0 - 1080, 2022) mWindowingMode=fullscreen mDisplayWindowingMode=fullscreen mActivityType=undefined mAlwaysOnTop=undefined mRotation=ROTATION_0} s.8} for displayId=0
01-28 02:25:38.216  1328  1328 I SystemServer: MakePowerManagerServiceReady
01-28 02:25:38.221  1328  1431 I DropBoxManagerService: add tag=system_server_strictmode isTagEnabled=true flags=0x2
01-28 02:25:38.227  1328  1328 E DisplayPowerController: failed to set up display white-balance: java.lang.IllegalStateException: cannot find light sensor
01-28 02:25:38.231  1328  1431 I DropBoxManagerService: add tag=system_server_strictmode isTagEnabled=true flags=0x2
01-28 02:25:38.239  1328  1431 I chatty  : uid=1000(system) android.io identical 1 line
01-28 02:25:38.245  1328  1431 I DropBoxManagerService: add tag=system_server_strictmode isTagEnabled=true flags=0x2
01-28 02:25:38.247  1328  1328 D SystemServerTiming: MakePowerManagerServiceReady took to complete: 31ms
01-28 02:25:38.247  1328  1328 I SystemServer: StartPermissionPolicyService
01-28 02:25:38.247  1328  1328 I SystemServiceManager: Starting com.android.server.policy.PermissionPolicyService
01-28 02:25:38.250  1328  1462 W KeyguardServiceDelegate: onScreenTurningOn(): no keyguard service!
01-28 02:25:38.252  1328  1328 D SystemServerTiming: StartPermissionPolicyService took to complete: 4ms
01-28 02:25:38.252  1328  1328 I SystemServer: MakePackageManagerServiceReady
01-28 02:25:38.254  1328  1328 I PackageManager: Un-granting permission android.permission.REQUEST_INSTALL_PACKAGES from package org.chromium.chrome (protectionLevel=66 flags=0x30c83e46)
01-28 02:25:38.255  1328  1431 I DropBoxManagerService: add tag=system_server_strictmode isTagEnabled=true flags=0x2
01-28 02:25:38.256  1328  1328 I PackageManager: Un-granting permission android.permission.INSTALL_LOCATION_PROVIDER from package com.google.android.location (protectionLevel=18 flags=0x3888be44)
01-28 02:25:38.257  1328  1328 I PackageManager: Un-granting permission android.permission.PACKAGE_USAGE_STATS from package org.zwanoo.android.speedtest (protectionLevel=114 flags=0x38d83c44)
01-28 02:25:38.259  1328  1462 V DisplayPowerController: Brightness [102] reason changing to: 'override', previous reason: '0'.
01-28 02:25:38.259  1328  1431 I DropBoxManagerService: add tag=system_server_strictmode isTagEnabled=true flags=0x2
01-28 02:25:38.260  1328  1328 I PackageManager: Un-granting permission android.permission.REQUEST_INSTALL_PACKAGES from package com.aurora.store (protectionLevel=66 flags=0x38c8be44)
01-28 02:25:38.260  1328  1328 I PackageManager: Un-granting permission android.permission.INSTALL_PACKAGES from package com.aurora.store (protectionLevel=18 flags=0x38c8be44)
01-28 02:25:38.260  1328  1328 I PackageManager: Un-granting permission android.permission.READ_LOGS from package com.aurora.store (protectionLevel=50 flags=0x38c8be44)
01-28 02:25:38.260  1328  1328 I PackageManager: Un-granting permission android.permission.ACCESS_MOCK_LOCATION from package com.aurora.store (protectionLevel=2 flags=0x38c8be44)
01-28 02:25:38.260  1328  1328 I PackageManager: Un-granting permission android.permission.MANAGE_DOCUMENTS from package com.vanced.android.youtube (protectionLevel=262146 flags=0x30dbbe44)
01-28 02:25:38.260  1328  1328 I PackageManager: Un-granting permission android.permission.SYSTEM_ALERT_WINDOW from package com.vanced.android.youtube (protectionLevel=1250 flags=0x30dbbe44)
01-28 02:25:38.263  1328  1328 I PackageManager: Un-granting permission android.permission.CHANGE_DEVICE_IDLE_TEMP_WHITELIST from package com.google.android.gms (protectionLevel=18 flags=0x2088be44)
01-28 02:25:38.263  1328  1328 I PackageManager: Un-granting permission android.permission.UPDATE_APP_OPS_STATS from package com.google.android.gms (protectionLevel=274 flags=0x2088be44)
01-28 02:25:38.263  1328  1328 I PackageManager: Un-granting permission android.permission.SYSTEM_ALERT_WINDOW from package com.google.android.gms (protectionLevel=1250 flags=0x2088be44)
01-28 02:25:38.263  1328  1328 I PackageManager: Un-granting permission android.permission.INSTALL_LOCATION_PROVIDER from package com.google.android.gms (protectionLevel=18 flags=0x2088be44)
01-28 02:25:38.264  1328  1328 I PackageManager: Un-granting permission android.permission.REQUEST_INSTALL_PACKAGES from package org.lineageos.jelly (protectionLevel=66 flags=0x30c8be45)
01-28 02:25:38.267  1328  1328 I PackageManager: Un-granting permission android.permission.INSTALL_LOCATION_PROVIDER from package org.microg.nlp (protectionLevel=18 flags=0x3888be44)
01-28 02:25:38.267  1328  1328 I PackageManager: Un-granting permission android.permission.REQUEST_INSTALL_PACKAGES from package org.bromite.bromite (protectionLevel=66 flags=0x30c83e44)
01-28 02:25:38.267  1328  1431 I DropBoxManagerService: add tag=system_server_strictmode isTagEnabled=true flags=0x2
01-28 02:25:38.273  1328  1328 I PackageManager: Un-granting permission android.permission.CONNECTIVITY_USE_RESTRICTED_NETWORKS from package com.android.captiveportallogin (protectionLevel=18 flags=0x38c8be45)
01-28 02:25:38.273  1328  1328 I PackageManager: Un-granting permission android.permission.NETWORK_BYPASS_PRIVATE_DNS from package com.android.captiveportallogin (protectionLevel=2 flags=0x38c8be45)
01-28 02:25:38.273  1328  1431 I DropBoxManagerService: add tag=system_server_strictmode isTagEnabled=true flags=0x2
01-28 02:25:38.273  1328  1328 I PackageManager: Un-granting permission android.permission.INTERACT_ACROSS_PROFILES from package com.google.android.inputmethod.latin (protectionLevel=18 flags=0x20cabe44)
01-28 02:25:38.278  1328  1431 I DropBoxManagerService: add tag=system_server_strictmode isTagEnabled=true flags=0x2
01-28 02:25:38.281  1328  1328 V UserDataPreparer: Found /data/user_de/0 with serial number 0
01-28 02:25:38.281  1328  1328 V UserDataPreparer: Found /data/user/0 with serial number 0
01-28 02:25:38.281  1328  1328 V UserDataPreparer: Found /data/system_de/0 with serial number 0
01-28 02:25:38.281  1328  1328 V UserDataPreparer: Found /data/system_ce/0 with serial number 0
01-28 02:25:38.281  1328  1328 V UserDataPreparer: Found /data/misc_ce/0 with serial number 0
01-28 02:25:38.284  1328  1431 I DropBoxManagerService: add tag=system_server_strictmode isTagEnabled=true flags=0x2
01-28 02:25:38.286  1328  1328 D SystemServerTiming: MakePackageManagerServiceReady took to complete: 35ms
01-28 02:25:38.287  1328  1328 I SystemServer: MakeDisplayManagerServiceReady
01-28 02:25:38.288  1328  1328 D SystemServerTiming: MakeDisplayManagerServiceReady took to complete: 2ms
01-28 02:25:38.288  1328  1328 I SystemServer: StartDeviceSpecificServices
01-28 02:25:38.288  1328  1328 D SystemServerTiming: StartDeviceSpecificServices took to complete: 0ms
01-28 02:25:38.288  1328  1328 I SystemServer: StartBootPhaseDeviceSpecificServicesReady
01-28 02:25:38.288  1328  1328 I SystemServiceManager: Starting phase 520
01-28 02:25:38.289  1328  1328 D SystemServerTiming: StartBootPhaseDeviceSpecificServicesReady took to complete: 0ms
01-28 02:25:38.293  1328  1328 W UsageStatsService: Event reported without a package name, eventType:15
01-28 02:25:38.295  1328  1328 I AppOps  : Pruning old package system/com.android.server.appop.AppOpsService$UidState@fddef03: new uid=-1
01-28 02:25:38.296  1328  1328 I ActivityManager: System now ready
01-28 02:25:38.305  1328  1328 I ActivityTaskManager: Config changes=40000100 {1.15 ?mcc?mnc [zh_TW] ldltr sw375dp w375dp h679dp 460dpi nrml long port night finger -keyb/v/h -nav/h winConfig={ mBounds=Rect(0, 0 - 1080, 2160) mAppBounds=Rect(0, 0 - 1080, 2022) mWindowingMode=fullscreen mDisplayWindowingMode=fullscreen mActivityType=undefined mAlwaysOnTop=undefined mRotation=ROTATION_0} s.10}
01-28 02:25:38.306  1328  1328 I ActivityTaskManager: Override config changes=40000100 {1.15 ?mcc?mnc [zh_TW] ldltr sw375dp w375dp h679dp 460dpi nrml long port night finger -keyb/v/h -nav/h winConfig={ mBounds=Rect(0, 0 - 1080, 2160) mAppBounds=Rect(0, 0 - 1080, 2022) mWindowingMode=fullscreen mDisplayWindowingMode=fullscreen mActivityType=undefined mAlwaysOnTop=undefined mRotation=ROTATION_0} s.10} for displayId=0
01-28 02:25:38.422  1328  1599 D SystemServerTimingAsync: SecondaryZygotePreload took to complete: 2243ms
01-28 02:25:38.422  1328  1599 D SystemServerInitThreadPool: Finished executing SecondaryZygotePreload
01-28 02:25:38.466  1328  1328 I SystemServer: Making services ready
01-28 02:25:38.467  1328  1328 I SystemServer: StartActivityManagerReadyPhase
01-28 02:25:38.467  1328  1328 I SystemServiceManager: Starting phase 550
01-28 02:25:38.470  1328  1328 E ThermalHalWrapper: Thermal HAL 2.0 service not connected.
01-28 02:25:38.473  1328  1328 E ThermalHalWrapper: Thermal HAL 1.1 service not connected.
01-28 02:25:38.476  1328  1328 I ThermalHalWrapper: Thermal HAL 1.0 service connected, no thermal call back will be called due to legacy API.
01-28 02:25:38.503  1328  1328 W ActivityManager: Too early to start/bind service in system_server: Phase=550 ComponentInfo{com.android.server.telecom/com.android.server.telecom.components.TelecomService}
01-28 02:25:38.503  1328  1328 W ActivityManager: Too early to start/bind service in system_server: Phase=550 ComponentInfo{com.android.server.telecom/com.android.server.telecom.components.TelecomService}
01-28 02:25:38.503  1328  1328 D BluetoothManagerService: Bluetooth boot completed
01-28 02:25:38.725  1328  1328 W SystemServiceManager: Service com.android.server.inputmethod.InputMethodManagerService$Lifecycle took 219 ms in onBootPhase
01-28 02:25:38.730  1328  1674 D StorageManagerService: Isolated storage local flag 0 and remote flag 0 resolved to true
01-28 02:25:38.730  1328  1328 I WallpaperManagerService: No static wallpaper imagery; defaults will be shown
01-28 02:25:38.731  1328  1328 V WallpaperManagerService: bindWallpaperComponentLocked: componentName=ComponentInfo{com.android.systemui/com.android.systemui.ImageWallpaper}
01-28 02:25:38.742  1328  1328 W WallpaperManagerService: Invalid wallpaper data
01-28 02:25:38.742  1328  1328 E WallpaperManagerService: Unable to apply new wallpaper
01-28 02:25:38.747  1328  1328 I AppBindingService: Updating constants with: null
01-28 02:25:38.748  1328  1464 I UsbPortManager: ClientCallback V1_0: otg_default
01-28 02:25:38.751  1328  1429 I UsbPortManager: USB port added: port=UsbPort{id=otg_default, supportedModes=dualsupportedContaminantProtectionModes=0supportsEnableContaminantPresenceProtection=falsesupportsEnableContaminantPresenceDetection=false, status=UsbPortStatus{connected=true, currentMode=ufp, currentPowerRole=sink, currentDataRole=device, supportedRoleCombinations=[source:host, source:device, sink:host, sink:device], contaminantDetectionStatus=0, contaminantProtectionStatus=0}, canChangeMode=true, canChangePowerRole=true, canChangeDataRole=true, connectedAtMillis=19929, lastConnectDurationMillis=0
01-28 02:25:38.754  1328  1864 D BluetoothManagerService: Trying to bind to profile: 1, while Bluetooth was disabled
01-28 02:25:38.801  1328  1450 W ActivityManager: Slow operation: 67ms so far, now at startProcess: done updating battery stats
01-28 02:25:38.801  1328  1450 W ActivityManager: Slow operation: 68ms so far, now at startProcess: building log message
01-28 02:25:38.802  1328  1450 I ActivityManager: Start proc 1910:com.android.systemui/u0a99 for service {com.android.systemui/com.android.systemui.ImageWallpaper}
01-28 02:25:38.802  1328  1450 W ActivityManager: Slow operation: 68ms so far, now at startProcess: starting to update pids map
01-28 02:25:38.802  1328  1450 W ActivityManager: Slow operation: 69ms so far, now at startProcess: done updating pids map
01-28 02:25:38.807   691   691 I android.hardware.wifi@1.0-service: Wifi HAL started
01-28 02:25:38.809  1328  1328 I PackageManager: Un-granting permission android.permission.REQUEST_INSTALL_PACKAGES from package org.chromium.chrome (protectionLevel=66 flags=0x30c83e46)
01-28 02:25:38.813  1328  1328 I PackageManager: Un-granting permission android.permission.INSTALL_LOCATION_PROVIDER from package com.google.android.location (protectionLevel=18 flags=0x3888be44)
01-28 02:25:38.817  1328  1328 I PackageManager: Un-granting permission android.permission.PACKAGE_USAGE_STATS from package org.zwanoo.android.speedtest (protectionLevel=114 flags=0x38d83c44)
01-28 02:25:38.826  1328  1328 I PackageManager: Un-granting permission android.permission.REQUEST_INSTALL_PACKAGES from package com.aurora.store (protectionLevel=66 flags=0x38c8be44)
01-28 02:25:38.826  1328  1328 I PackageManager: Un-granting permission android.permission.INSTALL_PACKAGES from package com.aurora.store (protectionLevel=18 flags=0x38c8be44)
01-28 02:25:38.826  1328  1328 I PackageManager: Un-granting permission android.permission.READ_LOGS from package com.aurora.store (protectionLevel=50 flags=0x38c8be44)
01-28 02:25:38.826  1328  1328 I PackageManager: Un-granting permission android.permission.ACCESS_MOCK_LOCATION from package com.aurora.store (protectionLevel=2 flags=0x38c8be44)
01-28 02:25:38.826  1328  1328 I PackageManager: Un-granting permission android.permission.MANAGE_DOCUMENTS from package com.vanced.android.youtube (protectionLevel=262146 flags=0x30dbbe44)
01-28 02:25:38.827  1328  1328 I PackageManager: Un-granting permission android.permission.SYSTEM_ALERT_WINDOW from package com.vanced.android.youtube (protectionLevel=1250 flags=0x30dbbe44)
01-28 02:25:38.836  1328  1328 I PackageManager: Un-granting permission android.permission.CHANGE_DEVICE_IDLE_TEMP_WHITELIST from package com.google.android.gms (protectionLevel=18 flags=0x2088be44)
01-28 02:25:38.836  1328  1328 I PackageManager: Un-granting permission android.permission.UPDATE_APP_OPS_STATS from package com.google.android.gms (protectionLevel=274 flags=0x2088be44)
01-28 02:25:38.836  1328  1328 I PackageManager: Un-granting permission android.permission.SYSTEM_ALERT_WINDOW from package com.google.android.gms (protectionLevel=1250 flags=0x2088be44)
01-28 02:25:38.837  1328  1328 I PackageManager: Un-granting permission android.permission.INSTALL_LOCATION_PROVIDER from package com.google.android.gms (protectionLevel=18 flags=0x2088be44)
01-28 02:25:38.839  1328  1328 I PackageManager: Un-granting permission android.permission.REQUEST_INSTALL_PACKAGES from package org.lineageos.jelly (protectionLevel=66 flags=0x30c8be45)
01-28 02:25:38.846  1328  1328 I PackageManager: Un-granting permission android.permission.INSTALL_LOCATION_PROVIDER from package org.microg.nlp (protectionLevel=18 flags=0x3888be44)
01-28 02:25:38.848  1328  1328 I PackageManager: Un-granting permission android.permission.REQUEST_INSTALL_PACKAGES from package org.bromite.bromite (protectionLevel=66 flags=0x30c83e44)
01-28 02:25:38.865  1328  1328 I PackageManager: Un-granting permission android.permission.CONNECTIVITY_USE_RESTRICTED_NETWORKS from package com.android.captiveportallogin (protectionLevel=18 flags=0x38c8be45)
01-28 02:25:38.865  1328  1328 I PackageManager: Un-granting permission android.permission.NETWORK_BYPASS_PRIVATE_DNS from package com.android.captiveportallogin (protectionLevel=2 flags=0x38c8be45)
01-28 02:25:38.866  1328  1328 I PackageManager: Un-granting permission android.permission.INTERACT_ACROSS_PROFILES from package com.google.android.inputmethod.latin (protectionLevel=18 flags=0x20cabe44)
01-28 02:25:38.866  1328  1328 W SystemServiceManager: Service com.android.server.policy.PermissionPolicyService took 118 ms in onBootPhase
01-28 02:25:38.866  1328  1328 D SystemServerTiming: StartActivityManagerReadyPhase took to complete: 399ms
01-28 02:25:38.866  1328  1328 I SystemServer: StartObservingNativeCrashes
01-28 02:25:38.867  1328  1328 D SystemServerTiming: StartObservingNativeCrashes took to complete: 0ms
01-28 02:25:38.867  1328  1625 D SystemServerInitThreadPool: Started executing WebViewFactoryPreparation
01-28 02:25:38.867  1328  1625 I SystemServer: WebViewFactoryPreparation
01-28 02:25:38.869  1328  1905 W ActivityManager: Slow operation: 65ms so far, now at attachApplicationLocked: after mServices.attachApplicationLocked
01-28 02:25:38.869  1328  1328 I SystemServer: StartSystemUI
01-28 02:25:38.875  1328  1328 D SystemServerTiming: StartSystemUI took to complete: 6ms
01-28 02:25:38.876  1328  1328 I SystemServer: MakeNetworkManagementServiceReady
01-28 02:25:38.882  1328  1625 D SystemServerTimingAsync: WebViewFactoryPreparation took to complete: 14ms
01-28 02:25:38.882  1328  1625 D SystemServerInitThreadPool: Finished executing WebViewFactoryPreparation
01-28 02:25:38.884  1328  1328 D SystemServerTiming: MakeNetworkManagementServiceReady took to complete: 9ms
01-28 02:25:38.884  1328  1328 I SystemServer: MakeIpSecServiceReady
01-28 02:25:38.887  1328  1328 D IpSecService: IpSecService is ready
01-28 02:25:38.887  1328  1328 D SystemServerTiming: MakeIpSecServiceReady took to complete: 3ms
01-28 02:25:38.887  1328  1328 I SystemServer: MakeNetworkStatsServiceReady
01-28 02:25:38.912  1328  1746 W NetworkPolicy: setRestrictBackgroundUL: already false
01-28 02:25:38.929  1328  1328 D SystemServerTiming: MakeNetworkStatsServiceReady took to complete: 41ms
01-28 02:25:38.929  1328  1328 I SystemServer: MakeConnectivityServiceReady
01-28 02:25:38.932  1328  1328 D ConnectivityService: requestNetwork for uid/pid:1000/1328 NetworkRequest [ REQUEST id=7, [ Capabilities: INTERNET&NOT_RESTRICTED&TRUSTED&NOT_VPN] ]
01-28 02:25:38.948  1328  1328 D SystemServerTiming: MakeConnectivityServiceReady took to complete: 19ms
01-28 02:25:38.948  1328  1328 I SystemServer: MakeNetworkPolicyServiceReady
01-28 02:25:38.950  1328  1414 W StorageManagerService: No primary storage defined yet; hacking together a stub
01-28 02:25:38.963  1328  1328 D SystemServerTiming: MakeNetworkPolicyServiceReady took to complete: 15ms
01-28 02:25:38.963  1328  1328 I SystemServer: PhaseThirdPartyAppsCanStart
01-28 02:25:38.963  1328  1328 I SystemServiceManager: Starting phase 600
01-28 02:25:38.965  1328  1328 I ExplicitHealthCheckController: Explicit health checks enabled.
01-28 02:25:38.965  1328  1328 I PackageWatchdog: Syncing state, reason: health check state enabled
01-28 02:25:38.965  1328  1328 I PackageWatchdog: Not pruning observers, elapsed time: 0ms
01-28 02:25:38.966  1328  1328 I PackageWatchdog: Cancelling state sync, nothing to sync
01-28 02:25:38.966  1328  1446 I PackageWatchdog: Saving observer state to file
01-28 02:25:38.972  1328  1328 V WallpaperManagerService: bindWallpaperComponentLocked: componentName=ComponentInfo{com.android.systemui/com.android.systemui.ImageWallpaper}
01-28 02:25:38.982  1328  1328 D VoiceInteractionManagerService: switchImplementation(0) took to complete: 2ms
01-28 02:25:38.993  1328  1328 I StatsCompanionService: Told statsd that StatsCompanionService is alive.
01-28 02:25:38.995  1328  1328 D SystemServerTiming: PhaseThirdPartyAppsCanStart took to complete: 32ms
01-28 02:25:38.995  1328  1328 I SystemServer: StartNetworkStack
01-28 02:25:39.020  1328  1328 D SystemServerTiming: StartNetworkStack took to complete: 25ms
01-28 02:25:39.020  1328  1328 I SystemServer: MakeLocationServiceReady
01-28 02:25:39.044  1328  1328 D LocationManagerService: Unable to bind FLP Geofence proxy.
01-28 02:25:39.044  1328  1328 D LocationManagerService: Hardware Activity-Recognition not supported.
01-28 02:25:39.044  1328  1328 D LocationManagerService: Unable to bind ActivityRecognitionProxy.
01-28 02:25:39.048  1328  1328 D SystemServerTiming: MakeLocationServiceReady took to complete: 28ms
01-28 02:25:39.048  1328  1328 I SystemServer: MakeCountryDetectionServiceReady
01-28 02:25:39.048  1328  1328 D SystemServerTiming: MakeCountryDetectionServiceReady took to complete: 1ms
01-28 02:25:39.048  1328  1328 I SystemServer: MakeNetworkTimeUpdateReady
01-28 02:25:39.048  1328  1446 D CountryDetector: Using custom country detector class: com.android.server.location.ComprehensiveCountryDetector
01-28 02:25:39.050  1328  1328 D ConnectivityService: requestNetwork for uid/pid:1000/1328 NetworkRequest [ TRACK_DEFAULT id=10, [ Capabilities: INTERNET&NOT_RESTRICTED&TRUSTED Uid: 1000] ]
01-28 02:25:39.051  1328  1328 D SystemServerTiming: MakeNetworkTimeUpdateReady took to complete: 2ms
01-28 02:25:39.051  1328  1328 I SystemServer: MakeInputManagerServiceReady
01-28 02:25:39.052  1328  1328 D SystemServerTiming: MakeInputManagerServiceReady took to complete: 1ms
01-28 02:25:39.052  1328  1328 I SystemServer: MakeTelephonyRegistryReady
01-28 02:25:39.052  1328  1328 D SystemServerTiming: MakeTelephonyRegistryReady took to complete: 0ms
01-28 02:25:39.052  1328  1328 I SystemServer: MakeMediaRouterServiceReady
01-28 02:25:39.052  1328  1328 D SystemServerTiming: MakeMediaRouterServiceReady took to complete: 1ms
01-28 02:25:39.052  1328  1328 I SystemServer: MakeMmsServiceReady
01-28 02:25:39.053  1328  1328 I MmsServiceBroker: Delay connecting to MmsService until an API is called
01-28 02:25:39.053  1328  1328 D SystemServerTiming: MakeMmsServiceReady took to complete: 0ms
01-28 02:25:39.053  1328  1328 I SystemServer: IncidentDaemonReady
01-28 02:25:39.054  1328  1328 D SystemServerTiming: IncidentDaemonReady took to complete: 1ms
01-28 02:25:39.054  1328  1328 I ActivityManager: Current user:0
01-28 02:25:39.054  1328  1328 I SystemServiceManager: Calling onStartUser u0
01-28 02:25:39.054  1328  1328 D SystemServiceManager: onStartUser-0 com.android.server.pm.Installer took to complete: 0ms
01-28 02:25:39.054  1328  1328 D SystemServiceManager: onStartUser-0 com.android.server.os.DeviceIdentifiersPolicyService took to complete: 0ms
01-28 02:25:39.054  1328  1328 D SystemServiceManager: onStartUser-0 com.android.server.uri.UriGrantsManagerService$Lifecycle took to complete: 0ms
01-28 02:25:39.054  1328  1328 D SystemServiceManager: onStartUser-0 com.android.server.wm.ActivityTaskManagerService$Lifecycle took to complete: 0ms
01-28 02:25:39.054  1328  1328 D SystemServiceManager: onStartUser-0 com.android.server.am.ActivityManagerService$Lifecycle took to complete: 0ms
01-28 02:25:39.054  1328  1328 D SystemServiceManager: onStartUser-0 com.android.server.power.PowerManagerService took to complete: 0ms
01-28 02:25:39.054  1328  1328 D SystemServiceManager: onStartUser-0 com.android.server.power.ThermalManagerService took to complete: 0ms
01-28 02:25:39.054  1328  1328 D SystemServiceManager: onStartUser-0 com.android.server.RecoverySystemService took to complete: 0ms
01-28 02:25:39.054  1328  1328 D SystemServiceManager: onStartUser-0 com.android.server.lights.LightsService took to complete: 0ms
01-28 02:25:39.054  1328  1328 D SystemServiceManager: onStartUser-0 com.android.server.display.DisplayManagerService took to complete: 0ms
01-28 02:25:39.054  1328  1328 D SystemServiceManager: onStartUser-0 com.android.server.pm.UserManagerService$LifeCycle took to complete: 0ms
01-28 02:25:39.054  1328  1328 D SystemServiceManager: onStartUser-0 com.android.server.om.OverlayManagerService took to complete: 0ms
01-28 02:25:39.054  1328  1328 D SystemServiceManager: onStartUser-0 com.android.server.SensorPrivacyService took to complete: 0ms
01-28 02:25:39.054  1328  1328 D SystemServiceManager: onStartUser-0 com.android.server.BatteryService took to complete: 0ms
01-28 02:25:39.055  1328  1328 D SystemServiceManager: onStartUser-0 com.android.server.usage.UsageStatsService took to complete: 0ms
01-28 02:25:39.055  1328  1328 D SystemServiceManager: onStartUser-0 com.android.server.webkit.WebViewUpdateService took to complete: 0ms
01-28 02:25:39.055  1328  1328 D SystemServiceManager: onStartUser-0 com.android.server.CachedDeviceStateService took to complete: 0ms
01-28 02:25:39.055  1328  1328 D SystemServiceManager: onStartUser-0 com.android.server.BinderCallsStatsService$LifeCycle took to complete: 0ms
01-28 02:25:39.055  1328  1328 D SystemServiceManager: onStartUser-0 com.android.server.LooperStatsService$Lifecycle took to complete: 0ms
01-28 02:25:39.055  1328  1328 D SystemServiceManager: onStartUser-0 com.android.server.rollback.RollbackManagerService took to complete: 0ms
01-28 02:25:39.055  1328  1328 D SystemServiceManager: onStartUser-0 com.android.server.os.BugreportManagerService took to complete: 0ms
01-28 02:25:39.055  1328  1328 D SystemServiceManager: onStartUser-0 com.android.server.gpu.GpuService took to complete: 0ms
01-28 02:25:39.055  1328  1328 D SystemServiceManager: onStartUser-0 com.android.server.security.KeyChainSystemService took to complete: 0ms
01-28 02:25:39.055  1328  1328 D SystemServiceManager: onStartUser-0 com.android.server.telecom.TelecomLoaderService took to complete: 0ms
01-28 02:25:39.055  1328  1328 D SystemServiceManager: onStartUser-0 com.android.server.accounts.AccountManagerService$Lifecycle took to complete: 0ms
01-28 02:25:39.055  1328  1328 D SystemServiceManager: onStartUser-0 com.android.server.content.ContentService$Lifecycle took to complete: 0ms
01-28 02:25:39.055  1328  1328 D SystemServiceManager: onStartUser-0 com.android.server.DropBoxManagerService took to complete: 0ms
01-28 02:25:39.055  1328  1328 D SystemServiceManager: onStartUser-0 com.android.server.AlarmManagerService took to complete: 0ms
01-28 02:25:39.055  1328  1328 D SystemServiceManager: onStartUser-0 com.android.server.BluetoothService took to complete: 0ms
01-28 02:25:39.055  1328  1328 D SystemServiceManager: onStartUser-0 com.android.server.connectivity.IpConnectivityMetrics took to complete: 0ms
01-28 02:25:39.055  1328  1328 D SystemServiceManager: onStartUser-0 com.android.server.net.watchlist.NetworkWatchlistService$Lifecycle took to complete: 0ms
01-28 02:25:39.055  1328  1328 D SystemServiceManager: onStartUser-0 com.android.server.PinnerService took to complete: 0ms
01-28 02:25:39.055  1328  1328 D SystemServiceManager: onStartUser-0 com.android.server.inputmethod.InputMethodManagerService$Lifecycle took to complete: 0ms
01-28 02:25:39.055  1328  1328 D SystemServiceManager: onStartUser-0 com.android.server.accessibility.AccessibilityManagerService$Lifecycle took to complete: 0ms
01-28 02:25:39.055  1328  1328 D SystemServiceManager: onStartUser-0 com.android.server.StorageManagerService$Lifecycle took to complete: 0ms
01-28 02:25:39.055  1328  1328 D SystemServiceManager: onStartUser-0 com.android.server.usage.StorageStatsService$Lifecycle took to complete: 0ms
01-28 02:25:39.055  1328  1328 D SystemServiceManager: onStartUser-0 com.android.server.UiModeManagerService took to complete: 0ms
01-28 02:25:39.056  1328  1328 D SystemServiceManager: onStartUser-0 com.android.server.locksettings.LockSettingsService$Lifecycle took to complete: 0ms
01-28 02:25:39.056  1328  1328 D SystemServiceManager: onStartUser-0 com.android.server.PersistentDataBlockService took to complete: 0ms
01-28 02:25:39.056  1328  1328 D SystemServiceManager: onStartUser-0 com.android.server.testharness.TestHarnessModeService took to complete: 0ms
01-28 02:25:39.056  1328  1328 D SystemServiceManager: onStartUser-0 com.android.server.oemlock.OemLockService took to complete: 0ms
01-28 02:25:39.056  1328  1328 D SystemServiceManager: onStartUser-0 com.android.server.DeviceIdleController took to complete: 0ms
01-28 02:25:39.056  1328  1328 D SystemServiceManager: onStartUser-0 com.android.server.devicepolicy.DevicePolicyManagerService$Lifecycle took to complete: 0ms
01-28 02:25:39.056  1328  1328 D SystemServiceManager: onStartUser-0 com.android.server.textservices.TextServicesManagerService$Lifecycle took to complete: 0ms
01-28 02:25:39.056  1328  1328 D SystemServiceManager: onStartUser-0 com.android.server.textclassifier.TextClassificationManagerService$Lifecycle took to complete: 1ms
01-28 02:25:39.056  1328  1328 D SystemServiceManager: onStartUser-0 com.android.server.NetworkScoreService$Lifecycle took to complete: 0ms
01-28 02:25:39.056  1328  1328 D SystemServiceManager: onStartUser-0 com.android.server.wifi.WifiService took to complete: 0ms
01-28 02:25:39.056  1328  1328 D SystemServiceManager: onStartUser-0 com.android.server.wifi.scanner.WifiScanningService took to complete: 0ms
01-28 02:25:39.057  1328  1328 D SystemServiceManager: onStartUser-0 com.android.server.wifi.p2p.WifiP2pService took to complete: 0ms
01-28 02:25:39.057  1328  1328 D SystemServiceManager: onStartUser-0 com.android.server.ethernet.EthernetService took to complete: 0ms
01-28 02:25:39.057  1328  1328 D SystemServiceManager: onStartUser-0 com.android.server.notification.NotificationManagerService took to complete: 0ms
01-28 02:25:39.057  1328  1328 D SystemServiceManager: onStartUser-0 com.android.server.storage.DeviceStorageMonitorService took to complete: 0ms
01-28 02:25:39.057  1328  1328 D SystemServiceManager: onStartUser-0 com.android.server.timedetector.TimeDetectorService$Lifecycle took to complete: 0ms
01-28 02:25:39.057  1328  1328 D SystemServiceManager: onStartUser-0 com.android.server.search.SearchManagerService$Lifecycle took to complete: 0ms
01-28 02:25:39.057  1328  1328 D SystemServiceManager: onStartUser-0 com.android.server.wallpaper.WallpaperManagerService$Lifecycle took to complete: 0ms
01-28 02:25:39.057  1328  1328 D SystemServiceManager: onStartUser-0 com.android.server.audio.AudioService$Lifecycle took to complete: 0ms
01-28 02:25:39.057  1328  1328 D SystemServiceManager: onStartUser-0 com.android.server.DockObserver took to complete: 0ms
01-28 02:25:39.058  1328  1328 D SystemServiceManager: onStartUser-0 com.android.server.midi.MidiService$Lifecycle took to complete: 0ms
01-28 02:25:39.058  1328  1328 D SystemServiceManager: onStartUser-0 com.android.server.adb.AdbService$Lifecycle took to complete: 0ms
01-28 02:25:39.058  1328  1328 D SystemServiceManager: onStartUser-0 com.android.server.usb.UsbService$Lifecycle took to complete: 0ms
01-28 02:25:39.058  1328  1328 D SystemServiceManager: onStartUser-0 com.android.server.twilight.TwilightService took to complete: 0ms
01-28 02:25:39.058  1328  1328 D SystemServiceManager: onStartUser-0 com.android.server.display.color.ColorDisplayService took to complete: 0ms
01-28 02:25:39.058  1328  1328 D SystemServiceManager: onStartUser-0 com.android.server.job.JobSchedulerService took to complete: 0ms
01-28 02:25:39.058  1328  1328 D SystemServiceManager: onStartUser-0 com.android.server.soundtrigger.SoundTriggerService took to complete: 0ms
01-28 02:25:39.058  1328  1328 D SystemServiceManager: onStartUser-0 com.android.server.trust.TrustManagerService took to complete: 0ms
01-28 02:25:39.058  1328  1328 D SystemServiceManager: onStartUser-0 com.android.server.backup.BackupManagerService$Lifecycle took to complete: 0ms
01-28 02:25:39.058  1328  1328 D SystemServiceManager: onStartUser-0 com.android.server.appwidget.AppWidgetService took to complete: 0ms
01-28 02:25:39.062  1328  1328 D SystemServiceManager: onStartUser-0 com.android.server.role.RoleManagerService took to complete: 4ms
01-28 02:25:39.063  1328  1328 W VoiceInteractionManagerService: no available voice interaction services found for user 0
01-28 02:25:39.063  1328  1328 W VoiceInteractionManagerService: no available voice recognition services found for user 0
01-28 02:25:39.063  1328  1328 D VoiceInteractionManagerService: initForUser(0) took to complete: 0ms
01-28 02:25:39.063  1328  1328 D SystemServiceManager: onStartUser-0 com.android.server.voiceinteraction.VoiceInteractionManagerService took to complete: 0ms
01-28 02:25:39.063  1328  1328 D SystemServiceManager: onStartUser-0 com.android.server.GestureLauncherService took to complete: 0ms
01-28 02:25:39.063  1328  1328 D SystemServiceManager: onStartUser-0 com.android.server.SensorNotificationService took to complete: 0ms
01-28 02:25:39.063  1328  1328 D SystemServiceManager: onStartUser-0 com.android.server.ContextHubSystemService took to complete: 0ms
01-28 02:25:39.063  1328  1328 D SystemServiceManager: onStartUser-0 com.android.server.emergency.EmergencyAffordanceService took to complete: 0ms
01-28 02:25:39.063  1328  1328 D SystemServiceManager: onStartUser-0 com.android.server.dreams.DreamManagerService took to complete: 0ms
01-28 02:25:39.063  1328  1328 D SystemServiceManager: onStartUser-0 com.android.server.print.PrintManagerService took to complete: 0ms
01-28 02:25:39.063  1328  1328 D SystemServiceManager: onStartUser-0 com.android.server.companion.CompanionDeviceManagerService took to complete: 0ms
01-28 02:25:39.063  1328  1328 D SystemServiceManager: onStartUser-0 com.android.server.restrictions.RestrictionsManagerService took to complete: 0ms
01-28 02:25:39.063  1328  1328 D SystemServiceManager: onStartUser-0 com.android.server.media.MediaSessionService took to complete: 1ms
01-28 02:25:39.063  1328  1328 D SystemServiceManager: onStartUser-0 com.android.server.media.MediaResourceMonitorService took to complete: 0ms
01-28 02:25:39.063  1328  1328 D SystemServiceManager: onStartUser-0 com.android.server.biometrics.fingerprint.FingerprintService took to complete: 0ms
01-28 02:25:39.063  1328  1328 D SystemServiceManager: onStartUser-0 com.android.server.biometrics.BiometricService took to complete: 0ms
01-28 02:25:39.063  1328  1328 D SystemServiceManager: onStartUser-0 com.android.server.pm.ShortcutService$Lifecycle took to complete: 0ms
01-28 02:25:39.063  1328  1328 D SystemServiceManager: onStartUser-0 com.android.server.pm.LauncherAppsService took to complete: 0ms
01-28 02:25:39.064  1328  1328 D SystemServiceManager: onStartUser-0 com.android.server.pm.CrossProfileAppsService took to complete: 0ms
01-28 02:25:39.064  1328  1328 D SystemServiceManager: onStartUser-0 com.android.server.media.projection.MediaProjectionManagerService took to complete: 0ms
01-28 02:25:39.064  1328  1328 D SystemServiceManager: onStartUser-0 com.android.server.slice.SliceManagerService$Lifecycle took to complete: 0ms
01-28 02:25:39.064  1328  1328 D SystemServiceManager: onStartUser-0 com.android.server.camera.CameraServiceProxy took to complete: 1ms
01-28 02:25:39.064  1328  1328 D SystemServiceManager: onStartUser-0 com.android.server.stats.StatsCompanionService$Lifecycle took to complete: 0ms
01-28 02:25:39.064  1328  1328 D SystemServiceManager: onStartUser-0 com.android.server.incident.IncidentCompanionService took to complete: 0ms
01-28 02:25:39.065  1328  1328 D SystemServiceManager: onStartUser-0 com.android.server.MmsServiceBroker took to complete: 0ms
01-28 02:25:39.065  1328  1328 D SystemServiceManager: onStartUser-0 com.android.server.autofill.AutofillManagerService took to complete: 0ms
01-28 02:25:39.065  1328  1328 D SystemServiceManager: onStartUser-0 com.android.server.clipboard.ClipboardService took to complete: 0ms
01-28 02:25:39.065  1328  1328 D SystemServiceManager: onStartUser-0 com.android.server.appbinding.AppBindingService$Lifecycle took to complete: 1ms
01-28 02:25:39.065  1328  1328 D SystemServiceManager: onStartUser-0 org.lineageos.platform.internal.ProfileManagerService took to complete: 0ms
01-28 02:25:39.066  1328  1328 D SystemServiceManager: onStartUser-0 org.lineageos.platform.internal.LineageHardwareService took to complete: 0ms
01-28 02:25:39.066  1328  1328 D SystemServiceManager: onStartUser-0 org.lineageos.platform.internal.PerformanceManagerService took to complete: 0ms
01-28 02:25:39.066  1328  1328 D SystemServiceManager: onStartUser-0 org.lineageos.platform.internal.display.LiveDisplayService took to complete: 0ms
01-28 02:25:39.066  1328  1328 D SystemServiceManager: onStartUser-0 org.lineageos.platform.internal.LineageAudioService took to complete: 0ms
01-28 02:25:39.066  1328  1328 D SystemServiceManager: onStartUser-0 org.lineageos.platform.internal.TrustInterfaceService took to complete: 0ms
01-28 02:25:39.066  1328  1328 D SystemServiceManager: onStartUser-0 org.lineageos.platform.internal.LineageSettingsService took to complete: 0ms
01-28 02:25:39.066  1328  1328 D SystemServiceManager: onStartUser-0 com.android.server.policy.PermissionPolicyService took to complete: 0ms
01-28 02:25:39.066  1328  1328 D SystemServiceManager: ssm.startUser-0 took to complete: 12ms
01-28 02:25:39.073  1328  1328 I ActivityTaskManager: START u0 {act=android.intent.action.MAIN cat=[android.intent.category.HOME] flg=0x10000100 cmp=com.android.settings/.FallbackHome} from uid 0
01-28 02:25:39.077  1910  1910 D SystemUIBootTiming: DependencyInjection took to complete: 22ms
01-28 02:25:39.105  1328  1450 W ActivityManager: Slow operation: 225ms so far, now at startProcess: returned from zygote!
01-28 02:25:39.120   691   691 I android.hardware.wifi@1.0-service: Adding interface handle for p2p0
01-28 02:25:39.121   691   691 I android.hardware.wifi@1.0-service: Adding interface handle for wlan1
01-28 02:25:39.121   691   691 I android.hardware.wifi@1.0-service: Adding interface handle for wlan0
01-28 02:25:39.121   691   691 W android.hardware.wifi@1.0-service: No active wlan interfaces in use! Using default
01-28 02:25:39.121   691   691 W android.hardware.wifi@1.0-service: No active wlan interfaces in use! Using default
01-28 02:25:39.124   691   691 I android.hardware.wifi@1.0-service: Configured chip in mode 3
01-28 02:25:39.124   691   691 W android.hardware.wifi@1.0-service: No active wlan interfaces in use! Using default
01-28 02:25:39.145   833   833 I wificond: create scanner for interface with index: 26
01-28 02:25:39.145   833   833 I wificond: subscribe scan result for interface with index: 26
01-28 02:25:39.150   833   833 E wificond: No Offload Service available
01-28 02:25:39.150   833   833 I wificond: Offload HAL not supported 
01-28 02:25:39.211  1328  1328 I ActivityTaskManager: Loaded persisted task ids for user 0
01-28 02:25:39.299  1328  1328 E Build   : Vendor interface is incompatible, error=1
01-28 02:25:39.299  1328  1328 E ActivityTaskManager: Build fingerprint is not consistent, warning user
01-28 02:25:39.301  1328  1328 D SystemServerTiming: ActivityManagerStartApps took to complete: 248ms
01-28 02:25:39.302  1328  1328 D SystemServerTiming: PhaseActivityManagerReady took to complete: 1013ms
01-28 02:25:39.304  1328  1450 W ActivityManager: Slow operation: 423ms so far, now at startProcess: done updating battery stats
01-28 02:25:39.304  1328  1328 D SystemServerInitThreadPool: Shutdown successful
01-28 02:25:39.304  1328  1328 D SystemServerTiming: StartServices took to complete: 5213ms
01-28 02:25:39.304  1328  1450 W ActivityManager: Slow operation: 423ms so far, now at startProcess: building log message
01-28 02:25:39.304  1328  1450 I ActivityManager: Start proc 1970:WebViewLoader-armeabi-v7a/1037 [android.webkit.WebViewLibraryLoader$RelroFileCreator] for null
01-28 02:25:39.304  1328  1450 W ActivityManager: Slow operation: 424ms so far, now at startProcess: starting to update pids map
01-28 02:25:39.304  1328  1450 W ActivityManager: Slow operation: 424ms so far, now at startProcess: done updating pids map
01-28 02:25:39.305  1328  1450 W ActivityManager: Slow operation: 423ms so far, now at startProcess: asking zygote to start proc
01-28 02:25:39.337  1328  1431 I DropBoxManagerService: add tag=system_server_strictmode isTagEnabled=true flags=0x2
01-28 02:25:39.341  1328  1450 W ActivityManager: Slow operation: 459ms so far, now at startProcess: returned from zygote!
01-28 02:25:39.344  1328  1431 I DropBoxManagerService: add tag=system_server_strictmode isTagEnabled=true flags=0x2
01-28 02:25:39.344  1328  1450 W ActivityManager: Slow operation: 462ms so far, now at startProcess: done updating battery stats
01-28 02:25:39.344  1328  1450 W ActivityManager: Slow operation: 463ms so far, now at startProcess: building log message
01-28 02:25:39.344  1328  1450 I ActivityManager: Start proc 2019:WebViewLoader-arm64-v8a/1037 [android.webkit.WebViewLibraryLoader$RelroFileCreator] for null
01-28 02:25:39.344  1328  1450 W ActivityManager: Slow operation: 463ms so far, now at startProcess: starting to update pids map
01-28 02:25:39.345  1328  1450 W ActivityManager: Slow operation: 463ms so far, now at startProcess: done updating pids map
01-28 02:25:39.345  1328  1450 W ActivityManager: Slow operation: 329ms so far, now at startProcess: asking zygote to start proc
01-28 02:25:39.345  1328  1430 W Looper  : Slow dispatch took 278ms android.ui h=com.android.server.am.ActivityManagerService$UiHandler c=null m=53
01-28 02:25:39.350  1328  1328 W Looper  : Slow delivery took 3253ms main h=android.app.ActivityThread$H c=null m=156
01-28 02:25:39.354  1328  1429 W Looper  : Slow dispatch took 303ms android.fg h=com.android.server.location.GnssLocationProvider$ProviderHandler c=null m=13
01-28 02:25:39.355  1328  1429 W Looper  : Slow delivery took 319ms android.fg h=com.android.server.location.GnssLocationProvider$ProviderHandler c=com.android.server.location.-$$Lambda$5U-_NhZgxqnYDZhpyacq4qBxh8k@54e2d03 m=0
01-28 02:25:39.356  1328  1429 W LocationProviderProxy: Odd, no component found for service com.android.location.service.v3.NetworkLocationProvider
01-28 02:25:39.356  1910  1910 D SystemUIBootTiming: StartServicescom.android.systemui.util.NotificationChannels took to complete: 9ms
01-28 02:25:39.357  1328  1431 I DropBoxManagerService: add tag=system_server_strictmode isTagEnabled=true flags=0x2
01-28 02:25:39.357  1910  1910 D SystemUIBootTiming: StartServicescom.android.systemui.statusbar.CommandQueue$CommandQueueStart took to complete: 2ms
01-28 02:25:39.358  1328  1429 W GeocoderProxy: Odd, no component found for service com.android.location.service.GeocodeProvider
01-28 02:25:39.362  1328  1429 W LocationProviderProxy: Odd, no component found for service com.android.location.service.v3.NetworkLocationProvider
01-28 02:25:39.363  1328  1429 W GeocoderProxy: Odd, no component found for service com.android.location.service.GeocodeProvider
01-28 02:25:39.364  1328  1429 W Looper  : Drained
01-28 02:25:39.368  1328  1431 I DropBoxManagerService: add tag=system_server_strictmode isTagEnabled=true flags=0x2
01-28 02:25:39.368  1328  1328 D ConditionProviders.SCP: onConnected
01-28 02:25:39.374  1328  1328 D ConditionProviders: Subscribing to condition://android/event?userId=-10000&calendar=&reply=1 with ComponentInfo{android/com.android.server.notification.EventConditionProvider}
01-28 02:25:39.374  1328  1450 W ActivityManager: Slow operation: 359ms so far, now at startProcess: returned from zygote!
01-28 02:25:39.374  1328  1328 D ConditionProviders: Subscribing to condition://android/schedule?days=1.2.3.4.5.6.7&start=22.0&end=7.0&exitAtAlarm=true with ComponentInfo{android/com.android.server.notification.ScheduleConditionProvider}
01-28 02:25:39.377  1328  1450 W ActivityManager: Slow operation: 361ms so far, now at startProcess: done updating battery stats
01-28 02:25:39.377  1328  1450 W ActivityManager: Slow operation: 361ms so far, now at startProcess: building log message
01-28 02:25:39.378  1328  1450 I ActivityManager: Start proc 2042:com.android.networkstack/1073 for service {com.android.networkstack/com.android.server.NetworkStackService}
01-28 02:25:39.378  1328  1450 W ActivityManager: Slow operation: 362ms so far, now at startProcess: starting to update pids map
01-28 02:25:39.378  1328  1450 W ActivityManager: Slow operation: 362ms so far, now at startProcess: done updating pids map
01-28 02:25:39.378  1328  1450 W ActivityManager: Slow operation: 311ms so far, now at startProcess: asking zygote to start proc
01-28 02:25:39.379  1328  1431 I DropBoxManagerService: add tag=system_server_strictmode isTagEnabled=true flags=0x2
01-28 02:25:39.388  1328  1328 V SettingsProvider: Notifying for 0: content://settings/secure/location_mode
01-28 02:25:39.388  1328  1328 V SettingsProvider: Notifying for 0: content://settings/global/location_global_kill_switch
01-28 02:25:39.462  1328  1450 W ActivityManager: Slow operation: 394ms so far, now at startProcess: returned from zygote!
01-28 02:25:39.462  1328  1450 W ActivityManager: Slow operation: 396ms so far, now at startProcess: done updating battery stats
01-28 02:25:39.463  1328  1450 W ActivityManager: Slow operation: 396ms so far, now at startProcess: building log message
01-28 02:25:39.463  1328  1450 I ActivityManager: Start proc 2063:.dataservices/1001 for added application .dataservices
01-28 02:25:39.463  1328  1450 W ActivityManager: Slow operation: 396ms so far, now at startProcess: starting to update pids map
01-28 02:25:39.465  1328  1430 W Looper  : Slow dispatch took 119ms android.ui h=com.android.server.wm.ActivityTaskManagerService$UiHandler c=com.android.server.wm.-$$Lambda$ActivityTaskManagerService$LocalService$xIfx_hFO4SXy-Nq34zoEHe3S9eU@591759 m=0
01-28 02:25:39.466  1328  1450 W ActivityManager: Slow operation: 400ms so far, now at startProcess: done updating pids map
